Archive member included to satisfy reference by file (symbol)

/usr/lib/gcc/arm-none-eabi/4.9.3/../../../arm-none-eabi/lib/armv7-m/libc.a(lib_a-atexit.o)
                              /usr/lib/gcc/arm-none-eabi/4.9.3/../../../arm-none-eabi/lib/armv7-m/crt0.o (atexit)
/usr/lib/gcc/arm-none-eabi/4.9.3/../../../arm-none-eabi/lib/armv7-m/libc.a(lib_a-exit.o)
                              /usr/lib/gcc/arm-none-eabi/4.9.3/../../../arm-none-eabi/lib/armv7-m/crt0.o (exit)
/usr/lib/gcc/arm-none-eabi/4.9.3/../../../arm-none-eabi/lib/armv7-m/libc.a(lib_a-fini.o)
                              /usr/lib/gcc/arm-none-eabi/4.9.3/../../../arm-none-eabi/lib/armv7-m/crt0.o (__libc_fini_array)
/usr/lib/gcc/arm-none-eabi/4.9.3/../../../arm-none-eabi/lib/armv7-m/libc.a(lib_a-impure.o)
                              /usr/lib/gcc/arm-none-eabi/4.9.3/../../../arm-none-eabi/lib/armv7-m/libc.a(lib_a-exit.o) (_global_impure_ptr)
/usr/lib/gcc/arm-none-eabi/4.9.3/../../../arm-none-eabi/lib/armv7-m/libc.a(lib_a-init.o)
                              /usr/lib/gcc/arm-none-eabi/4.9.3/../../../arm-none-eabi/lib/armv7-m/crt0.o (__libc_init_array)
/usr/lib/gcc/arm-none-eabi/4.9.3/../../../arm-none-eabi/lib/armv7-m/libc.a(lib_a-memset.o)
                              /usr/lib/gcc/arm-none-eabi/4.9.3/../../../arm-none-eabi/lib/armv7-m/crt0.o (memset)
/usr/lib/gcc/arm-none-eabi/4.9.3/../../../arm-none-eabi/lib/armv7-m/libc.a(lib_a-__atexit.o)
                              /usr/lib/gcc/arm-none-eabi/4.9.3/../../../arm-none-eabi/lib/armv7-m/libc.a(lib_a-atexit.o) (__register_exitproc)
/usr/lib/gcc/arm-none-eabi/4.9.3/../../../arm-none-eabi/lib/armv7-m/libc.a(lib_a-__call_atexit.o)
                              /usr/lib/gcc/arm-none-eabi/4.9.3/../../../arm-none-eabi/lib/armv7-m/libc.a(lib_a-exit.o) (__call_exitprocs)
/usr/lib/gcc/arm-none-eabi/4.9.3/../../../arm-none-eabi/lib/armv7-m/libc.a(lib_a-memcpy.o)
                              ../common/usb_serial.o (memcpy)
/usr/lib/gcc/arm-none-eabi/4.9.3/../../../arm-none-eabi/lib/armv7-m/libnosys.a(_exit.o)
                              /usr/lib/gcc/arm-none-eabi/4.9.3/../../../arm-none-eabi/lib/armv7-m/libc.a(lib_a-exit.o) (_exit)

Discarded input sections

 .text          0x0000000000000000        0x0 /usr/lib/gcc/arm-none-eabi/4.9.3/armv7-m/crti.o
 .data          0x0000000000000000        0x0 /usr/lib/gcc/arm-none-eabi/4.9.3/armv7-m/crti.o
 .bss           0x0000000000000000        0x0 /usr/lib/gcc/arm-none-eabi/4.9.3/armv7-m/crti.o
 .data          0x0000000000000000        0x4 /usr/lib/gcc/arm-none-eabi/4.9.3/armv7-m/crtbegin.o
 .text          0x0000000000000000       0x68 /usr/lib/gcc/arm-none-eabi/4.9.3/../../../arm-none-eabi/lib/armv7-m/crt0.o
 .data          0x0000000000000000        0x0 /usr/lib/gcc/arm-none-eabi/4.9.3/../../../arm-none-eabi/lib/armv7-m/crt0.o
 .bss           0x0000000000000000        0x0 /usr/lib/gcc/arm-none-eabi/4.9.3/../../../arm-none-eabi/lib/armv7-m/crt0.o
 .ARM.extab     0x0000000000000000        0x0 /usr/lib/gcc/arm-none-eabi/4.9.3/../../../arm-none-eabi/lib/armv7-m/crt0.o
 .ARM.exidx     0x0000000000000000        0x8 /usr/lib/gcc/arm-none-eabi/4.9.3/../../../arm-none-eabi/lib/armv7-m/crt0.o
 .debug_line    0x0000000000000000       0x7b /usr/lib/gcc/arm-none-eabi/4.9.3/../../../arm-none-eabi/lib/armv7-m/crt0.o
 .debug_info    0x0000000000000000       0xa8 /usr/lib/gcc/arm-none-eabi/4.9.3/../../../arm-none-eabi/lib/armv7-m/crt0.o
 .debug_abbrev  0x0000000000000000       0x14 /usr/lib/gcc/arm-none-eabi/4.9.3/../../../arm-none-eabi/lib/armv7-m/crt0.o
 .debug_aranges
                0x0000000000000000       0x20 /usr/lib/gcc/arm-none-eabi/4.9.3/../../../arm-none-eabi/lib/armv7-m/crt0.o
 .ARM.attributes
                0x0000000000000000       0x1b /usr/lib/gcc/arm-none-eabi/4.9.3/../../../arm-none-eabi/lib/armv7-m/crt0.o
 .text          0x0000000000000000        0x0 /usr/lib/gcc/arm-none-eabi/4.9.3/../../../arm-none-eabi/lib/armv7-m/libc.a(lib_a-atexit.o)
 .data          0x0000000000000000        0x0 /usr/lib/gcc/arm-none-eabi/4.9.3/../../../arm-none-eabi/lib/armv7-m/libc.a(lib_a-atexit.o)
 .bss           0x0000000000000000        0x0 /usr/lib/gcc/arm-none-eabi/4.9.3/../../../arm-none-eabi/lib/armv7-m/libc.a(lib_a-atexit.o)
 .text          0x0000000000000000        0x0 /usr/lib/gcc/arm-none-eabi/4.9.3/../../../arm-none-eabi/lib/armv7-m/libc.a(lib_a-exit.o)
 .data          0x0000000000000000        0x0 /usr/lib/gcc/arm-none-eabi/4.9.3/../../../arm-none-eabi/lib/armv7-m/libc.a(lib_a-exit.o)
 .bss           0x0000000000000000        0x0 /usr/lib/gcc/arm-none-eabi/4.9.3/../../../arm-none-eabi/lib/armv7-m/libc.a(lib_a-exit.o)
 .text.exit     0x0000000000000000       0x20 /usr/lib/gcc/arm-none-eabi/4.9.3/../../../arm-none-eabi/lib/armv7-m/libc.a(lib_a-exit.o)
 .debug_info    0x0000000000000000      0x8e4 /usr/lib/gcc/arm-none-eabi/4.9.3/../../../arm-none-eabi/lib/armv7-m/libc.a(lib_a-exit.o)
 .debug_abbrev  0x0000000000000000      0x1e6 /usr/lib/gcc/arm-none-eabi/4.9.3/../../../arm-none-eabi/lib/armv7-m/libc.a(lib_a-exit.o)
 .debug_loc     0x0000000000000000       0x1e /usr/lib/gcc/arm-none-eabi/4.9.3/../../../arm-none-eabi/lib/armv7-m/libc.a(lib_a-exit.o)
 .debug_aranges
                0x0000000000000000       0x20 /usr/lib/gcc/arm-none-eabi/4.9.3/../../../arm-none-eabi/lib/armv7-m/libc.a(lib_a-exit.o)
 .debug_ranges  0x0000000000000000       0x10 /usr/lib/gcc/arm-none-eabi/4.9.3/../../../arm-none-eabi/lib/armv7-m/libc.a(lib_a-exit.o)
 .debug_line    0x0000000000000000      0x175 /usr/lib/gcc/arm-none-eabi/4.9.3/../../../arm-none-eabi/lib/armv7-m/libc.a(lib_a-exit.o)
 .debug_str     0x0000000000000000      0x595 /usr/lib/gcc/arm-none-eabi/4.9.3/../../../arm-none-eabi/lib/armv7-m/libc.a(lib_a-exit.o)
 .comment       0x0000000000000000       0x39 /usr/lib/gcc/arm-none-eabi/4.9.3/../../../arm-none-eabi/lib/armv7-m/libc.a(lib_a-exit.o)
 .debug_frame   0x0000000000000000       0x28 /usr/lib/gcc/arm-none-eabi/4.9.3/../../../arm-none-eabi/lib/armv7-m/libc.a(lib_a-exit.o)
 .ARM.attributes
                0x0000000000000000       0x2d /usr/lib/gcc/arm-none-eabi/4.9.3/../../../arm-none-eabi/lib/armv7-m/libc.a(lib_a-exit.o)
 .text          0x0000000000000000        0x0 /usr/lib/gcc/arm-none-eabi/4.9.3/../../../arm-none-eabi/lib/armv7-m/libc.a(lib_a-fini.o)
 .data          0x0000000000000000        0x0 /usr/lib/gcc/arm-none-eabi/4.9.3/../../../arm-none-eabi/lib/armv7-m/libc.a(lib_a-fini.o)
 .bss           0x0000000000000000        0x0 /usr/lib/gcc/arm-none-eabi/4.9.3/../../../arm-none-eabi/lib/armv7-m/libc.a(lib_a-fini.o)
 .text          0x0000000000000000        0x0 /usr/lib/gcc/arm-none-eabi/4.9.3/../../../arm-none-eabi/lib/armv7-m/libc.a(lib_a-impure.o)
 .data          0x0000000000000000        0x0 /usr/lib/gcc/arm-none-eabi/4.9.3/../../../arm-none-eabi/lib/armv7-m/libc.a(lib_a-impure.o)
 .bss           0x0000000000000000        0x0 /usr/lib/gcc/arm-none-eabi/4.9.3/../../../arm-none-eabi/lib/armv7-m/libc.a(lib_a-impure.o)
 .data._impure_ptr
                0x0000000000000000        0x4 /usr/lib/gcc/arm-none-eabi/4.9.3/../../../arm-none-eabi/lib/armv7-m/libc.a(lib_a-impure.o)
 .text          0x0000000000000000        0x0 /usr/lib/gcc/arm-none-eabi/4.9.3/../../../arm-none-eabi/lib/armv7-m/libc.a(lib_a-init.o)
 .data          0x0000000000000000        0x0 /usr/lib/gcc/arm-none-eabi/4.9.3/../../../arm-none-eabi/lib/armv7-m/libc.a(lib_a-init.o)
 .bss           0x0000000000000000        0x0 /usr/lib/gcc/arm-none-eabi/4.9.3/../../../arm-none-eabi/lib/armv7-m/libc.a(lib_a-init.o)
 .text          0x0000000000000000        0x0 /usr/lib/gcc/arm-none-eabi/4.9.3/../../../arm-none-eabi/lib/armv7-m/libc.a(lib_a-memset.o)
 .data          0x0000000000000000        0x0 /usr/lib/gcc/arm-none-eabi/4.9.3/../../../arm-none-eabi/lib/armv7-m/libc.a(lib_a-memset.o)
 .bss           0x0000000000000000        0x0 /usr/lib/gcc/arm-none-eabi/4.9.3/../../../arm-none-eabi/lib/armv7-m/libc.a(lib_a-memset.o)
 .text.memset   0x0000000000000000       0x9c /usr/lib/gcc/arm-none-eabi/4.9.3/../../../arm-none-eabi/lib/armv7-m/libc.a(lib_a-memset.o)
 .debug_info    0x0000000000000000      0x117 /usr/lib/gcc/arm-none-eabi/4.9.3/../../../arm-none-eabi/lib/armv7-m/libc.a(lib_a-memset.o)
 .debug_abbrev  0x0000000000000000       0x9f /usr/lib/gcc/arm-none-eabi/4.9.3/../../../arm-none-eabi/lib/armv7-m/libc.a(lib_a-memset.o)
 .debug_loc     0x0000000000000000      0x1ae /usr/lib/gcc/arm-none-eabi/4.9.3/../../../arm-none-eabi/lib/armv7-m/libc.a(lib_a-memset.o)
 .debug_aranges
                0x0000000000000000       0x20 /usr/lib/gcc/arm-none-eabi/4.9.3/../../../arm-none-eabi/lib/armv7-m/libc.a(lib_a-memset.o)
 .debug_ranges  0x0000000000000000       0x10 /usr/lib/gcc/arm-none-eabi/4.9.3/../../../arm-none-eabi/lib/armv7-m/libc.a(lib_a-memset.o)
 .debug_line    0x0000000000000000      0x119 /usr/lib/gcc/arm-none-eabi/4.9.3/../../../arm-none-eabi/lib/armv7-m/libc.a(lib_a-memset.o)
 .debug_str     0x0000000000000000      0x1cf /usr/lib/gcc/arm-none-eabi/4.9.3/../../../arm-none-eabi/lib/armv7-m/libc.a(lib_a-memset.o)
 .comment       0x0000000000000000       0x39 /usr/lib/gcc/arm-none-eabi/4.9.3/../../../arm-none-eabi/lib/armv7-m/libc.a(lib_a-memset.o)
 .debug_frame   0x0000000000000000       0x34 /usr/lib/gcc/arm-none-eabi/4.9.3/../../../arm-none-eabi/lib/armv7-m/libc.a(lib_a-memset.o)
 .ARM.attributes
                0x0000000000000000       0x2d /usr/lib/gcc/arm-none-eabi/4.9.3/../../../arm-none-eabi/lib/armv7-m/libc.a(lib_a-memset.o)
 .text          0x0000000000000000        0x0 /usr/lib/gcc/arm-none-eabi/4.9.3/../../../arm-none-eabi/lib/armv7-m/libc.a(lib_a-__atexit.o)
 .data          0x0000000000000000        0x0 /usr/lib/gcc/arm-none-eabi/4.9.3/../../../arm-none-eabi/lib/armv7-m/libc.a(lib_a-__atexit.o)
 .bss           0x0000000000000000        0x0 /usr/lib/gcc/arm-none-eabi/4.9.3/../../../arm-none-eabi/lib/armv7-m/libc.a(lib_a-__atexit.o)
 .text          0x0000000000000000        0x0 /usr/lib/gcc/arm-none-eabi/4.9.3/../../../arm-none-eabi/lib/armv7-m/libc.a(lib_a-__call_atexit.o)
 .data          0x0000000000000000        0x0 /usr/lib/gcc/arm-none-eabi/4.9.3/../../../arm-none-eabi/lib/armv7-m/libc.a(lib_a-__call_atexit.o)
 .bss           0x0000000000000000        0x0 /usr/lib/gcc/arm-none-eabi/4.9.3/../../../arm-none-eabi/lib/armv7-m/libc.a(lib_a-__call_atexit.o)
 .text.__call_exitprocs
                0x0000000000000000       0xd4 /usr/lib/gcc/arm-none-eabi/4.9.3/../../../arm-none-eabi/lib/armv7-m/libc.a(lib_a-__call_atexit.o)
 .text          0x0000000000000000        0x0 usb_test.o
 .data          0x0000000000000000        0x4 usb_test.o
 .bss           0x0000000000000000        0x0 usb_test.o
 .text          0x0000000000000000        0x0 ../common/usb_serial.o
 .text          0x0000000000000000        0x0 ../common/serial_fifo.o
 .data          0x0000000000000000        0x0 ../common/serial_fifo.o
 .bss           0x0000000000000000        0x0 ../common/serial_fifo.o
 .text          0x0000000000000000        0x0 ../common/LPC17xx_Startup.o
 .data          0x0000000000000000        0x0 ../common/LPC17xx_Startup.o
 .bss           0x0000000000000000        0x0 ../common/LPC17xx_Startup.o
 .text          0x0000000000000000        0x0 ../common/LPC17xx_Interrupts.o
 .data          0x0000000000000000        0x0 ../common/LPC17xx_Interrupts.o
 .bss           0x0000000000000000        0x0 ../common/LPC17xx_Interrupts.o
 .text          0x0000000000000000        0x0 ../common/ubertooth.o
 .data          0x0000000000000000        0x4 ../common/ubertooth.o
 .text.wait     0x0000000000000000       0x24 ../common/ubertooth.o
 .text.wait_ms  0x0000000000000000       0x20 ../common/ubertooth.o
 .text.rbit     0x0000000000000000       0x24 ../common/ubertooth.o
 .text.dio_ssp_init
                0x0000000000000000       0x70 ../common/ubertooth.o
 .text.cc2400_get8
                0x0000000000000000       0x34 ../common/ubertooth.o
 .text.cc2400_set8
                0x0000000000000000       0x28 ../common/ubertooth.o
 .text.cc2400_spi_buf
                0x0000000000000000       0xec ../common/ubertooth.o
 .text.reset    0x0000000000000000       0x3c ../common/ubertooth.o
 .text.cc2400_tune_rx
                0x0000000000000000       0x20 ../common/ubertooth.o
 .text.cc2400_tune_tx
                0x0000000000000000       0x1c ../common/ubertooth.o
 .text.cc2400_hop_rx
                0x0000000000000000       0x5c ../common/ubertooth.o
 .text.cc2400_hop_tx
                0x0000000000000000       0x5c ../common/ubertooth.o
 .text          0x0000000000000000        0x0 ../common/lpcusb/target/usbcontrol.o
 .data          0x0000000000000000        0x0 ../common/lpcusb/target/usbcontrol.o
 .text          0x0000000000000000        0x0 ../common/lpcusb/target/usbinit.o
 .data          0x0000000000000000        0x0 ../common/lpcusb/target/usbinit.o
 .text          0x0000000000000000        0x0 ../common/lpcusb/target/usbhw_lpc.o
 .data          0x0000000000000000        0x0 ../common/lpcusb/target/usbhw_lpc.o
 .text.fast_wait
                0x0000000000000000       0x24 ../common/lpcusb/target/usbhw_lpc.o
 .text.USBHwISOCEPRead
                0x0000000000000000       0xe4 ../common/lpcusb/target/usbhw_lpc.o
 .text.USBSetupDMADescriptor
                0x0000000000000000       0xa8 ../common/lpcusb/target/usbhw_lpc.o
 .text.USBDisableDMAForEndpoint
                0x0000000000000000       0x38 ../common/lpcusb/target/usbhw_lpc.o
 .text.USBEnableDMAForEndpoint
                0x0000000000000000       0x38 ../common/lpcusb/target/usbhw_lpc.o
 .text.USBInitializeISOCFrameArray
                0x0000000000000000       0x58 ../common/lpcusb/target/usbhw_lpc.o
 .text.USBSetHeadDDForDMA
                0x0000000000000000       0x34 ../common/lpcusb/target/usbhw_lpc.o
 .text.USBInitializeUSBDMA
                0x0000000000000000       0x3c ../common/lpcusb/target/usbhw_lpc.o
 .text          0x0000000000000000        0x0 ../common/lpcusb/target/usbstdreq.o
 .text.USBRegisterWinusbInterface
                0x0000000000000000       0x78 ../common/lpcusb/target/usbstdreq.o
 .text.USBRegisterCustomReqHandler
                0x0000000000000000       0x1c ../common/lpcusb/target/usbstdreq.o
 .data          0x0000000000000000        0x0 /usr/lib/gcc/arm-none-eabi/4.9.3/../../../arm-none-eabi/lib/armv7-m/libc.a(lib_a-memcpy.o)
 .bss           0x0000000000000000        0x0 /usr/lib/gcc/arm-none-eabi/4.9.3/../../../arm-none-eabi/lib/armv7-m/libc.a(lib_a-memcpy.o)
 .text          0x0000000000000000        0x0 /usr/lib/gcc/arm-none-eabi/4.9.3/armv7-m/crtend.o
 .data          0x0000000000000000        0x0 /usr/lib/gcc/arm-none-eabi/4.9.3/armv7-m/crtend.o
 .bss           0x0000000000000000        0x0 /usr/lib/gcc/arm-none-eabi/4.9.3/armv7-m/crtend.o
 .eh_frame      0x0000000000000000        0x4 /usr/lib/gcc/arm-none-eabi/4.9.3/armv7-m/crtend.o
 .jcr           0x0000000000000000        0x4 /usr/lib/gcc/arm-none-eabi/4.9.3/armv7-m/crtend.o
 .text          0x0000000000000000        0x0 /usr/lib/gcc/arm-none-eabi/4.9.3/armv7-m/crtn.o
 .data          0x0000000000000000        0x0 /usr/lib/gcc/arm-none-eabi/4.9.3/armv7-m/crtn.o
 .bss           0x0000000000000000        0x0 /usr/lib/gcc/arm-none-eabi/4.9.3/armv7-m/crtn.o
 .text          0x0000000000000000        0x0 /usr/lib/gcc/arm-none-eabi/4.9.3/../../../arm-none-eabi/lib/armv7-m/libnosys.a(_exit.o)
 .data          0x0000000000000000        0x0 /usr/lib/gcc/arm-none-eabi/4.9.3/../../../arm-none-eabi/lib/armv7-m/libnosys.a(_exit.o)
 .bss           0x0000000000000000        0x0 /usr/lib/gcc/arm-none-eabi/4.9.3/../../../arm-none-eabi/lib/armv7-m/libnosys.a(_exit.o)
 .text._exit    0x0000000000000000        0x4 /usr/lib/gcc/arm-none-eabi/4.9.3/../../../arm-none-eabi/lib/armv7-m/libnosys.a(_exit.o)
 .debug_info    0x0000000000000000       0x58 /usr/lib/gcc/arm-none-eabi/4.9.3/../../../arm-none-eabi/lib/armv7-m/libnosys.a(_exit.o)
 .debug_abbrev  0x0000000000000000       0x55 /usr/lib/gcc/arm-none-eabi/4.9.3/../../../arm-none-eabi/lib/armv7-m/libnosys.a(_exit.o)
 .debug_aranges
                0x0000000000000000       0x20 /usr/lib/gcc/arm-none-eabi/4.9.3/../../../arm-none-eabi/lib/armv7-m/libnosys.a(_exit.o)
 .debug_ranges  0x0000000000000000       0x10 /usr/lib/gcc/arm-none-eabi/4.9.3/../../../arm-none-eabi/lib/armv7-m/libnosys.a(_exit.o)
 .debug_line    0x0000000000000000       0x5d /usr/lib/gcc/arm-none-eabi/4.9.3/../../../arm-none-eabi/lib/armv7-m/libnosys.a(_exit.o)
 .debug_str     0x0000000000000000      0x102 /usr/lib/gcc/arm-none-eabi/4.9.3/../../../arm-none-eabi/lib/armv7-m/libnosys.a(_exit.o)
 .comment       0x0000000000000000       0x39 /usr/lib/gcc/arm-none-eabi/4.9.3/../../../arm-none-eabi/lib/armv7-m/libnosys.a(_exit.o)
 .debug_frame   0x0000000000000000       0x20 /usr/lib/gcc/arm-none-eabi/4.9.3/../../../arm-none-eabi/lib/armv7-m/libnosys.a(_exit.o)
 .ARM.attributes
                0x0000000000000000       0x2d /usr/lib/gcc/arm-none-eabi/4.9.3/../../../arm-none-eabi/lib/armv7-m/libnosys.a(_exit.o)

Memory Configuration

Name             Origin             Length             Attributes
rom              0x0000000000004000 0x000000000001c000 xr
ram              0x0000000010000000 0x0000000000004000 xrw
*default*        0x0000000000000000 0xffffffffffffffff

Linker script and memory map

LOAD /usr/lib/gcc/arm-none-eabi/4.9.3/armv7-m/crti.o
LOAD /usr/lib/gcc/arm-none-eabi/4.9.3/armv7-m/crtbegin.o
LOAD /usr/lib/gcc/arm-none-eabi/4.9.3/../../../arm-none-eabi/lib/armv7-m/crt0.o
START GROUP
LOAD /usr/lib/gcc/arm-none-eabi/4.9.3/../../../arm-none-eabi/lib/armv7-m/libc.a
LOAD /usr/lib/gcc/arm-none-eabi/4.9.3/../../../arm-none-eabi/lib/armv7-m/libg.a
LOAD /usr/lib/gcc/arm-none-eabi/4.9.3/armv7-m/libgcc.a
LOAD /usr/lib/gcc/arm-none-eabi/4.9.3/../../../arm-none-eabi/lib/armv7-m/libm.a
END GROUP
LOAD usb_test.o
LOAD ../common/usb_serial.o
LOAD ../common/serial_fifo.o
LOAD ../common/LPC17xx_Startup.o
LOAD ../common/LPC17xx_Interrupts.o
LOAD ../common/ubertooth.o
LOAD ../common/lpcusb/target/usbcontrol.o
LOAD ../common/lpcusb/target/usbinit.o
LOAD ../common/lpcusb/target/usbhw_lpc.o
LOAD ../common/lpcusb/target/usbstdreq.o
START GROUP
LOAD /usr/lib/gcc/arm-none-eabi/4.9.3/armv7-m/libgcc.a
LOAD /usr/lib/gcc/arm-none-eabi/4.9.3/../../../arm-none-eabi/lib/armv7-m/libc.a
END GROUP
LOAD /usr/lib/gcc/arm-none-eabi/4.9.3/armv7-m/crtend.o
LOAD /usr/lib/gcc/arm-none-eabi/4.9.3/armv7-m/crtn.o
START GROUP
LOAD /usr/lib/gcc/arm-none-eabi/4.9.3/armv7-m/libgcc.a
LOAD /usr/lib/gcc/arm-none-eabi/4.9.3/../../../arm-none-eabi/lib/armv7-m/libc.a
LOAD /usr/lib/gcc/arm-none-eabi/4.9.3/../../../arm-none-eabi/lib/armv7-m/libm.a
LOAD /usr/lib/gcc/arm-none-eabi/4.9.3/../../../arm-none-eabi/lib/armv7-m/libnosys.a
END GROUP

.text           0x0000000000004000     0x1e40
                0x0000000000004000                . = ALIGN (0x400)
                0x0000000000004000                _interrupt_vector_table = .
 *(.irq_handler_table)
 .irq_handler_table
                0x0000000000004000       0xcc ../common/LPC17xx_Interrupts.o
                0x0000000000004000                _NVIC_Handler_Functions
 *(.text .text.* .gnu.linkonce.t.*)
 .text          0x00000000000040cc       0xa4 /usr/lib/gcc/arm-none-eabi/4.9.3/armv7-m/crtbegin.o
 .text.atexit   0x0000000000004170        0xc /usr/lib/gcc/arm-none-eabi/4.9.3/../../../arm-none-eabi/lib/armv7-m/libc.a(lib_a-atexit.o)
                0x0000000000004170                atexit
 .text.__libc_fini_array
                0x000000000000417c       0x2c /usr/lib/gcc/arm-none-eabi/4.9.3/../../../arm-none-eabi/lib/armv7-m/libc.a(lib_a-fini.o)
                0x000000000000417c                __libc_fini_array
 .text.__libc_init_array
                0x00000000000041a8       0x50 /usr/lib/gcc/arm-none-eabi/4.9.3/../../../arm-none-eabi/lib/armv7-m/libc.a(lib_a-init.o)
                0x00000000000041a8                __libc_init_array
 .text.__register_exitproc
                0x00000000000041f8       0xa4 /usr/lib/gcc/arm-none-eabi/4.9.3/../../../arm-none-eabi/lib/armv7-m/libc.a(lib_a-__atexit.o)
                0x00000000000041f8                __register_exitproc
 .text.startup.register_fini
                0x000000000000429c       0x14 /usr/lib/gcc/arm-none-eabi/4.9.3/../../../arm-none-eabi/lib/armv7-m/libc.a(lib_a-__call_atexit.o)
 .text.main     0x00000000000042b0       0x4c usb_test.o
                0x00000000000042b0                main
 .text.HandleClassRequest
                0x00000000000042fc       0x54 ../common/usb_serial.o
 .text.BulkOut  0x0000000000004350       0x68 ../common/usb_serial.o
 .text.SendNextBulkIn
                0x00000000000043b8       0x88 ../common/usb_serial.o
 .text.BulkIn   0x0000000000004440       0x20 ../common/usb_serial.o
 .text.USBFrameHandler
                0x0000000000004460       0x34 ../common/usb_serial.o
 .text.USBDevIntHandler
                0x0000000000004494       0x28 ../common/usb_serial.o
 .text.VCOM_init
                0x00000000000044bc       0x3c ../common/usb_serial.o
                0x00000000000044bc                VCOM_init
 .text.VCOM_putchar
                0x00000000000044f8       0x30 ../common/usb_serial.o
                0x00000000000044f8                VCOM_putchar
 .text.VCOM_getchar
                0x0000000000004528       0x2c ../common/usb_serial.o
                0x0000000000004528                VCOM_getchar
 .text.USB_IRQHandler
                0x0000000000004554        0xc ../common/usb_serial.o
                0x0000000000004554                USB_IRQHandler
 .text.usb_serial_init
                0x0000000000004560       0x74 ../common/usb_serial.o
                0x0000000000004560                usb_serial_init
 .text.fifo_init
                0x00000000000045d4       0x28 ../common/serial_fifo.o
                0x00000000000045d4                fifo_init
 .text.fifo_put
                0x00000000000045fc       0x58 ../common/serial_fifo.o
                0x00000000000045fc                fifo_put
 .text.fifo_get
                0x0000000000004654       0x5c ../common/serial_fifo.o
                0x0000000000004654                fifo_get
 .text.fifo_avail
                0x00000000000046b0       0x38 ../common/serial_fifo.o
                0x00000000000046b0                fifo_avail
 .text.fifo_free
                0x00000000000046e8       0x1c ../common/serial_fifo.o
                0x00000000000046e8                fifo_free
 .text.Reset_Handler
                0x0000000000004704       0x6c ../common/LPC17xx_Startup.o
                0x0000000000004704                Reset_Handler
 .text.Default_Handler
                0x0000000000004770        0x8 ../common/LPC17xx_Interrupts.o
                0x0000000000004770                TIMER2_IRQHandler
                0x0000000000004770                DebugMon_Handler
                0x0000000000004770                RIT_IRQHandler
                0x0000000000004770                I2C0_IRQHandler
                0x0000000000004770                HardFault_Handler
                0x0000000000004770                SysTick_Handler
                0x0000000000004770                PWM1_IRQHandler
                0x0000000000004770                PendSV_Handler
                0x0000000000004770                NMI_Handler
                0x0000000000004770                I2C1_IRQHandler
                0x0000000000004770                EINT2_IRQHandler
                0x0000000000004770                UART1_IRQHandler
                0x0000000000004770                EINT3_IRQHandler
                0x0000000000004770                TIMER3_IRQHandler
                0x0000000000004770                UART0_IRQHandler
                0x0000000000004770                MemManagement_Handler
                0x0000000000004770                UsageFault_Handler
                0x0000000000004770                PLL0_IRQHandler
                0x0000000000004770                CAN_IRQHandler
                0x0000000000004770                PLL1_IRQHandler
                0x0000000000004770                SSP0_IRQHandler
                0x0000000000004770                I2S_IRQHandler
                0x0000000000004770                I2C2_IRQHandler
                0x0000000000004770                RTC_IRQHandler
                0x0000000000004770                TIMER0_IRQHandler
                0x0000000000004770                SPI_IRQHandler
                0x0000000000004770                EINT1_IRQHandler
                0x0000000000004770                TIMER1_IRQHandler
                0x0000000000004770                UART2_IRQHandler
                0x0000000000004770                ADC_IRQHandler
                0x0000000000004770                SSP1_IRQHandler
                0x0000000000004770                BOD_IRQHandler
                0x0000000000004770                WDT_IRQHandler
                0x0000000000004770                SVC_Handler
                0x0000000000004770                QEI_IRQHandler
                0x0000000000004770                EINT0_IRQHandler
                0x0000000000004770                USBACT_IRQHandler
                0x0000000000004770                CANACT_IRQHandler
                0x0000000000004770                DMA_IRQHandler
                0x0000000000004770                BusFault_Handler
                0x0000000000004770                UART3_IRQHandler
                0x0000000000004770                MCPWM_IRQHandler
                0x0000000000004770                ENET_IRQHandler
 .text.wait_us  0x0000000000004778       0x4c ../common/ubertooth.o
                0x0000000000004778                wait_us
 .text.gpio_init
                0x00000000000047c4       0x74 ../common/ubertooth.o
                0x00000000000047c4                gpio_init
 .text.all_pins_off
                0x0000000000004838      0x108 ../common/ubertooth.o
                0x0000000000004838                all_pins_off
 .text.ubertooth_init
                0x0000000000004940       0x14 ../common/ubertooth.o
                0x0000000000004940                ubertooth_init
 .text.atest_init
                0x0000000000004954       0x48 ../common/ubertooth.o
                0x0000000000004954                atest_init
 .text.cc2400_init
                0x000000000000499c       0x38 ../common/ubertooth.o
                0x000000000000499c                cc2400_init
 .text.cc2400_spi
                0x00000000000049d4       0x88 ../common/ubertooth.o
                0x00000000000049d4                cc2400_spi
 .text.cc2400_get
                0x0000000000004a5c       0x2c ../common/ubertooth.o
                0x0000000000004a5c                cc2400_get
 .text.cc2400_set
                0x0000000000004a88       0x28 ../common/ubertooth.o
                0x0000000000004a88                cc2400_set
 .text.cc2400_status
                0x0000000000004ab0       0x14 ../common/ubertooth.o
                0x0000000000004ab0                cc2400_status
 .text.cc2400_strobe
                0x0000000000004ac4       0x20 ../common/ubertooth.o
                0x0000000000004ac4                cc2400_strobe
 .text.cc2400_reset
                0x0000000000004ae4       0x38 ../common/ubertooth.o
                0x0000000000004ae4                cc2400_reset
 .text.clock_start
                0x0000000000004b1c      0x1bc ../common/ubertooth.o
                0x0000000000004b1c                clock_start
 .text._HandleRequest
                0x0000000000004cd8       0x6c ../common/lpcusb/target/usbcontrol.o
 .text.StallControlPipe
                0x0000000000004d44       0x34 ../common/lpcusb/target/usbcontrol.o
 .text.DataIn   0x0000000000004d78       0x48 ../common/lpcusb/target/usbcontrol.o
 .text.USBHandleControlTransfer
                0x0000000000004dc0      0x160 ../common/lpcusb/target/usbcontrol.o
                0x0000000000004dc0                USBHandleControlTransfer
 .text.USBRegisterRequestHandler
                0x0000000000004f20       0x34 ../common/lpcusb/target/usbcontrol.o
                0x0000000000004f20                USBRegisterRequestHandler
 .text.HandleUsbReset
                0x0000000000004f54       0x14 ../common/lpcusb/target/usbinit.o
 .text.USBInit  0x0000000000004f68       0x50 ../common/lpcusb/target/usbinit.o
                0x0000000000004f68                USBInit
 .text.Wait4DevInt
                0x0000000000004fb8       0x30 ../common/lpcusb/target/usbhw_lpc.o
 .text.USBHwCmd
                0x0000000000004fe8       0x30 ../common/lpcusb/target/usbhw_lpc.o
 .text.USBHwCmdWrite
                0x0000000000005018       0x34 ../common/lpcusb/target/usbhw_lpc.o
 .text.USBHwCmdRead
                0x000000000000504c       0x3c ../common/lpcusb/target/usbhw_lpc.o
 .text.USBHwEPRealize
                0x0000000000005088       0x44 ../common/lpcusb/target/usbhw_lpc.o
 .text.USBHwEPEnable
                0x00000000000050cc       0x30 ../common/lpcusb/target/usbhw_lpc.o
 .text.USBHwEPConfig
                0x00000000000050fc       0x3c ../common/lpcusb/target/usbhw_lpc.o
                0x00000000000050fc                USBHwEPConfig
 .text.USBHwRegisterEPIntHandler
                0x0000000000005138       0x64 ../common/lpcusb/target/usbhw_lpc.o
                0x0000000000005138                USBHwRegisterEPIntHandler
 .text.USBHwRegisterDevIntHandler
                0x000000000000519c       0x2c ../common/lpcusb/target/usbhw_lpc.o
                0x000000000000519c                USBHwRegisterDevIntHandler
 .text.USBHwRegisterFrameHandler
                0x00000000000051c8       0x2c ../common/lpcusb/target/usbhw_lpc.o
                0x00000000000051c8                USBHwRegisterFrameHandler
 .text.USBHwSetAddress
                0x00000000000051f4       0x24 ../common/lpcusb/target/usbhw_lpc.o
                0x00000000000051f4                USBHwSetAddress
 .text.USBHwConnect
                0x0000000000005218       0x24 ../common/lpcusb/target/usbhw_lpc.o
                0x0000000000005218                USBHwConnect
 .text.USBHwNakIntEnable
                0x000000000000523c       0x1c ../common/lpcusb/target/usbhw_lpc.o
                0x000000000000523c                USBHwNakIntEnable
 .text.USBHwEPGetStatus
                0x0000000000005258       0x30 ../common/lpcusb/target/usbhw_lpc.o
                0x0000000000005258                USBHwEPGetStatus
 .text.USBHwEPStall
                0x0000000000005288       0x48 ../common/lpcusb/target/usbhw_lpc.o
                0x0000000000005288                USBHwEPStall
 .text.USBHwEPWrite
                0x00000000000052d0       0x9c ../common/lpcusb/target/usbhw_lpc.o
                0x00000000000052d0                USBHwEPWrite
 .text.USBHwEPRead
                0x000000000000536c       0xcc ../common/lpcusb/target/usbhw_lpc.o
                0x000000000000536c                USBHwEPRead
 .text.USBHwConfigDevice
                0x0000000000005438       0x24 ../common/lpcusb/target/usbhw_lpc.o
                0x0000000000005438                USBHwConfigDevice
 .text.USBHwISR
                0x000000000000545c      0x194 ../common/lpcusb/target/usbhw_lpc.o
                0x000000000000545c                USBHwISR
 .text.USBHwInit
                0x00000000000055f0       0xec ../common/lpcusb/target/usbhw_lpc.o
                0x00000000000055f0                USBHwInit
 .text.USBFilterOsVendorMessage
                0x00000000000056dc       0xd0 ../common/lpcusb/target/usbstdreq.o
                0x00000000000056dc                USBFilterOsVendorMessage
 .text.USBGetOsStringDescriptor
                0x00000000000057ac       0x34 ../common/lpcusb/target/usbstdreq.o
                0x00000000000057ac                USBGetOsStringDescriptor
 .text.USBRegisterDescriptors
                0x00000000000057e0       0x1c ../common/lpcusb/target/usbstdreq.o
                0x00000000000057e0                USBRegisterDescriptors
 .text.USBGetDescriptor
                0x00000000000057fc       0xb8 ../common/lpcusb/target/usbstdreq.o
                0x00000000000057fc                USBGetDescriptor
 .text.USBSetConfiguration
                0x00000000000058b4       0xb8 ../common/lpcusb/target/usbstdreq.o
 .text.HandleStdDeviceReq
                0x000000000000596c       0xd4 ../common/lpcusb/target/usbstdreq.o
 .text.HandleStdInterfaceReq
                0x0000000000005a40       0xa0 ../common/lpcusb/target/usbstdreq.o
 .text.HandleStdEndPointReq
                0x0000000000005ae0       0xd0 ../common/lpcusb/target/usbstdreq.o
 .text.USBHandleStandardRequest
                0x0000000000005bb0       0x78 ../common/lpcusb/target/usbstdreq.o
                0x0000000000005bb0                USBHandleStandardRequest
 .text          0x0000000000005c28       0xec /usr/lib/gcc/arm-none-eabi/4.9.3/../../../arm-none-eabi/lib/armv7-m/libc.a(lib_a-memcpy.o)
                0x0000000000005c28                memcpy
 *(.rodata .rodata.* .gnu.linkonce.r.*)
 .rodata.str1.4
                0x0000000000005d14        0x4 /usr/lib/gcc/arm-none-eabi/4.9.3/../../../arm-none-eabi/lib/armv7-m/libc.a(lib_a-impure.o)
 .rodata._global_impure_ptr
                0x0000000000005d18        0x4 /usr/lib/gcc/arm-none-eabi/4.9.3/../../../arm-none-eabi/lib/armv7-m/libc.a(lib_a-impure.o)
                0x0000000000005d18                _global_impure_ptr
 .rodata        0x0000000000005d1c       0xd2 ../common/usb_serial.o
 *fill*         0x0000000000005dee        0x2 
 .rodata        0x0000000000005df0       0x28 ../common/lpcusb/target/usbstdreq.o
 *(.eh_frame_hdr)
 *(.eh_frame)
 .eh_frame      0x0000000000005e18        0x0 /usr/lib/gcc/arm-none-eabi/4.9.3/armv7-m/crtbegin.o
                0x0000000000005e18                . = ALIGN (0x4)
 *(.init)
 .init          0x0000000000005e18        0x4 /usr/lib/gcc/arm-none-eabi/4.9.3/armv7-m/crti.o
                0x0000000000005e18                _init
 .init          0x0000000000005e1c        0x8 /usr/lib/gcc/arm-none-eabi/4.9.3/armv7-m/crtn.o
                0x0000000000005e24                . = ALIGN (0x4)
                0x0000000000005e24                __preinit_array_start = .
 *(.preinit_array)
                0x0000000000005e24                __preinit_array_end = .
                0x0000000000005e24                . = ALIGN (0x4)
                0x0000000000005e24                __init_array_start = .
 *(SORT(.init_array.*))
 .init_array.00000
                0x0000000000005e24        0x4 /usr/lib/gcc/arm-none-eabi/4.9.3/../../../arm-none-eabi/lib/armv7-m/libc.a(lib_a-__call_atexit.o)
 *(.init_array)
 .init_array    0x0000000000005e28        0x4 /usr/lib/gcc/arm-none-eabi/4.9.3/armv7-m/crtbegin.o
                0x0000000000005e2c                __init_array_end = .
                0x0000000000005e2c                . = ALIGN (0x4)
 *crtbegin.o(.ctors)
 *(EXCLUDE_FILE(*crtend.o) .ctors)
 *(SORT(.ctors.*))
 *crtend.o(.ctors)
                0x0000000000005e2c                . = ALIGN (0x4)
 *(.fini)
 .fini          0x0000000000005e2c        0x4 /usr/lib/gcc/arm-none-eabi/4.9.3/armv7-m/crti.o
                0x0000000000005e2c                _fini
 .fini          0x0000000000005e30        0x8 /usr/lib/gcc/arm-none-eabi/4.9.3/armv7-m/crtn.o
                0x0000000000005e38                . = ALIGN (0x4)
                0x0000000000005e38                __fini_array_start = .
 *(.fini_array)
 .fini_array    0x0000000000005e38        0x4 /usr/lib/gcc/arm-none-eabi/4.9.3/armv7-m/crtbegin.o
 *(SORT(.fini_array.*))
                0x0000000000005e3c                __fini_array_end = .
 *crtbegin.o(.dtors)
 *(EXCLUDE_FILE(*crtend.o) .dtors)
 *(SORT(.dtors.*))
 *crtend.o(.dtors)
                0x0000000000005e40                . = ALIGN (0x8)
 *fill*         0x0000000000005e3c        0x4 
                0x0000000000005e40                _etext = .

.glue_7         0x0000000000005e40        0x0
 .glue_7        0x0000000000005e40        0x0 linker stubs

.glue_7t        0x0000000000005e40        0x0
 .glue_7t       0x0000000000005e40        0x0 linker stubs

.vfp11_veneer   0x0000000000005e40        0x0
 .vfp11_veneer  0x0000000000005e40        0x0 linker stubs

.v4_bx          0x0000000000005e40        0x0
 .v4_bx         0x0000000000005e40        0x0 linker stubs

.iplt           0x0000000000005e40        0x0
 .iplt          0x0000000000005e40        0x0 /usr/lib/gcc/arm-none-eabi/4.9.3/armv7-m/crtbegin.o

.rel.dyn        0x0000000000005e40        0x0
 .rel.iplt      0x0000000000005e40        0x0 /usr/lib/gcc/arm-none-eabi/4.9.3/armv7-m/crtbegin.o

.ARM.extab
 *(.ARM.extab* .gnu.linkonce.armextab.*)
                0x0000000000005e40                __exidx_start = .

.ARM.exidx
 *(.ARM.exidx* .gnu.linkonce.armexidx.*)
                0x0000000000005e40                __exidx_end = .
                0x0000000000005e40                _etext = .

.persistent     0x0000000010000000       0x20
                0x0000000010000000                _persistent_start = .
                0x0000000010000020                . = (. + 0x20)
 *fill*         0x0000000010000000       0x20 
                0x0000000010000020                _persistent_end = .
                0x000000001000001c                bootloader_ctrl = (_persistent_start + 0x1c)

.data           0x0000000010000020      0x4da load address 0x0000000000005e40
                0x0000000010000020                _data = .
 *(vtable)
 *(.data*)
 .data.impure_data
                0x0000000010000020      0x428 /usr/lib/gcc/arm-none-eabi/4.9.3/../../../arm-none-eabi/lib/armv7-m/libc.a(lib_a-impure.o)
 .data          0x0000000010000448        0xc ../common/usb_serial.o
 .data          0x0000000010000454       0xa6 ../common/lpcusb/target/usbstdreq.o
                0x00000000100004fa                _edata = .

.jcr            0x00000000100004fc        0x0 load address 0x000000000000631a
 .jcr           0x00000000100004fc        0x0 /usr/lib/gcc/arm-none-eabi/4.9.3/armv7-m/crtbegin.o

.tm_clone_table
                0x00000000100004fc        0x0 load address 0x000000000000631a
 .tm_clone_table
                0x00000000100004fc        0x0 /usr/lib/gcc/arm-none-eabi/4.9.3/armv7-m/crtbegin.o
 .tm_clone_table
                0x00000000100004fc        0x0 /usr/lib/gcc/arm-none-eabi/4.9.3/armv7-m/crtend.o

.igot.plt       0x00000000100004fc        0x0 load address 0x000000000000631a
 .igot.plt      0x00000000100004fc        0x0 /usr/lib/gcc/arm-none-eabi/4.9.3/armv7-m/crtbegin.o

.bss            0x00000000100004fc      0x219 load address 0x000000000000631a
                0x00000000100004fc                _bss = .
                0x00000000100004fc                __bss_start__ = .
 *(.bss*)
 .bss           0x00000000100004fc       0x1c /usr/lib/gcc/arm-none-eabi/4.9.3/armv7-m/crtbegin.o
 .bss           0x0000000010000518      0x168 ../common/usb_serial.o
 .bss           0x0000000010000680        0x4 ../common/ubertooth.o
 .bss           0x0000000010000684       0x34 ../common/lpcusb/target/usbcontrol.o
 .bss           0x00000000100006b8        0x8 ../common/lpcusb/target/usbinit.o
 .bss           0x00000000100006c0       0x48 ../common/lpcusb/target/usbhw_lpc.o
 .bss           0x0000000010000708        0xd ../common/lpcusb/target/usbstdreq.o
 *(COMMON)
                0x0000000010000715                _ebss = .
                0x0000000010000715                __bss_end__ = .

.cr_heap        0x0000000010000715        0x0 load address 0x000000000000631a
                0x0000000010000715                end = .
                0x0000000010000715                __end__ = .
                0x0000000010000715                _pvHeapStart = .
                0x0000000010003fe0                _StackTop = ((ORIGIN (ram) + LENGTH (ram)) - 0x20)
OUTPUT(usb_test.elf elf32-littlearm)

.ARM.attributes
                0x0000000000000000       0x29
 .ARM.attributes
                0x0000000000000000       0x1d /usr/lib/gcc/arm-none-eabi/4.9.3/armv7-m/crti.o
 .ARM.attributes
                0x000000000000001d       0x2d /usr/lib/gcc/arm-none-eabi/4.9.3/armv7-m/crtbegin.o
 .ARM.attributes
                0x000000000000004a       0x2d /usr/lib/gcc/arm-none-eabi/4.9.3/../../../arm-none-eabi/lib/armv7-m/libc.a(lib_a-atexit.o)
 .ARM.attributes
                0x0000000000000077       0x2d /usr/lib/gcc/arm-none-eabi/4.9.3/../../../arm-none-eabi/lib/armv7-m/libc.a(lib_a-fini.o)
 .ARM.attributes
                0x00000000000000a4       0x2d /usr/lib/gcc/arm-none-eabi/4.9.3/../../../arm-none-eabi/lib/armv7-m/libc.a(lib_a-impure.o)
 .ARM.attributes
                0x00000000000000d1       0x2d /usr/lib/gcc/arm-none-eabi/4.9.3/../../../arm-none-eabi/lib/armv7-m/libc.a(lib_a-init.o)
 .ARM.attributes
                0x00000000000000fe       0x2d /usr/lib/gcc/arm-none-eabi/4.9.3/../../../arm-none-eabi/lib/armv7-m/libc.a(lib_a-__atexit.o)
 .ARM.attributes
                0x000000000000012b       0x2d /usr/lib/gcc/arm-none-eabi/4.9.3/../../../arm-none-eabi/lib/armv7-m/libc.a(lib_a-__call_atexit.o)
 .ARM.attributes
                0x0000000000000158       0x33 usb_test.o
 .ARM.attributes
                0x000000000000018b       0x33 ../common/usb_serial.o
 .ARM.attributes
                0x00000000000001be       0x33 ../common/serial_fifo.o
 .ARM.attributes
                0x00000000000001f1       0x33 ../common/LPC17xx_Startup.o
 .ARM.attributes
                0x0000000000000224       0x33 ../common/LPC17xx_Interrupts.o
 .ARM.attributes
                0x0000000000000257       0x33 ../common/ubertooth.o
 .ARM.attributes
                0x000000000000028a       0x33 ../common/lpcusb/target/usbcontrol.o
 .ARM.attributes
                0x00000000000002bd       0x33 ../common/lpcusb/target/usbinit.o
 .ARM.attributes
                0x00000000000002f0       0x33 ../common/lpcusb/target/usbhw_lpc.o
 .ARM.attributes
                0x0000000000000323       0x33 ../common/lpcusb/target/usbstdreq.o
 .ARM.attributes
                0x0000000000000356       0x1b /usr/lib/gcc/arm-none-eabi/4.9.3/../../../arm-none-eabi/lib/armv7-m/libc.a(lib_a-memcpy.o)
 .ARM.attributes
                0x0000000000000371       0x2d /usr/lib/gcc/arm-none-eabi/4.9.3/armv7-m/crtend.o
 .ARM.attributes
                0x000000000000039e       0x1d /usr/lib/gcc/arm-none-eabi/4.9.3/armv7-m/crtn.o

.comment        0x0000000000000000       0x70
 .comment       0x0000000000000000       0x38 /usr/lib/gcc/arm-none-eabi/4.9.3/armv7-m/crtbegin.o
                                         0x39 (size before relaxing)
 .comment       0x0000000000000038       0x38 /usr/lib/gcc/arm-none-eabi/4.9.3/../../../arm-none-eabi/lib/armv7-m/libc.a(lib_a-atexit.o)
                                         0x39 (size before relaxing)
 .comment       0x0000000000000070       0x39 /usr/lib/gcc/arm-none-eabi/4.9.3/../../../arm-none-eabi/lib/armv7-m/libc.a(lib_a-fini.o)
 .comment       0x0000000000000070       0x39 /usr/lib/gcc/arm-none-eabi/4.9.3/../../../arm-none-eabi/lib/armv7-m/libc.a(lib_a-impure.o)
 .comment       0x0000000000000070       0x39 /usr/lib/gcc/arm-none-eabi/4.9.3/../../../arm-none-eabi/lib/armv7-m/libc.a(lib_a-init.o)
 .comment       0x0000000000000070       0x39 /usr/lib/gcc/arm-none-eabi/4.9.3/../../../arm-none-eabi/lib/armv7-m/libc.a(lib_a-__atexit.o)
 .comment       0x0000000000000070       0x39 /usr/lib/gcc/arm-none-eabi/4.9.3/../../../arm-none-eabi/lib/armv7-m/libc.a(lib_a-__call_atexit.o)
 .comment       0x0000000000000070       0x39 usb_test.o
 .comment       0x0000000000000070       0x39 ../common/usb_serial.o
 .comment       0x0000000000000070       0x39 ../common/serial_fifo.o
 .comment       0x0000000000000070       0x39 ../common/LPC17xx_Startup.o
 .comment       0x0000000000000070       0x39 ../common/LPC17xx_Interrupts.o
 .comment       0x0000000000000070       0x39 ../common/ubertooth.o
 .comment       0x0000000000000070       0x39 ../common/lpcusb/target/usbcontrol.o
 .comment       0x0000000000000070       0x39 ../common/lpcusb/target/usbinit.o
 .comment       0x0000000000000070       0x39 ../common/lpcusb/target/usbhw_lpc.o
 .comment       0x0000000000000070       0x39 ../common/lpcusb/target/usbstdreq.o
 .comment       0x0000000000000070       0x39 /usr/lib/gcc/arm-none-eabi/4.9.3/armv7-m/crtend.o

.debug_info     0x0000000000000000     0x3e2c
 .debug_info    0x0000000000000000      0x10a /usr/lib/gcc/arm-none-eabi/4.9.3/../../../arm-none-eabi/lib/armv7-m/libc.a(lib_a-atexit.o)
 .debug_info    0x000000000000010a       0xef /usr/lib/gcc/arm-none-eabi/4.9.3/../../../arm-none-eabi/lib/armv7-m/libc.a(lib_a-fini.o)
 .debug_info    0x00000000000001f9      0x894 /usr/lib/gcc/arm-none-eabi/4.9.3/../../../arm-none-eabi/lib/armv7-m/libc.a(lib_a-impure.o)
 .debug_info    0x0000000000000a8d      0x105 /usr/lib/gcc/arm-none-eabi/4.9.3/../../../arm-none-eabi/lib/armv7-m/libc.a(lib_a-init.o)
 .debug_info    0x0000000000000b92      0x934 /usr/lib/gcc/arm-none-eabi/4.9.3/../../../arm-none-eabi/lib/armv7-m/libc.a(lib_a-__atexit.o)
 .debug_info    0x00000000000014c6      0x9a9 /usr/lib/gcc/arm-none-eabi/4.9.3/../../../arm-none-eabi/lib/armv7-m/libc.a(lib_a-__call_atexit.o)
 .debug_info    0x0000000000001e6f       0xe3 usb_test.o
 .debug_info    0x0000000000001f52      0x497 ../common/usb_serial.o
 .debug_info    0x00000000000023e9      0x19e ../common/serial_fifo.o
 .debug_info    0x0000000000002587       0xf1 ../common/LPC17xx_Startup.o
 .debug_info    0x0000000000002678       0x7d ../common/LPC17xx_Interrupts.o
 .debug_info    0x00000000000026f5      0x4dd ../common/ubertooth.o
 .debug_info    0x0000000000002bd2      0x2e8 ../common/lpcusb/target/usbcontrol.o
 .debug_info    0x0000000000002eba       0xb8 ../common/lpcusb/target/usbinit.o
 .debug_info    0x0000000000002f72      0x840 ../common/lpcusb/target/usbhw_lpc.o
 .debug_info    0x00000000000037b2      0x5ad ../common/lpcusb/target/usbstdreq.o
 .debug_info    0x0000000000003d5f       0xcd /usr/lib/gcc/arm-none-eabi/4.9.3/../../../arm-none-eabi/lib/armv7-m/libc.a(lib_a-memcpy.o)

.debug_abbrev   0x0000000000000000     0x13d1
 .debug_abbrev  0x0000000000000000       0xb8 /usr/lib/gcc/arm-none-eabi/4.9.3/../../../arm-none-eabi/lib/armv7-m/libc.a(lib_a-atexit.o)
 .debug_abbrev  0x00000000000000b8       0xbd /usr/lib/gcc/arm-none-eabi/4.9.3/../../../arm-none-eabi/lib/armv7-m/libc.a(lib_a-fini.o)
 .debug_abbrev  0x0000000000000175      0x180 /usr/lib/gcc/arm-none-eabi/4.9.3/../../../arm-none-eabi/lib/armv7-m/libc.a(lib_a-impure.o)
 .debug_abbrev  0x00000000000002f5       0xba /usr/lib/gcc/arm-none-eabi/4.9.3/../../../arm-none-eabi/lib/armv7-m/libc.a(lib_a-init.o)
 .debug_abbrev  0x00000000000003af      0x20f /usr/lib/gcc/arm-none-eabi/4.9.3/../../../arm-none-eabi/lib/armv7-m/libc.a(lib_a-__atexit.o)
 .debug_abbrev  0x00000000000005be      0x285 /usr/lib/gcc/arm-none-eabi/4.9.3/../../../arm-none-eabi/lib/armv7-m/libc.a(lib_a-__call_atexit.o)
 .debug_abbrev  0x0000000000000843       0x88 usb_test.o
 .debug_abbrev  0x00000000000008cb      0x1a7 ../common/usb_serial.o
 .debug_abbrev  0x0000000000000a72       0xf5 ../common/serial_fifo.o
 .debug_abbrev  0x0000000000000b67       0x89 ../common/LPC17xx_Startup.o
 .debug_abbrev  0x0000000000000bf0       0x80 ../common/LPC17xx_Interrupts.o
 .debug_abbrev  0x0000000000000c70      0x1de ../common/ubertooth.o
 .debug_abbrev  0x0000000000000e4e      0x138 ../common/lpcusb/target/usbcontrol.o
 .debug_abbrev  0x0000000000000f86       0xa6 ../common/lpcusb/target/usbinit.o
 .debug_abbrev  0x000000000000102c      0x1fa ../common/lpcusb/target/usbhw_lpc.o
 .debug_abbrev  0x0000000000001226      0x197 ../common/lpcusb/target/usbstdreq.o
 .debug_abbrev  0x00000000000013bd       0x14 /usr/lib/gcc/arm-none-eabi/4.9.3/../../../arm-none-eabi/lib/armv7-m/libc.a(lib_a-memcpy.o)

.debug_loc      0x0000000000000000      0x413
 .debug_loc     0x0000000000000000       0x2c /usr/lib/gcc/arm-none-eabi/4.9.3/../../../arm-none-eabi/lib/armv7-m/libc.a(lib_a-atexit.o)
 .debug_loc     0x000000000000002c       0x5c /usr/lib/gcc/arm-none-eabi/4.9.3/../../../arm-none-eabi/lib/armv7-m/libc.a(lib_a-fini.o)
 .debug_loc     0x0000000000000088       0xae /usr/lib/gcc/arm-none-eabi/4.9.3/../../../arm-none-eabi/lib/armv7-m/libc.a(lib_a-init.o)
 .debug_loc     0x0000000000000136      0x197 /usr/lib/gcc/arm-none-eabi/4.9.3/../../../arm-none-eabi/lib/armv7-m/libc.a(lib_a-__atexit.o)
 .debug_loc     0x00000000000002cd      0x146 /usr/lib/gcc/arm-none-eabi/4.9.3/../../../arm-none-eabi/lib/armv7-m/libc.a(lib_a-__call_atexit.o)

.debug_aranges  0x0000000000000000      0x4a0
 .debug_aranges
                0x0000000000000000       0x20 /usr/lib/gcc/arm-none-eabi/4.9.3/../../../arm-none-eabi/lib/armv7-m/libc.a(lib_a-atexit.o)
 .debug_aranges
                0x0000000000000020       0x20 /usr/lib/gcc/arm-none-eabi/4.9.3/../../../arm-none-eabi/lib/armv7-m/libc.a(lib_a-fini.o)
 .debug_aranges
                0x0000000000000040       0x18 /usr/lib/gcc/arm-none-eabi/4.9.3/../../../arm-none-eabi/lib/armv7-m/libc.a(lib_a-impure.o)
 .debug_aranges
                0x0000000000000058       0x20 /usr/lib/gcc/arm-none-eabi/4.9.3/../../../arm-none-eabi/lib/armv7-m/libc.a(lib_a-init.o)
 .debug_aranges
                0x0000000000000078       0x20 /usr/lib/gcc/arm-none-eabi/4.9.3/../../../arm-none-eabi/lib/armv7-m/libc.a(lib_a-__atexit.o)
 .debug_aranges
                0x0000000000000098       0x28 /usr/lib/gcc/arm-none-eabi/4.9.3/../../../arm-none-eabi/lib/armv7-m/libc.a(lib_a-__call_atexit.o)
 .debug_aranges
                0x00000000000000c0       0x20 usb_test.o
 .debug_aranges
                0x00000000000000e0       0x70 ../common/usb_serial.o
 .debug_aranges
                0x0000000000000150       0x40 ../common/serial_fifo.o
 .debug_aranges
                0x0000000000000190       0x20 ../common/LPC17xx_Startup.o
 .debug_aranges
                0x00000000000001b0       0x20 ../common/LPC17xx_Interrupts.o
 .debug_aranges
                0x00000000000001d0       0xe0 ../common/ubertooth.o
 .debug_aranges
                0x00000000000002b0       0x40 ../common/lpcusb/target/usbcontrol.o
 .debug_aranges
                0x00000000000002f0       0x28 ../common/lpcusb/target/usbinit.o
 .debug_aranges
                0x0000000000000318       0xf8 ../common/lpcusb/target/usbhw_lpc.o
 .debug_aranges
                0x0000000000000410       0x70 ../common/lpcusb/target/usbstdreq.o
 .debug_aranges
                0x0000000000000480       0x20 /usr/lib/gcc/arm-none-eabi/4.9.3/../../../arm-none-eabi/lib/armv7-m/libc.a(lib_a-memcpy.o)

.debug_ranges   0x0000000000000000      0x390
 .debug_ranges  0x0000000000000000       0x10 /usr/lib/gcc/arm-none-eabi/4.9.3/../../../arm-none-eabi/lib/armv7-m/libc.a(lib_a-atexit.o)
 .debug_ranges  0x0000000000000010       0x10 /usr/lib/gcc/arm-none-eabi/4.9.3/../../../arm-none-eabi/lib/armv7-m/libc.a(lib_a-fini.o)
 .debug_ranges  0x0000000000000020       0x10 /usr/lib/gcc/arm-none-eabi/4.9.3/../../../arm-none-eabi/lib/armv7-m/libc.a(lib_a-init.o)
 .debug_ranges  0x0000000000000030       0x10 /usr/lib/gcc/arm-none-eabi/4.9.3/../../../arm-none-eabi/lib/armv7-m/libc.a(lib_a-__atexit.o)
 .debug_ranges  0x0000000000000040       0x30 /usr/lib/gcc/arm-none-eabi/4.9.3/../../../arm-none-eabi/lib/armv7-m/libc.a(lib_a-__call_atexit.o)
 .debug_ranges  0x0000000000000070       0x10 usb_test.o
 .debug_ranges  0x0000000000000080       0x60 ../common/usb_serial.o
 .debug_ranges  0x00000000000000e0       0x30 ../common/serial_fifo.o
 .debug_ranges  0x0000000000000110       0x10 ../common/LPC17xx_Startup.o
 .debug_ranges  0x0000000000000120       0x10 ../common/LPC17xx_Interrupts.o
 .debug_ranges  0x0000000000000130       0xd0 ../common/ubertooth.o
 .debug_ranges  0x0000000000000200       0x30 ../common/lpcusb/target/usbcontrol.o
 .debug_ranges  0x0000000000000230       0x18 ../common/lpcusb/target/usbinit.o
 .debug_ranges  0x0000000000000248       0xe8 ../common/lpcusb/target/usbhw_lpc.o
 .debug_ranges  0x0000000000000330       0x60 ../common/lpcusb/target/usbstdreq.o

.debug_line     0x0000000000000000     0x1647
 .debug_line    0x0000000000000000       0xc1 /usr/lib/gcc/arm-none-eabi/4.9.3/../../../arm-none-eabi/lib/armv7-m/libc.a(lib_a-atexit.o)
 .debug_line    0x00000000000000c1       0x9c /usr/lib/gcc/arm-none-eabi/4.9.3/../../../arm-none-eabi/lib/armv7-m/libc.a(lib_a-fini.o)
 .debug_line    0x000000000000015d       0xf1 /usr/lib/gcc/arm-none-eabi/4.9.3/../../../arm-none-eabi/lib/armv7-m/libc.a(lib_a-impure.o)
 .debug_line    0x000000000000024e       0xb6 /usr/lib/gcc/arm-none-eabi/4.9.3/../../../arm-none-eabi/lib/armv7-m/libc.a(lib_a-init.o)
 .debug_line    0x0000000000000304      0x19c /usr/lib/gcc/arm-none-eabi/4.9.3/../../../arm-none-eabi/lib/armv7-m/libc.a(lib_a-__atexit.o)
 .debug_line    0x00000000000004a0      0x1c5 /usr/lib/gcc/arm-none-eabi/4.9.3/../../../arm-none-eabi/lib/armv7-m/libc.a(lib_a-__call_atexit.o)
 .debug_line    0x0000000000000665       0x95 usb_test.o
 .debug_line    0x00000000000006fa      0x1f9 ../common/usb_serial.o
 .debug_line    0x00000000000008f3       0xce ../common/serial_fifo.o
 .debug_line    0x00000000000009c1       0x98 ../common/LPC17xx_Startup.o
 .debug_line    0x0000000000000a59       0x53 ../common/LPC17xx_Interrupts.o
 .debug_line    0x0000000000000aac      0x3b5 ../common/ubertooth.o
 .debug_line    0x0000000000000e61      0x105 ../common/lpcusb/target/usbcontrol.o
 .debug_line    0x0000000000000f66       0x74 ../common/lpcusb/target/usbinit.o
 .debug_line    0x0000000000000fda      0x3c1 ../common/lpcusb/target/usbhw_lpc.o
 .debug_line    0x000000000000139b      0x1f1 ../common/lpcusb/target/usbstdreq.o
 .debug_line    0x000000000000158c       0xbb /usr/lib/gcc/arm-none-eabi/4.9.3/../../../arm-none-eabi/lib/armv7-m/libc.a(lib_a-memcpy.o)

.debug_str      0x0000000000000000     0x15cf
 .debug_str     0x0000000000000000      0x1b8 /usr/lib/gcc/arm-none-eabi/4.9.3/../../../arm-none-eabi/lib/armv7-m/libc.a(lib_a-atexit.o)
                                        0x1f8 (size before relaxing)
 .debug_str     0x00000000000001b8       0xca /usr/lib/gcc/arm-none-eabi/4.9.3/../../../arm-none-eabi/lib/armv7-m/libc.a(lib_a-fini.o)
                                        0x1f0 (size before relaxing)
 .debug_str     0x0000000000000282      0x445 /usr/lib/gcc/arm-none-eabi/4.9.3/../../../arm-none-eabi/lib/armv7-m/libc.a(lib_a-impure.o)
                                        0x58c (size before relaxing)
 .debug_str     0x00000000000006c7       0x8a /usr/lib/gcc/arm-none-eabi/4.9.3/../../../arm-none-eabi/lib/armv7-m/libc.a(lib_a-init.o)
                                        0x21a (size before relaxing)
 .debug_str     0x0000000000000751       0x30 /usr/lib/gcc/arm-none-eabi/4.9.3/../../../arm-none-eabi/lib/armv7-m/libc.a(lib_a-__atexit.o)
                                        0x5d4 (size before relaxing)
 .debug_str     0x0000000000000781       0x81 /usr/lib/gcc/arm-none-eabi/4.9.3/../../../arm-none-eabi/lib/armv7-m/libc.a(lib_a-__call_atexit.o)
                                        0x5ec (size before relaxing)
 .debug_str     0x0000000000000802      0x163 usb_test.o
                                        0x1f5 (size before relaxing)
 .debug_str     0x0000000000000965      0x206 ../common/usb_serial.o
                                        0x3c7 (size before relaxing)
 .debug_str     0x0000000000000b6b       0x49 ../common/serial_fifo.o
                                        0x1d3 (size before relaxing)
 .debug_str     0x0000000000000bb4       0xa7 ../common/LPC17xx_Startup.o
                                        0x227 (size before relaxing)
 .debug_str     0x0000000000000c5b       0x51 ../common/LPC17xx_Interrupts.o
                                        0x1a0 (size before relaxing)
 .debug_str     0x0000000000000cac      0x162 ../common/ubertooth.o
                                        0x362 (size before relaxing)
 .debug_str     0x0000000000000e0e       0xe4 ../common/lpcusb/target/usbcontrol.o
                                        0x2c9 (size before relaxing)
 .debug_str     0x0000000000000ef2       0x46 ../common/lpcusb/target/usbinit.o
                                        0x1c9 (size before relaxing)
 .debug_str     0x0000000000000f38      0x3ea ../common/lpcusb/target/usbhw_lpc.o
                                        0x5e6 (size before relaxing)
 .debug_str     0x0000000000001322      0x2ad ../common/lpcusb/target/usbstdreq.o
                                        0x496 (size before relaxing)

.debug_frame    0x0000000000000000      0xefc
 .debug_frame   0x0000000000000000       0x20 /usr/lib/gcc/arm-none-eabi/4.9.3/../../../arm-none-eabi/lib/armv7-m/libc.a(lib_a-atexit.o)
 .debug_frame   0x0000000000000020       0x34 /usr/lib/gcc/arm-none-eabi/4.9.3/../../../arm-none-eabi/lib/armv7-m/libc.a(lib_a-fini.o)
 .debug_frame   0x0000000000000054       0x2c /usr/lib/gcc/arm-none-eabi/4.9.3/../../../arm-none-eabi/lib/armv7-m/libc.a(lib_a-init.o)
 .debug_frame   0x0000000000000080       0x34 /usr/lib/gcc/arm-none-eabi/4.9.3/../../../arm-none-eabi/lib/armv7-m/libc.a(lib_a-__atexit.o)
 .debug_frame   0x00000000000000b4       0x50 /usr/lib/gcc/arm-none-eabi/4.9.3/../../../arm-none-eabi/lib/armv7-m/libc.a(lib_a-__call_atexit.o)
 .debug_frame   0x0000000000000104       0x30 usb_test.o
 .debug_frame   0x0000000000000134      0x1a4 ../common/usb_serial.o
 .debug_frame   0x00000000000002d8       0xd8 ../common/serial_fifo.o
 .debug_frame   0x00000000000003b0       0x30 ../common/LPC17xx_Startup.o
 .debug_frame   0x00000000000003e0       0x2c ../common/LPC17xx_Interrupts.o
 .debug_frame   0x000000000000040c      0x398 ../common/ubertooth.o
 .debug_frame   0x00000000000007a4       0xd8 ../common/lpcusb/target/usbcontrol.o
 .debug_frame   0x000000000000087c       0x54 ../common/lpcusb/target/usbinit.o
 .debug_frame   0x00000000000008d0      0x464 ../common/lpcusb/target/usbhw_lpc.o
 .debug_frame   0x0000000000000d34      0x1c8 ../common/lpcusb/target/usbstdreq.o
