Archive member included to satisfy reference by file (symbol)

/usr/lib/gcc/arm-none-eabi/4.9.3/../../../arm-none-eabi/lib/armv7-m/libc.a(lib_a-atexit.o)
                              /usr/lib/gcc/arm-none-eabi/4.9.3/../../../arm-none-eabi/lib/armv7-m/crt0.o (atexit)
/usr/lib/gcc/arm-none-eabi/4.9.3/../../../arm-none-eabi/lib/armv7-m/libc.a(lib_a-exit.o)
                              /usr/lib/gcc/arm-none-eabi/4.9.3/../../../arm-none-eabi/lib/armv7-m/crt0.o (exit)
/usr/lib/gcc/arm-none-eabi/4.9.3/../../../arm-none-eabi/lib/armv7-m/libc.a(lib_a-fini.o)
                              /usr/lib/gcc/arm-none-eabi/4.9.3/../../../arm-none-eabi/lib/armv7-m/crt0.o (__libc_fini_array)
/usr/lib/gcc/arm-none-eabi/4.9.3/../../../arm-none-eabi/lib/armv7-m/libc.a(lib_a-impure.o)
                              /usr/lib/gcc/arm-none-eabi/4.9.3/../../../arm-none-eabi/lib/armv7-m/libc.a(lib_a-exit.o) (_global_impure_ptr)
/usr/lib/gcc/arm-none-eabi/4.9.3/../../../arm-none-eabi/lib/armv7-m/libc.a(lib_a-init.o)
                              /usr/lib/gcc/arm-none-eabi/4.9.3/../../../arm-none-eabi/lib/armv7-m/crt0.o (__libc_init_array)
/usr/lib/gcc/arm-none-eabi/4.9.3/../../../arm-none-eabi/lib/armv7-m/libc.a(lib_a-memset.o)
                              /usr/lib/gcc/arm-none-eabi/4.9.3/../../../arm-none-eabi/lib/armv7-m/crt0.o (memset)
/usr/lib/gcc/arm-none-eabi/4.9.3/../../../arm-none-eabi/lib/armv7-m/libc.a(lib_a-__atexit.o)
                              /usr/lib/gcc/arm-none-eabi/4.9.3/../../../arm-none-eabi/lib/armv7-m/libc.a(lib_a-atexit.o) (__register_exitproc)
/usr/lib/gcc/arm-none-eabi/4.9.3/../../../arm-none-eabi/lib/armv7-m/libc.a(lib_a-__call_atexit.o)
                              /usr/lib/gcc/arm-none-eabi/4.9.3/../../../arm-none-eabi/lib/armv7-m/libc.a(lib_a-exit.o) (__call_exitprocs)
/usr/lib/gcc/arm-none-eabi/4.9.3/../../../arm-none-eabi/lib/armv7-m/libc.a(lib_a-memcpy.o)
                              assembly_test.o (memcpy)
/usr/lib/gcc/arm-none-eabi/4.9.3/../../../arm-none-eabi/lib/armv7-m/libc.a(lib_a-strlen.o)
                              assembly_test.o (strlen)
/usr/lib/gcc/arm-none-eabi/4.9.3/../../../arm-none-eabi/lib/armv7-m/libnosys.a(_exit.o)
                              /usr/lib/gcc/arm-none-eabi/4.9.3/../../../arm-none-eabi/lib/armv7-m/libc.a(lib_a-exit.o) (_exit)

Allocating common symbols
Common symbol       size              file

rx_tc               0x4               assembly_test.o
rx_dma_lli2         0x10              assembly_test.o
clkn_high           0x1               assembly_test.o
fifo                0x2000            assembly_test.o
rxbuf2              0x32              assembly_test.o
rx_dma_lli1         0x10              assembly_test.o
rr                  0x5               assembly_test.o
rxbuf1              0x32              assembly_test.o
rx_err              0x4               assembly_test.o

Discarded input sections

 .text          0x0000000000000000        0x0 /usr/lib/gcc/arm-none-eabi/4.9.3/armv7-m/crti.o
 .data          0x0000000000000000        0x0 /usr/lib/gcc/arm-none-eabi/4.9.3/armv7-m/crti.o
 .bss           0x0000000000000000        0x0 /usr/lib/gcc/arm-none-eabi/4.9.3/armv7-m/crti.o
 .data          0x0000000000000000        0x4 /usr/lib/gcc/arm-none-eabi/4.9.3/armv7-m/crtbegin.o
 .text          0x0000000000000000       0x68 /usr/lib/gcc/arm-none-eabi/4.9.3/../../../arm-none-eabi/lib/armv7-m/crt0.o
 .data          0x0000000000000000        0x0 /usr/lib/gcc/arm-none-eabi/4.9.3/../../../arm-none-eabi/lib/armv7-m/crt0.o
 .bss           0x0000000000000000        0x0 /usr/lib/gcc/arm-none-eabi/4.9.3/../../../arm-none-eabi/lib/armv7-m/crt0.o
 .ARM.extab     0x0000000000000000        0x0 /usr/lib/gcc/arm-none-eabi/4.9.3/../../../arm-none-eabi/lib/armv7-m/crt0.o
 .ARM.exidx     0x0000000000000000        0x8 /usr/lib/gcc/arm-none-eabi/4.9.3/../../../arm-none-eabi/lib/armv7-m/crt0.o
 .debug_line    0x0000000000000000       0x7b /usr/lib/gcc/arm-none-eabi/4.9.3/../../../arm-none-eabi/lib/armv7-m/crt0.o
 .debug_info    0x0000000000000000       0xa8 /usr/lib/gcc/arm-none-eabi/4.9.3/../../../arm-none-eabi/lib/armv7-m/crt0.o
 .debug_abbrev  0x0000000000000000       0x14 /usr/lib/gcc/arm-none-eabi/4.9.3/../../../arm-none-eabi/lib/armv7-m/crt0.o
 .debug_aranges
                0x0000000000000000       0x20 /usr/lib/gcc/arm-none-eabi/4.9.3/../../../arm-none-eabi/lib/armv7-m/crt0.o
 .ARM.attributes
                0x0000000000000000       0x1b /usr/lib/gcc/arm-none-eabi/4.9.3/../../../arm-none-eabi/lib/armv7-m/crt0.o
 .text          0x0000000000000000        0x0 /usr/lib/gcc/arm-none-eabi/4.9.3/../../../arm-none-eabi/lib/armv7-m/libc.a(lib_a-atexit.o)
 .data          0x0000000000000000        0x0 /usr/lib/gcc/arm-none-eabi/4.9.3/../../../arm-none-eabi/lib/armv7-m/libc.a(lib_a-atexit.o)
 .bss           0x0000000000000000        0x0 /usr/lib/gcc/arm-none-eabi/4.9.3/../../../arm-none-eabi/lib/armv7-m/libc.a(lib_a-atexit.o)
 .text          0x0000000000000000        0x0 /usr/lib/gcc/arm-none-eabi/4.9.3/../../../arm-none-eabi/lib/armv7-m/libc.a(lib_a-exit.o)
 .data          0x0000000000000000        0x0 /usr/lib/gcc/arm-none-eabi/4.9.3/../../../arm-none-eabi/lib/armv7-m/libc.a(lib_a-exit.o)
 .bss           0x0000000000000000        0x0 /usr/lib/gcc/arm-none-eabi/4.9.3/../../../arm-none-eabi/lib/armv7-m/libc.a(lib_a-exit.o)
 .text.exit     0x0000000000000000       0x20 /usr/lib/gcc/arm-none-eabi/4.9.3/../../../arm-none-eabi/lib/armv7-m/libc.a(lib_a-exit.o)
 .debug_info    0x0000000000000000      0x8e4 /usr/lib/gcc/arm-none-eabi/4.9.3/../../../arm-none-eabi/lib/armv7-m/libc.a(lib_a-exit.o)
 .debug_abbrev  0x0000000000000000      0x1e6 /usr/lib/gcc/arm-none-eabi/4.9.3/../../../arm-none-eabi/lib/armv7-m/libc.a(lib_a-exit.o)
 .debug_loc     0x0000000000000000       0x1e /usr/lib/gcc/arm-none-eabi/4.9.3/../../../arm-none-eabi/lib/armv7-m/libc.a(lib_a-exit.o)
 .debug_aranges
                0x0000000000000000       0x20 /usr/lib/gcc/arm-none-eabi/4.9.3/../../../arm-none-eabi/lib/armv7-m/libc.a(lib_a-exit.o)
 .debug_ranges  0x0000000000000000       0x10 /usr/lib/gcc/arm-none-eabi/4.9.3/../../../arm-none-eabi/lib/armv7-m/libc.a(lib_a-exit.o)
 .debug_line    0x0000000000000000      0x175 /usr/lib/gcc/arm-none-eabi/4.9.3/../../../arm-none-eabi/lib/armv7-m/libc.a(lib_a-exit.o)
 .debug_str     0x0000000000000000      0x595 /usr/lib/gcc/arm-none-eabi/4.9.3/../../../arm-none-eabi/lib/armv7-m/libc.a(lib_a-exit.o)
 .comment       0x0000000000000000       0x39 /usr/lib/gcc/arm-none-eabi/4.9.3/../../../arm-none-eabi/lib/armv7-m/libc.a(lib_a-exit.o)
 .debug_frame   0x0000000000000000       0x28 /usr/lib/gcc/arm-none-eabi/4.9.3/../../../arm-none-eabi/lib/armv7-m/libc.a(lib_a-exit.o)
 .ARM.attributes
                0x0000000000000000       0x2d /usr/lib/gcc/arm-none-eabi/4.9.3/../../../arm-none-eabi/lib/armv7-m/libc.a(lib_a-exit.o)
 .text          0x0000000000000000        0x0 /usr/lib/gcc/arm-none-eabi/4.9.3/../../../arm-none-eabi/lib/armv7-m/libc.a(lib_a-fini.o)
 .data          0x0000000000000000        0x0 /usr/lib/gcc/arm-none-eabi/4.9.3/../../../arm-none-eabi/lib/armv7-m/libc.a(lib_a-fini.o)
 .bss           0x0000000000000000        0x0 /usr/lib/gcc/arm-none-eabi/4.9.3/../../../arm-none-eabi/lib/armv7-m/libc.a(lib_a-fini.o)
 .text          0x0000000000000000        0x0 /usr/lib/gcc/arm-none-eabi/4.9.3/../../../arm-none-eabi/lib/armv7-m/libc.a(lib_a-impure.o)
 .data          0x0000000000000000        0x0 /usr/lib/gcc/arm-none-eabi/4.9.3/../../../arm-none-eabi/lib/armv7-m/libc.a(lib_a-impure.o)
 .bss           0x0000000000000000        0x0 /usr/lib/gcc/arm-none-eabi/4.9.3/../../../arm-none-eabi/lib/armv7-m/libc.a(lib_a-impure.o)
 .data._impure_ptr
                0x0000000000000000        0x4 /usr/lib/gcc/arm-none-eabi/4.9.3/../../../arm-none-eabi/lib/armv7-m/libc.a(lib_a-impure.o)
 .text          0x0000000000000000        0x0 /usr/lib/gcc/arm-none-eabi/4.9.3/../../../arm-none-eabi/lib/armv7-m/libc.a(lib_a-init.o)
 .data          0x0000000000000000        0x0 /usr/lib/gcc/arm-none-eabi/4.9.3/../../../arm-none-eabi/lib/armv7-m/libc.a(lib_a-init.o)
 .bss           0x0000000000000000        0x0 /usr/lib/gcc/arm-none-eabi/4.9.3/../../../arm-none-eabi/lib/armv7-m/libc.a(lib_a-init.o)
 .text          0x0000000000000000        0x0 /usr/lib/gcc/arm-none-eabi/4.9.3/../../../arm-none-eabi/lib/armv7-m/libc.a(lib_a-memset.o)
 .data          0x0000000000000000        0x0 /usr/lib/gcc/arm-none-eabi/4.9.3/../../../arm-none-eabi/lib/armv7-m/libc.a(lib_a-memset.o)
 .bss           0x0000000000000000        0x0 /usr/lib/gcc/arm-none-eabi/4.9.3/../../../arm-none-eabi/lib/armv7-m/libc.a(lib_a-memset.o)
 .text.memset   0x0000000000000000       0x9c /usr/lib/gcc/arm-none-eabi/4.9.3/../../../arm-none-eabi/lib/armv7-m/libc.a(lib_a-memset.o)
 .debug_info    0x0000000000000000      0x117 /usr/lib/gcc/arm-none-eabi/4.9.3/../../../arm-none-eabi/lib/armv7-m/libc.a(lib_a-memset.o)
 .debug_abbrev  0x0000000000000000       0x9f /usr/lib/gcc/arm-none-eabi/4.9.3/../../../arm-none-eabi/lib/armv7-m/libc.a(lib_a-memset.o)
 .debug_loc     0x0000000000000000      0x1ae /usr/lib/gcc/arm-none-eabi/4.9.3/../../../arm-none-eabi/lib/armv7-m/libc.a(lib_a-memset.o)
 .debug_aranges
                0x0000000000000000       0x20 /usr/lib/gcc/arm-none-eabi/4.9.3/../../../arm-none-eabi/lib/armv7-m/libc.a(lib_a-memset.o)
 .debug_ranges  0x0000000000000000       0x10 /usr/lib/gcc/arm-none-eabi/4.9.3/../../../arm-none-eabi/lib/armv7-m/libc.a(lib_a-memset.o)
 .debug_line    0x0000000000000000      0x119 /usr/lib/gcc/arm-none-eabi/4.9.3/../../../arm-none-eabi/lib/armv7-m/libc.a(lib_a-memset.o)
 .debug_str     0x0000000000000000      0x1cf /usr/lib/gcc/arm-none-eabi/4.9.3/../../../arm-none-eabi/lib/armv7-m/libc.a(lib_a-memset.o)
 .comment       0x0000000000000000       0x39 /usr/lib/gcc/arm-none-eabi/4.9.3/../../../arm-none-eabi/lib/armv7-m/libc.a(lib_a-memset.o)
 .debug_frame   0x0000000000000000       0x34 /usr/lib/gcc/arm-none-eabi/4.9.3/../../../arm-none-eabi/lib/armv7-m/libc.a(lib_a-memset.o)
 .ARM.attributes
                0x0000000000000000       0x2d /usr/lib/gcc/arm-none-eabi/4.9.3/../../../arm-none-eabi/lib/armv7-m/libc.a(lib_a-memset.o)
 .text          0x0000000000000000        0x0 /usr/lib/gcc/arm-none-eabi/4.9.3/../../../arm-none-eabi/lib/armv7-m/libc.a(lib_a-__atexit.o)
 .data          0x0000000000000000        0x0 /usr/lib/gcc/arm-none-eabi/4.9.3/../../../arm-none-eabi/lib/armv7-m/libc.a(lib_a-__atexit.o)
 .bss           0x0000000000000000        0x0 /usr/lib/gcc/arm-none-eabi/4.9.3/../../../arm-none-eabi/lib/armv7-m/libc.a(lib_a-__atexit.o)
 .text          0x0000000000000000        0x0 /usr/lib/gcc/arm-none-eabi/4.9.3/../../../arm-none-eabi/lib/armv7-m/libc.a(lib_a-__call_atexit.o)
 .data          0x0000000000000000        0x0 /usr/lib/gcc/arm-none-eabi/4.9.3/../../../arm-none-eabi/lib/armv7-m/libc.a(lib_a-__call_atexit.o)
 .bss           0x0000000000000000        0x0 /usr/lib/gcc/arm-none-eabi/4.9.3/../../../arm-none-eabi/lib/armv7-m/libc.a(lib_a-__call_atexit.o)
 .text.__call_exitprocs
                0x0000000000000000       0xd4 /usr/lib/gcc/arm-none-eabi/4.9.3/../../../arm-none-eabi/lib/armv7-m/libc.a(lib_a-__call_atexit.o)
 .text          0x0000000000000000        0x0 assembly_test.o
 .text.usb_bulk_in_handler
                0x0000000000000000       0x24 assembly_test.o
 .text.usb_bulk_out_handler
                0x0000000000000000       0x1c assembly_test.o
 .text          0x0000000000000000        0x0 ../common/usb_serial.o
 .data          0x0000000000000000        0xc ../common/usb_serial.o
 .bss           0x0000000000000000      0x168 ../common/usb_serial.o
 .rodata        0x0000000000000000       0xd2 ../common/usb_serial.o
 .text.HandleClassRequest
                0x0000000000000000       0x54 ../common/usb_serial.o
 .text.BulkOut  0x0000000000000000       0x68 ../common/usb_serial.o
 .text.SendNextBulkIn
                0x0000000000000000       0x88 ../common/usb_serial.o
 .text.BulkIn   0x0000000000000000       0x20 ../common/usb_serial.o
 .text.USBFrameHandler
                0x0000000000000000       0x34 ../common/usb_serial.o
 .text.USBDevIntHandler
                0x0000000000000000       0x28 ../common/usb_serial.o
 .text.VCOM_init
                0x0000000000000000       0x3c ../common/usb_serial.o
 .text.VCOM_putchar
                0x0000000000000000       0x30 ../common/usb_serial.o
 .text.VCOM_getchar
                0x0000000000000000       0x2c ../common/usb_serial.o
 .text.usb_serial_init
                0x0000000000000000       0x74 ../common/usb_serial.o
 .text          0x0000000000000000        0x0 ../common/serial_fifo.o
 .data          0x0000000000000000        0x0 ../common/serial_fifo.o
 .bss           0x0000000000000000        0x0 ../common/serial_fifo.o
 .text.fifo_init
                0x0000000000000000       0x28 ../common/serial_fifo.o
 .text.fifo_put
                0x0000000000000000       0x58 ../common/serial_fifo.o
 .text.fifo_get
                0x0000000000000000       0x5c ../common/serial_fifo.o
 .text.fifo_avail
                0x0000000000000000       0x38 ../common/serial_fifo.o
 .text.fifo_free
                0x0000000000000000       0x1c ../common/serial_fifo.o
 .debug_info    0x0000000000000000      0x19e ../common/serial_fifo.o
 .debug_abbrev  0x0000000000000000       0xf5 ../common/serial_fifo.o
 .debug_aranges
                0x0000000000000000       0x40 ../common/serial_fifo.o
 .debug_ranges  0x0000000000000000       0x30 ../common/serial_fifo.o
 .debug_line    0x0000000000000000       0xce ../common/serial_fifo.o
 .debug_str     0x0000000000000000      0x1d3 ../common/serial_fifo.o
 .comment       0x0000000000000000       0x39 ../common/serial_fifo.o
 .debug_frame   0x0000000000000000       0xd8 ../common/serial_fifo.o
 .ARM.attributes
                0x0000000000000000       0x33 ../common/serial_fifo.o
 .text          0x0000000000000000        0x0 ../common/LPC17xx_Startup.o
 .data          0x0000000000000000        0x0 ../common/LPC17xx_Startup.o
 .bss           0x0000000000000000        0x0 ../common/LPC17xx_Startup.o
 .text          0x0000000000000000        0x0 ../common/LPC17xx_Interrupts.o
 .data          0x0000000000000000        0x0 ../common/LPC17xx_Interrupts.o
 .bss           0x0000000000000000        0x0 ../common/LPC17xx_Interrupts.o
 .text          0x0000000000000000        0x0 ../common/ubertooth.o
 .data          0x0000000000000000        0x4 ../common/ubertooth.o
 .text.wait_ms  0x0000000000000000       0x20 ../common/ubertooth.o
 .text.rbit     0x0000000000000000       0x24 ../common/ubertooth.o
 .text.ubertooth_init
                0x0000000000000000       0x14 ../common/ubertooth.o
 .text.cc2400_spi_buf
                0x0000000000000000       0xec ../common/ubertooth.o
 .text.cc2400_tune_rx
                0x0000000000000000       0x20 ../common/ubertooth.o
 .text.cc2400_tune_tx
                0x0000000000000000       0x1c ../common/ubertooth.o
 .text.cc2400_hop_rx
                0x0000000000000000       0x5c ../common/ubertooth.o
 .text.cc2400_hop_tx
                0x0000000000000000       0x5c ../common/ubertooth.o
 .text          0x0000000000000000        0x0 ../common/lpcusb/target/usbcontrol.o
 .data          0x0000000000000000        0x0 ../common/lpcusb/target/usbcontrol.o
 .text          0x0000000000000000        0x0 ../common/lpcusb/target/usbinit.o
 .data          0x0000000000000000        0x0 ../common/lpcusb/target/usbinit.o
 .text          0x0000000000000000        0x0 ../common/lpcusb/target/usbhw_lpc.o
 .data          0x0000000000000000        0x0 ../common/lpcusb/target/usbhw_lpc.o
 .text.USBHwRegisterFrameHandler
                0x0000000000000000       0x2c ../common/lpcusb/target/usbhw_lpc.o
 .text.fast_wait
                0x0000000000000000       0x24 ../common/lpcusb/target/usbhw_lpc.o
 .text.USBHwISOCEPRead
                0x0000000000000000       0xe4 ../common/lpcusb/target/usbhw_lpc.o
 .text.USBSetupDMADescriptor
                0x0000000000000000       0xa8 ../common/lpcusb/target/usbhw_lpc.o
 .text.USBDisableDMAForEndpoint
                0x0000000000000000       0x38 ../common/lpcusb/target/usbhw_lpc.o
 .text.USBEnableDMAForEndpoint
                0x0000000000000000       0x38 ../common/lpcusb/target/usbhw_lpc.o
 .text.USBInitializeISOCFrameArray
                0x0000000000000000       0x58 ../common/lpcusb/target/usbhw_lpc.o
 .text.USBSetHeadDDForDMA
                0x0000000000000000       0x34 ../common/lpcusb/target/usbhw_lpc.o
 .text.USBInitializeUSBDMA
                0x0000000000000000       0x3c ../common/lpcusb/target/usbhw_lpc.o
 .text          0x0000000000000000        0x0 ../common/lpcusb/target/usbstdreq.o
 .text.USBRegisterWinusbInterface
                0x0000000000000000       0x78 ../common/lpcusb/target/usbstdreq.o
 .text.USBRegisterCustomReqHandler
                0x0000000000000000       0x1c ../common/lpcusb/target/usbstdreq.o
 .data          0x0000000000000000        0x0 /usr/lib/gcc/arm-none-eabi/4.9.3/../../../arm-none-eabi/lib/armv7-m/libc.a(lib_a-memcpy.o)
 .bss           0x0000000000000000        0x0 /usr/lib/gcc/arm-none-eabi/4.9.3/../../../arm-none-eabi/lib/armv7-m/libc.a(lib_a-memcpy.o)
 .text          0x0000000000000000        0x0 /usr/lib/gcc/arm-none-eabi/4.9.3/../../../arm-none-eabi/lib/armv7-m/libc.a(lib_a-strlen.o)
 .data          0x0000000000000000        0x0 /usr/lib/gcc/arm-none-eabi/4.9.3/../../../arm-none-eabi/lib/armv7-m/libc.a(lib_a-strlen.o)
 .bss           0x0000000000000000        0x0 /usr/lib/gcc/arm-none-eabi/4.9.3/../../../arm-none-eabi/lib/armv7-m/libc.a(lib_a-strlen.o)
 .text          0x0000000000000000        0x0 /usr/lib/gcc/arm-none-eabi/4.9.3/armv7-m/crtend.o
 .data          0x0000000000000000        0x0 /usr/lib/gcc/arm-none-eabi/4.9.3/armv7-m/crtend.o
 .bss           0x0000000000000000        0x0 /usr/lib/gcc/arm-none-eabi/4.9.3/armv7-m/crtend.o
 .eh_frame      0x0000000000000000        0x4 /usr/lib/gcc/arm-none-eabi/4.9.3/armv7-m/crtend.o
 .jcr           0x0000000000000000        0x4 /usr/lib/gcc/arm-none-eabi/4.9.3/armv7-m/crtend.o
 .text          0x0000000000000000        0x0 /usr/lib/gcc/arm-none-eabi/4.9.3/armv7-m/crtn.o
 .data          0x0000000000000000        0x0 /usr/lib/gcc/arm-none-eabi/4.9.3/armv7-m/crtn.o
 .bss           0x0000000000000000        0x0 /usr/lib/gcc/arm-none-eabi/4.9.3/armv7-m/crtn.o
 .text          0x0000000000000000        0x0 /usr/lib/gcc/arm-none-eabi/4.9.3/../../../arm-none-eabi/lib/armv7-m/libnosys.a(_exit.o)
 .data          0x0000000000000000        0x0 /usr/lib/gcc/arm-none-eabi/4.9.3/../../../arm-none-eabi/lib/armv7-m/libnosys.a(_exit.o)
 .bss           0x0000000000000000        0x0 /usr/lib/gcc/arm-none-eabi/4.9.3/../../../arm-none-eabi/lib/armv7-m/libnosys.a(_exit.o)
 .text._exit    0x0000000000000000        0x4 /usr/lib/gcc/arm-none-eabi/4.9.3/../../../arm-none-eabi/lib/armv7-m/libnosys.a(_exit.o)
 .debug_info    0x0000000000000000       0x58 /usr/lib/gcc/arm-none-eabi/4.9.3/../../../arm-none-eabi/lib/armv7-m/libnosys.a(_exit.o)
 .debug_abbrev  0x0000000000000000       0x55 /usr/lib/gcc/arm-none-eabi/4.9.3/../../../arm-none-eabi/lib/armv7-m/libnosys.a(_exit.o)
 .debug_aranges
                0x0000000000000000       0x20 /usr/lib/gcc/arm-none-eabi/4.9.3/../../../arm-none-eabi/lib/armv7-m/libnosys.a(_exit.o)
 .debug_ranges  0x0000000000000000       0x10 /usr/lib/gcc/arm-none-eabi/4.9.3/../../../arm-none-eabi/lib/armv7-m/libnosys.a(_exit.o)
 .debug_line    0x0000000000000000       0x5d /usr/lib/gcc/arm-none-eabi/4.9.3/../../../arm-none-eabi/lib/armv7-m/libnosys.a(_exit.o)
 .debug_str     0x0000000000000000      0x102 /usr/lib/gcc/arm-none-eabi/4.9.3/../../../arm-none-eabi/lib/armv7-m/libnosys.a(_exit.o)
 .comment       0x0000000000000000       0x39 /usr/lib/gcc/arm-none-eabi/4.9.3/../../../arm-none-eabi/lib/armv7-m/libnosys.a(_exit.o)
 .debug_frame   0x0000000000000000       0x20 /usr/lib/gcc/arm-none-eabi/4.9.3/../../../arm-none-eabi/lib/armv7-m/libnosys.a(_exit.o)
 .ARM.attributes
                0x0000000000000000       0x2d /usr/lib/gcc/arm-none-eabi/4.9.3/../../../arm-none-eabi/lib/armv7-m/libnosys.a(_exit.o)

Memory Configuration

Name             Origin             Length             Attributes
rom              0x0000000000000000 0x0000000000020000 xr
ram              0x0000000010000000 0x0000000000004000 xrw
*default*        0x0000000000000000 0xffffffffffffffff

Linker script and memory map

LOAD /usr/lib/gcc/arm-none-eabi/4.9.3/armv7-m/crti.o
LOAD /usr/lib/gcc/arm-none-eabi/4.9.3/armv7-m/crtbegin.o
LOAD /usr/lib/gcc/arm-none-eabi/4.9.3/../../../arm-none-eabi/lib/armv7-m/crt0.o
START GROUP
LOAD /usr/lib/gcc/arm-none-eabi/4.9.3/../../../arm-none-eabi/lib/armv7-m/libc.a
LOAD /usr/lib/gcc/arm-none-eabi/4.9.3/../../../arm-none-eabi/lib/armv7-m/libg.a
LOAD /usr/lib/gcc/arm-none-eabi/4.9.3/armv7-m/libgcc.a
LOAD /usr/lib/gcc/arm-none-eabi/4.9.3/../../../arm-none-eabi/lib/armv7-m/libm.a
END GROUP
LOAD assembly_test.o
LOAD ../common/usb_serial.o
LOAD ../common/serial_fifo.o
LOAD ../common/LPC17xx_Startup.o
LOAD ../common/LPC17xx_Interrupts.o
LOAD ../common/ubertooth.o
LOAD ../common/lpcusb/target/usbcontrol.o
LOAD ../common/lpcusb/target/usbinit.o
LOAD ../common/lpcusb/target/usbhw_lpc.o
LOAD ../common/lpcusb/target/usbstdreq.o
START GROUP
LOAD /usr/lib/gcc/arm-none-eabi/4.9.3/armv7-m/libgcc.a
LOAD /usr/lib/gcc/arm-none-eabi/4.9.3/../../../arm-none-eabi/lib/armv7-m/libc.a
END GROUP
LOAD /usr/lib/gcc/arm-none-eabi/4.9.3/armv7-m/crtend.o
LOAD /usr/lib/gcc/arm-none-eabi/4.9.3/armv7-m/crtn.o
START GROUP
LOAD /usr/lib/gcc/arm-none-eabi/4.9.3/armv7-m/libgcc.a
LOAD /usr/lib/gcc/arm-none-eabi/4.9.3/../../../arm-none-eabi/lib/armv7-m/libc.a
LOAD /usr/lib/gcc/arm-none-eabi/4.9.3/../../../arm-none-eabi/lib/armv7-m/libm.a
LOAD /usr/lib/gcc/arm-none-eabi/4.9.3/../../../arm-none-eabi/lib/armv7-m/libnosys.a
END GROUP

.text           0x0000000000000000     0x34b0
                0x0000000000000000                . = ALIGN (0x400)
                0x0000000000000000                _interrupt_vector_table = .
 *(.irq_handler_table)
 .irq_handler_table
                0x0000000000000000       0xcc ../common/LPC17xx_Interrupts.o
                0x0000000000000000                _NVIC_Handler_Functions
 *(.text .text.* .gnu.linkonce.t.*)
 .text          0x00000000000000cc       0xa4 /usr/lib/gcc/arm-none-eabi/4.9.3/armv7-m/crtbegin.o
 .text.atexit   0x0000000000000170        0xc /usr/lib/gcc/arm-none-eabi/4.9.3/../../../arm-none-eabi/lib/armv7-m/libc.a(lib_a-atexit.o)
                0x0000000000000170                atexit
 .text.__libc_fini_array
                0x000000000000017c       0x2c /usr/lib/gcc/arm-none-eabi/4.9.3/../../../arm-none-eabi/lib/armv7-m/libc.a(lib_a-fini.o)
                0x000000000000017c                __libc_fini_array
 .text.__libc_init_array
                0x00000000000001a8       0x50 /usr/lib/gcc/arm-none-eabi/4.9.3/../../../arm-none-eabi/lib/armv7-m/libc.a(lib_a-init.o)
                0x00000000000001a8                __libc_init_array
 .text.__register_exitproc
                0x00000000000001f8       0xa4 /usr/lib/gcc/arm-none-eabi/4.9.3/../../../arm-none-eabi/lib/armv7-m/libc.a(lib_a-__atexit.o)
                0x00000000000001f8                __register_exitproc
 .text.startup.register_fini
                0x000000000000029c       0x14 /usr/lib/gcc/arm-none-eabi/4.9.3/../../../arm-none-eabi/lib/armv7-m/libc.a(lib_a-__call_atexit.o)
 .text.queue_init
                0x00000000000002b0       0x20 assembly_test.o
                0x00000000000002b0                queue_init
 .text.enqueue  0x00000000000002d0       0xd8 assembly_test.o
                0x00000000000002d0                enqueue
 .text.dequeue  0x00000000000003a8       0x68 assembly_test.o
                0x00000000000003a8                dequeue
 .text.usb_vendor_request_handler
                0x0000000000000410      0x5b4 assembly_test.o
 .text.ubertooth_usb_init
                0x00000000000009c4       0x30 assembly_test.o
                0x00000000000009c4                ubertooth_usb_init
 .text.clkn_init
                0x00000000000009f4       0x58 assembly_test.o
 .text.TIMER0_IRQHandler
                0x0000000000000a4c       0x3c assembly_test.o
                0x0000000000000a4c                TIMER0_IRQHandler
 .text.dma_init
                0x0000000000000a88      0x13c assembly_test.o
 .text.DMA_IRQHandler
                0x0000000000000bc4       0x78 assembly_test.o
                0x0000000000000bc4                DMA_IRQHandler
 .text.dio_ssp_start
                0x0000000000000c3c       0x64 assembly_test.o
 .text.cc2400_rx
                0x0000000000000ca0       0xe8 assembly_test.o
                0x0000000000000ca0                cc2400_rx
 .text.cc2400_txtest
                0x0000000000000d88       0xd8 assembly_test.o
                0x0000000000000d88                cc2400_txtest
 .text.cc2400_rangetest
                0x0000000000000e60      0x464 assembly_test.o
                0x0000000000000e60                cc2400_rangetest
 .text.cc2400_repeater
                0x00000000000012c4      0x284 assembly_test.o
                0x00000000000012c4                cc2400_repeater
 .text.bt_stream_rx
                0x0000000000001548      0x128 assembly_test.o
                0x0000000000001548                bt_stream_rx
 .text.specan   0x0000000000001670      0x1ac assembly_test.o
                0x0000000000001670                specan
 .text.find_giac
                0x000000000000181c      0x14c assembly_test.o
                0x000000000000181c                find_giac
 .text.bt_test_rx
                0x0000000000001968       0xe8 assembly_test.o
                0x0000000000001968                bt_test_rx
 .text.waitms   0x0000000000001a50       0x2c assembly_test.o
                0x0000000000001a50                waitms
 .text.main     0x0000000000001a7c      0x174 assembly_test.o
                0x0000000000001a7c                main
 .text.USB_IRQHandler
                0x0000000000001bf0        0xc ../common/usb_serial.o
                0x0000000000001bf0                USB_IRQHandler
 .text.Reset_Handler
                0x0000000000001bfc       0x6c ../common/LPC17xx_Startup.o
                0x0000000000001bfc                Reset_Handler
 .text.Default_Handler
                0x0000000000001c68        0x8 ../common/LPC17xx_Interrupts.o
                0x0000000000001c68                TIMER2_IRQHandler
                0x0000000000001c68                DebugMon_Handler
                0x0000000000001c68                RIT_IRQHandler
                0x0000000000001c68                I2C0_IRQHandler
                0x0000000000001c68                HardFault_Handler
                0x0000000000001c68                SysTick_Handler
                0x0000000000001c68                PWM1_IRQHandler
                0x0000000000001c68                PendSV_Handler
                0x0000000000001c68                NMI_Handler
                0x0000000000001c68                I2C1_IRQHandler
                0x0000000000001c68                EINT2_IRQHandler
                0x0000000000001c68                UART1_IRQHandler
                0x0000000000001c68                EINT3_IRQHandler
                0x0000000000001c68                TIMER3_IRQHandler
                0x0000000000001c68                UART0_IRQHandler
                0x0000000000001c68                MemManagement_Handler
                0x0000000000001c68                UsageFault_Handler
                0x0000000000001c68                PLL0_IRQHandler
                0x0000000000001c68                CAN_IRQHandler
                0x0000000000001c68                PLL1_IRQHandler
                0x0000000000001c68                SSP0_IRQHandler
                0x0000000000001c68                I2S_IRQHandler
                0x0000000000001c68                I2C2_IRQHandler
                0x0000000000001c68                RTC_IRQHandler
                0x0000000000001c68                SPI_IRQHandler
                0x0000000000001c68                EINT1_IRQHandler
                0x0000000000001c68                TIMER1_IRQHandler
                0x0000000000001c68                UART2_IRQHandler
                0x0000000000001c68                ADC_IRQHandler
                0x0000000000001c68                SSP1_IRQHandler
                0x0000000000001c68                BOD_IRQHandler
                0x0000000000001c68                WDT_IRQHandler
                0x0000000000001c68                SVC_Handler
                0x0000000000001c68                QEI_IRQHandler
                0x0000000000001c68                EINT0_IRQHandler
                0x0000000000001c68                USBACT_IRQHandler
                0x0000000000001c68                CANACT_IRQHandler
                0x0000000000001c68                BusFault_Handler
                0x0000000000001c68                UART3_IRQHandler
                0x0000000000001c68                MCPWM_IRQHandler
                0x0000000000001c68                ENET_IRQHandler
 .text.wait     0x0000000000001c70       0x24 ../common/ubertooth.o
                0x0000000000001c70                wait
 .text.wait_us  0x0000000000001c94       0x4c ../common/ubertooth.o
                0x0000000000001c94                wait_us
 .text.gpio_init
                0x0000000000001ce0       0x74 ../common/ubertooth.o
                0x0000000000001ce0                gpio_init
 .text.all_pins_off
                0x0000000000001d54      0x108 ../common/ubertooth.o
                0x0000000000001d54                all_pins_off
 .text.dio_ssp_init
                0x0000000000001e5c       0x70 ../common/ubertooth.o
                0x0000000000001e5c                dio_ssp_init
 .text.atest_init
                0x0000000000001ecc       0x48 ../common/ubertooth.o
                0x0000000000001ecc                atest_init
 .text.cc2400_init
                0x0000000000001f14       0x38 ../common/ubertooth.o
                0x0000000000001f14                cc2400_init
 .text.cc2400_spi
                0x0000000000001f4c       0x88 ../common/ubertooth.o
                0x0000000000001f4c                cc2400_spi
 .text.cc2400_get
                0x0000000000001fd4       0x2c ../common/ubertooth.o
                0x0000000000001fd4                cc2400_get
 .text.cc2400_set
                0x0000000000002000       0x28 ../common/ubertooth.o
                0x0000000000002000                cc2400_set
 .text.cc2400_get8
                0x0000000000002028       0x34 ../common/ubertooth.o
                0x0000000000002028                cc2400_get8
 .text.cc2400_set8
                0x000000000000205c       0x28 ../common/ubertooth.o
                0x000000000000205c                cc2400_set8
 .text.cc2400_status
                0x0000000000002084       0x14 ../common/ubertooth.o
                0x0000000000002084                cc2400_status
 .text.cc2400_strobe
                0x0000000000002098       0x20 ../common/ubertooth.o
                0x0000000000002098                cc2400_strobe
 .text.cc2400_reset
                0x00000000000020b8       0x38 ../common/ubertooth.o
                0x00000000000020b8                cc2400_reset
 .text.clock_start
                0x00000000000020f0      0x1bc ../common/ubertooth.o
                0x00000000000020f0                clock_start
 .text.reset    0x00000000000022ac       0x3c ../common/ubertooth.o
                0x00000000000022ac                reset
 .text._HandleRequest
                0x00000000000022e8       0x6c ../common/lpcusb/target/usbcontrol.o
 .text.StallControlPipe
                0x0000000000002354       0x34 ../common/lpcusb/target/usbcontrol.o
 .text.DataIn   0x0000000000002388       0x48 ../common/lpcusb/target/usbcontrol.o
 .text.USBHandleControlTransfer
                0x00000000000023d0      0x160 ../common/lpcusb/target/usbcontrol.o
                0x00000000000023d0                USBHandleControlTransfer
 .text.USBRegisterRequestHandler
                0x0000000000002530       0x34 ../common/lpcusb/target/usbcontrol.o
                0x0000000000002530                USBRegisterRequestHandler
 .text.HandleUsbReset
                0x0000000000002564       0x14 ../common/lpcusb/target/usbinit.o
 .text.USBInit  0x0000000000002578       0x50 ../common/lpcusb/target/usbinit.o
                0x0000000000002578                USBInit
 .text.Wait4DevInt
                0x00000000000025c8       0x30 ../common/lpcusb/target/usbhw_lpc.o
 .text.USBHwCmd
                0x00000000000025f8       0x30 ../common/lpcusb/target/usbhw_lpc.o
 .text.USBHwCmdWrite
                0x0000000000002628       0x34 ../common/lpcusb/target/usbhw_lpc.o
 .text.USBHwCmdRead
                0x000000000000265c       0x3c ../common/lpcusb/target/usbhw_lpc.o
 .text.USBHwEPRealize
                0x0000000000002698       0x44 ../common/lpcusb/target/usbhw_lpc.o
 .text.USBHwEPEnable
                0x00000000000026dc       0x30 ../common/lpcusb/target/usbhw_lpc.o
 .text.USBHwEPConfig
                0x000000000000270c       0x3c ../common/lpcusb/target/usbhw_lpc.o
                0x000000000000270c                USBHwEPConfig
 .text.USBHwRegisterEPIntHandler
                0x0000000000002748       0x64 ../common/lpcusb/target/usbhw_lpc.o
                0x0000000000002748                USBHwRegisterEPIntHandler
 .text.USBHwRegisterDevIntHandler
                0x00000000000027ac       0x2c ../common/lpcusb/target/usbhw_lpc.o
                0x00000000000027ac                USBHwRegisterDevIntHandler
 .text.USBHwSetAddress
                0x00000000000027d8       0x24 ../common/lpcusb/target/usbhw_lpc.o
                0x00000000000027d8                USBHwSetAddress
 .text.USBHwConnect
                0x00000000000027fc       0x24 ../common/lpcusb/target/usbhw_lpc.o
                0x00000000000027fc                USBHwConnect
 .text.USBHwNakIntEnable
                0x0000000000002820       0x1c ../common/lpcusb/target/usbhw_lpc.o
                0x0000000000002820                USBHwNakIntEnable
 .text.USBHwEPGetStatus
                0x000000000000283c       0x30 ../common/lpcusb/target/usbhw_lpc.o
                0x000000000000283c                USBHwEPGetStatus
 .text.USBHwEPStall
                0x000000000000286c       0x48 ../common/lpcusb/target/usbhw_lpc.o
                0x000000000000286c                USBHwEPStall
 .text.USBHwEPWrite
                0x00000000000028b4       0x9c ../common/lpcusb/target/usbhw_lpc.o
                0x00000000000028b4                USBHwEPWrite
 .text.USBHwEPRead
                0x0000000000002950       0xcc ../common/lpcusb/target/usbhw_lpc.o
                0x0000000000002950                USBHwEPRead
 .text.USBHwConfigDevice
                0x0000000000002a1c       0x24 ../common/lpcusb/target/usbhw_lpc.o
                0x0000000000002a1c                USBHwConfigDevice
 .text.USBHwISR
                0x0000000000002a40      0x194 ../common/lpcusb/target/usbhw_lpc.o
                0x0000000000002a40                USBHwISR
 .text.USBHwInit
                0x0000000000002bd4       0xec ../common/lpcusb/target/usbhw_lpc.o
                0x0000000000002bd4                USBHwInit
 .text.USBFilterOsVendorMessage
                0x0000000000002cc0       0xd0 ../common/lpcusb/target/usbstdreq.o
                0x0000000000002cc0                USBFilterOsVendorMessage
 .text.USBGetOsStringDescriptor
                0x0000000000002d90       0x34 ../common/lpcusb/target/usbstdreq.o
                0x0000000000002d90                USBGetOsStringDescriptor
 .text.USBRegisterDescriptors
                0x0000000000002dc4       0x1c ../common/lpcusb/target/usbstdreq.o
                0x0000000000002dc4                USBRegisterDescriptors
 .text.USBGetDescriptor
                0x0000000000002de0       0xb8 ../common/lpcusb/target/usbstdreq.o
                0x0000000000002de0                USBGetDescriptor
 .text.USBSetConfiguration
                0x0000000000002e98       0xb8 ../common/lpcusb/target/usbstdreq.o
 .text.HandleStdDeviceReq
                0x0000000000002f50       0xd4 ../common/lpcusb/target/usbstdreq.o
 .text.HandleStdInterfaceReq
                0x0000000000003024       0xa0 ../common/lpcusb/target/usbstdreq.o
 .text.HandleStdEndPointReq
                0x00000000000030c4       0xd0 ../common/lpcusb/target/usbstdreq.o
 .text.USBHandleStandardRequest
                0x0000000000003194       0x78 ../common/lpcusb/target/usbstdreq.o
                0x0000000000003194                USBHandleStandardRequest
 .text          0x000000000000320c       0xec /usr/lib/gcc/arm-none-eabi/4.9.3/../../../arm-none-eabi/lib/armv7-m/libc.a(lib_a-memcpy.o)
                0x000000000000320c                memcpy
 .text.strlen   0x00000000000032f8       0x5c /usr/lib/gcc/arm-none-eabi/4.9.3/../../../arm-none-eabi/lib/armv7-m/libc.a(lib_a-strlen.o)
                0x00000000000032f8                strlen
 *(.rodata .rodata.* .gnu.linkonce.r.*)
 .rodata.str1.4
                0x0000000000003354        0x4 /usr/lib/gcc/arm-none-eabi/4.9.3/../../../arm-none-eabi/lib/armv7-m/libc.a(lib_a-impure.o)
 .rodata._global_impure_ptr
                0x0000000000003358        0x4 /usr/lib/gcc/arm-none-eabi/4.9.3/../../../arm-none-eabi/lib/armv7-m/libc.a(lib_a-impure.o)
                0x0000000000003358                _global_impure_ptr
 .rodata        0x000000000000335c      0x104 assembly_test.o
 .rodata        0x0000000000003460       0x28 ../common/lpcusb/target/usbstdreq.o
 *(.eh_frame_hdr)
 *(.eh_frame)
 .eh_frame      0x0000000000003488        0x0 /usr/lib/gcc/arm-none-eabi/4.9.3/armv7-m/crtbegin.o
                0x0000000000003488                . = ALIGN (0x4)
 *(.init)
 .init          0x0000000000003488        0x4 /usr/lib/gcc/arm-none-eabi/4.9.3/armv7-m/crti.o
                0x0000000000003488                _init
 .init          0x000000000000348c        0x8 /usr/lib/gcc/arm-none-eabi/4.9.3/armv7-m/crtn.o
                0x0000000000003494                . = ALIGN (0x4)
                0x0000000000003494                __preinit_array_start = .
 *(.preinit_array)
                0x0000000000003494                __preinit_array_end = .
                0x0000000000003494                . = ALIGN (0x4)
                0x0000000000003494                __init_array_start = .
 *(SORT(.init_array.*))
 .init_array.00000
                0x0000000000003494        0x4 /usr/lib/gcc/arm-none-eabi/4.9.3/../../../arm-none-eabi/lib/armv7-m/libc.a(lib_a-__call_atexit.o)
 *(.init_array)
 .init_array    0x0000000000003498        0x4 /usr/lib/gcc/arm-none-eabi/4.9.3/armv7-m/crtbegin.o
                0x000000000000349c                __init_array_end = .
                0x000000000000349c                . = ALIGN (0x4)
 *crtbegin.o(.ctors)
 *(EXCLUDE_FILE(*crtend.o) .ctors)
 *(SORT(.ctors.*))
 *crtend.o(.ctors)
                0x000000000000349c                . = ALIGN (0x4)
 *(.fini)
 .fini          0x000000000000349c        0x4 /usr/lib/gcc/arm-none-eabi/4.9.3/armv7-m/crti.o
                0x000000000000349c                _fini
 .fini          0x00000000000034a0        0x8 /usr/lib/gcc/arm-none-eabi/4.9.3/armv7-m/crtn.o
                0x00000000000034a8                . = ALIGN (0x4)
                0x00000000000034a8                __fini_array_start = .
 *(.fini_array)
 .fini_array    0x00000000000034a8        0x4 /usr/lib/gcc/arm-none-eabi/4.9.3/armv7-m/crtbegin.o
 *(SORT(.fini_array.*))
                0x00000000000034ac                __fini_array_end = .
 *crtbegin.o(.dtors)
 *(EXCLUDE_FILE(*crtend.o) .dtors)
 *(SORT(.dtors.*))
 *crtend.o(.dtors)
                0x00000000000034b0                . = ALIGN (0x8)
 *fill*         0x00000000000034ac        0x4 
                0x00000000000034b0                _etext = .

.glue_7         0x00000000000034b0        0x0
 .glue_7        0x00000000000034b0        0x0 linker stubs

.glue_7t        0x00000000000034b0        0x0
 .glue_7t       0x00000000000034b0        0x0 linker stubs

.vfp11_veneer   0x00000000000034b0        0x0
 .vfp11_veneer  0x00000000000034b0        0x0 linker stubs

.v4_bx          0x00000000000034b0        0x0
 .v4_bx         0x00000000000034b0        0x0 linker stubs

.iplt           0x00000000000034b0        0x0
 .iplt          0x00000000000034b0        0x0 /usr/lib/gcc/arm-none-eabi/4.9.3/armv7-m/crtbegin.o

.rel.dyn        0x00000000000034b0        0x0
 .rel.iplt      0x00000000000034b0        0x0 /usr/lib/gcc/arm-none-eabi/4.9.3/armv7-m/crtbegin.o

.ARM.extab
 *(.ARM.extab* .gnu.linkonce.armextab.*)
                0x00000000000034b0                __exidx_start = .

.ARM.exidx
 *(.ARM.exidx* .gnu.linkonce.armexidx.*)
                0x00000000000034b0                __exidx_end = .
                0x00000000000034b0                _etext = .

.persistent     0x0000000010000000       0x20
                0x0000000010000000                _persistent_start = .
                0x0000000010000020                . = (. + 0x20)
 *fill*         0x0000000010000000       0x20 
                0x0000000010000020                _persistent_end = .
                0x000000001000001c                bootloader_ctrl = (_persistent_start + 0x1c)

.data           0x0000000010000020      0x4e2 load address 0x00000000000034b0
                0x0000000010000020                _data = .
 *(vtable)
 *(.data*)
 .data.impure_data
                0x0000000010000020      0x428 /usr/lib/gcc/arm-none-eabi/4.9.3/../../../arm-none-eabi/lib/armv7-m/libc.a(lib_a-impure.o)
 .data          0x0000000010000448       0x12 assembly_test.o
                0x000000001000044c                active_rxbuf
                0x0000000010000450                idle_rxbuf
                0x0000000010000454                channel
                0x0000000010000456                low_freq
                0x0000000010000458                high_freq
 *fill*         0x000000001000045a        0x2 
 .data          0x000000001000045c       0xa6 ../common/lpcusb/target/usbstdreq.o
                0x0000000010000502                _edata = .

.jcr            0x0000000010000504        0x0 load address 0x0000000000003992
 .jcr           0x0000000010000504        0x0 /usr/lib/gcc/arm-none-eabi/4.9.3/armv7-m/crtbegin.o

.tm_clone_table
                0x0000000010000504        0x0 load address 0x0000000000003992
 .tm_clone_table
                0x0000000010000504        0x0 /usr/lib/gcc/arm-none-eabi/4.9.3/armv7-m/crtbegin.o
 .tm_clone_table
                0x0000000010000504        0x0 /usr/lib/gcc/arm-none-eabi/4.9.3/armv7-m/crtend.o

.igot.plt       0x0000000010000504        0x0 load address 0x0000000000003992
 .igot.plt      0x0000000010000504        0x0 /usr/lib/gcc/arm-none-eabi/4.9.3/armv7-m/crtbegin.o

.bss            0x0000000010000504     0x2180 load address 0x0000000000003992
                0x0000000010000504                _bss = .
                0x0000000010000504                __bss_start__ = .
 *(.bss*)
 .bss           0x0000000010000504       0x1c /usr/lib/gcc/arm-none-eabi/4.9.3/armv7-m/crtbegin.o
 .bss           0x0000000010000520       0x2d assembly_test.o
                0x0000000010000520                mode
                0x0000000010000524                requested_mode
                0x0000000010000528                modulation
                0x000000001000052c                rx_pkts
                0x0000000010000530                status
                0x0000000010000534                head
                0x0000000010000538                tail
 *fill*         0x000000001000054d        0x3 
 .bss           0x0000000010000550        0x4 ../common/ubertooth.o
 .bss           0x0000000010000554       0x34 ../common/lpcusb/target/usbcontrol.o
 .bss           0x0000000010000588        0x8 ../common/lpcusb/target/usbinit.o
 .bss           0x0000000010000590       0x48 ../common/lpcusb/target/usbhw_lpc.o
 .bss           0x00000000100005d8        0xd ../common/lpcusb/target/usbstdreq.o
 *(COMMON)
 *fill*         0x00000000100005e5        0x3 
 COMMON         0x00000000100005e8     0x209c assembly_test.o
                0x00000000100005e8                rx_tc
                0x00000000100005ec                rx_dma_lli2
                0x00000000100005fc                clkn_high
                0x0000000010000600                fifo
                0x0000000010002600                rxbuf2
                0x0000000010002634                rx_dma_lli1
                0x0000000010002644                rr
                0x000000001000264c                rxbuf1
                0x0000000010002680                rx_err
                0x0000000010002684                _ebss = .
                0x0000000010002684                __bss_end__ = .

.cr_heap        0x0000000010002684        0x0 load address 0x0000000000003992
                0x0000000010002684                end = .
                0x0000000010002684                __end__ = .
                0x0000000010002684                _pvHeapStart = .
                0x0000000010003fe0                _StackTop = ((ORIGIN (ram) + LENGTH (ram)) - 0x20)
OUTPUT(assembly_test.elf elf32-littlearm)

.ARM.attributes
                0x0000000000000000       0x29
 .ARM.attributes
                0x0000000000000000       0x1d /usr/lib/gcc/arm-none-eabi/4.9.3/armv7-m/crti.o
 .ARM.attributes
                0x000000000000001d       0x2d /usr/lib/gcc/arm-none-eabi/4.9.3/armv7-m/crtbegin.o
 .ARM.attributes
                0x000000000000004a       0x2d /usr/lib/gcc/arm-none-eabi/4.9.3/../../../arm-none-eabi/lib/armv7-m/libc.a(lib_a-atexit.o)
 .ARM.attributes
                0x0000000000000077       0x2d /usr/lib/gcc/arm-none-eabi/4.9.3/../../../arm-none-eabi/lib/armv7-m/libc.a(lib_a-fini.o)
 .ARM.attributes
                0x00000000000000a4       0x2d /usr/lib/gcc/arm-none-eabi/4.9.3/../../../arm-none-eabi/lib/armv7-m/libc.a(lib_a-impure.o)
 .ARM.attributes
                0x00000000000000d1       0x2d /usr/lib/gcc/arm-none-eabi/4.9.3/../../../arm-none-eabi/lib/armv7-m/libc.a(lib_a-init.o)
 .ARM.attributes
                0x00000000000000fe       0x2d /usr/lib/gcc/arm-none-eabi/4.9.3/../../../arm-none-eabi/lib/armv7-m/libc.a(lib_a-__atexit.o)
 .ARM.attributes
                0x000000000000012b       0x2d /usr/lib/gcc/arm-none-eabi/4.9.3/../../../arm-none-eabi/lib/armv7-m/libc.a(lib_a-__call_atexit.o)
 .ARM.attributes
                0x0000000000000158       0x33 assembly_test.o
 .ARM.attributes
                0x000000000000018b       0x33 ../common/usb_serial.o
 .ARM.attributes
                0x00000000000001be       0x33 ../common/LPC17xx_Startup.o
 .ARM.attributes
                0x00000000000001f1       0x33 ../common/LPC17xx_Interrupts.o
 .ARM.attributes
                0x0000000000000224       0x33 ../common/ubertooth.o
 .ARM.attributes
                0x0000000000000257       0x33 ../common/lpcusb/target/usbcontrol.o
 .ARM.attributes
                0x000000000000028a       0x33 ../common/lpcusb/target/usbinit.o
 .ARM.attributes
                0x00000000000002bd       0x33 ../common/lpcusb/target/usbhw_lpc.o
 .ARM.attributes
                0x00000000000002f0       0x33 ../common/lpcusb/target/usbstdreq.o
 .ARM.attributes
                0x0000000000000323       0x1b /usr/lib/gcc/arm-none-eabi/4.9.3/../../../arm-none-eabi/lib/armv7-m/libc.a(lib_a-memcpy.o)
 .ARM.attributes
                0x000000000000033e       0x2d /usr/lib/gcc/arm-none-eabi/4.9.3/../../../arm-none-eabi/lib/armv7-m/libc.a(lib_a-strlen.o)
 .ARM.attributes
                0x000000000000036b       0x2d /usr/lib/gcc/arm-none-eabi/4.9.3/armv7-m/crtend.o
 .ARM.attributes
                0x0000000000000398       0x1d /usr/lib/gcc/arm-none-eabi/4.9.3/armv7-m/crtn.o

.comment        0x0000000000000000       0x70
 .comment       0x0000000000000000       0x38 /usr/lib/gcc/arm-none-eabi/4.9.3/armv7-m/crtbegin.o
                                         0x39 (size before relaxing)
 .comment       0x0000000000000038       0x38 /usr/lib/gcc/arm-none-eabi/4.9.3/../../../arm-none-eabi/lib/armv7-m/libc.a(lib_a-atexit.o)
                                         0x39 (size before relaxing)
 .comment       0x0000000000000070       0x39 /usr/lib/gcc/arm-none-eabi/4.9.3/../../../arm-none-eabi/lib/armv7-m/libc.a(lib_a-fini.o)
 .comment       0x0000000000000070       0x39 /usr/lib/gcc/arm-none-eabi/4.9.3/../../../arm-none-eabi/lib/armv7-m/libc.a(lib_a-impure.o)
 .comment       0x0000000000000070       0x39 /usr/lib/gcc/arm-none-eabi/4.9.3/../../../arm-none-eabi/lib/armv7-m/libc.a(lib_a-init.o)
 .comment       0x0000000000000070       0x39 /usr/lib/gcc/arm-none-eabi/4.9.3/../../../arm-none-eabi/lib/armv7-m/libc.a(lib_a-__atexit.o)
 .comment       0x0000000000000070       0x39 /usr/lib/gcc/arm-none-eabi/4.9.3/../../../arm-none-eabi/lib/armv7-m/libc.a(lib_a-__call_atexit.o)
 .comment       0x0000000000000070       0x39 assembly_test.o
 .comment       0x0000000000000070       0x39 ../common/usb_serial.o
 .comment       0x0000000000000070       0x39 ../common/LPC17xx_Startup.o
 .comment       0x0000000000000070       0x39 ../common/LPC17xx_Interrupts.o
 .comment       0x0000000000000070       0x39 ../common/ubertooth.o
 .comment       0x0000000000000070       0x39 ../common/lpcusb/target/usbcontrol.o
 .comment       0x0000000000000070       0x39 ../common/lpcusb/target/usbinit.o
 .comment       0x0000000000000070       0x39 ../common/lpcusb/target/usbhw_lpc.o
 .comment       0x0000000000000070       0x39 ../common/lpcusb/target/usbstdreq.o
 .comment       0x0000000000000070       0x39 /usr/lib/gcc/arm-none-eabi/4.9.3/../../../arm-none-eabi/lib/armv7-m/libc.a(lib_a-strlen.o)
 .comment       0x0000000000000070       0x39 /usr/lib/gcc/arm-none-eabi/4.9.3/armv7-m/crtend.o

.debug_info     0x0000000000000000     0x47d4
 .debug_info    0x0000000000000000      0x10a /usr/lib/gcc/arm-none-eabi/4.9.3/../../../arm-none-eabi/lib/armv7-m/libc.a(lib_a-atexit.o)
 .debug_info    0x000000000000010a       0xef /usr/lib/gcc/arm-none-eabi/4.9.3/../../../arm-none-eabi/lib/armv7-m/libc.a(lib_a-fini.o)
 .debug_info    0x00000000000001f9      0x894 /usr/lib/gcc/arm-none-eabi/4.9.3/../../../arm-none-eabi/lib/armv7-m/libc.a(lib_a-impure.o)
 .debug_info    0x0000000000000a8d      0x105 /usr/lib/gcc/arm-none-eabi/4.9.3/../../../arm-none-eabi/lib/armv7-m/libc.a(lib_a-init.o)
 .debug_info    0x0000000000000b92      0x934 /usr/lib/gcc/arm-none-eabi/4.9.3/../../../arm-none-eabi/lib/armv7-m/libc.a(lib_a-__atexit.o)
 .debug_info    0x00000000000014c6      0x9a9 /usr/lib/gcc/arm-none-eabi/4.9.3/../../../arm-none-eabi/lib/armv7-m/libc.a(lib_a-__call_atexit.o)
 .debug_info    0x0000000000001e6f      0xb74 assembly_test.o
 .debug_info    0x00000000000029e3      0x497 ../common/usb_serial.o
 .debug_info    0x0000000000002e7a       0xf1 ../common/LPC17xx_Startup.o
 .debug_info    0x0000000000002f6b       0x7d ../common/LPC17xx_Interrupts.o
 .debug_info    0x0000000000002fe8      0x4dd ../common/ubertooth.o
 .debug_info    0x00000000000034c5      0x2e8 ../common/lpcusb/target/usbcontrol.o
 .debug_info    0x00000000000037ad       0xb8 ../common/lpcusb/target/usbinit.o
 .debug_info    0x0000000000003865      0x840 ../common/lpcusb/target/usbhw_lpc.o
 .debug_info    0x00000000000040a5      0x5ad ../common/lpcusb/target/usbstdreq.o
 .debug_info    0x0000000000004652       0xcd /usr/lib/gcc/arm-none-eabi/4.9.3/../../../arm-none-eabi/lib/armv7-m/libc.a(lib_a-memcpy.o)
 .debug_info    0x000000000000471f       0xb5 /usr/lib/gcc/arm-none-eabi/4.9.3/../../../arm-none-eabi/lib/armv7-m/libc.a(lib_a-strlen.o)

.debug_abbrev   0x0000000000000000     0x158c
 .debug_abbrev  0x0000000000000000       0xb8 /usr/lib/gcc/arm-none-eabi/4.9.3/../../../arm-none-eabi/lib/armv7-m/libc.a(lib_a-atexit.o)
 .debug_abbrev  0x00000000000000b8       0xbd /usr/lib/gcc/arm-none-eabi/4.9.3/../../../arm-none-eabi/lib/armv7-m/libc.a(lib_a-fini.o)
 .debug_abbrev  0x0000000000000175      0x180 /usr/lib/gcc/arm-none-eabi/4.9.3/../../../arm-none-eabi/lib/armv7-m/libc.a(lib_a-impure.o)
 .debug_abbrev  0x00000000000002f5       0xba /usr/lib/gcc/arm-none-eabi/4.9.3/../../../arm-none-eabi/lib/armv7-m/libc.a(lib_a-init.o)
 .debug_abbrev  0x00000000000003af      0x20f /usr/lib/gcc/arm-none-eabi/4.9.3/../../../arm-none-eabi/lib/armv7-m/libc.a(lib_a-__atexit.o)
 .debug_abbrev  0x00000000000005be      0x285 /usr/lib/gcc/arm-none-eabi/4.9.3/../../../arm-none-eabi/lib/armv7-m/libc.a(lib_a-__call_atexit.o)
 .debug_abbrev  0x0000000000000843      0x2c8 assembly_test.o
 .debug_abbrev  0x0000000000000b0b      0x1a7 ../common/usb_serial.o
 .debug_abbrev  0x0000000000000cb2       0x89 ../common/LPC17xx_Startup.o
 .debug_abbrev  0x0000000000000d3b       0x80 ../common/LPC17xx_Interrupts.o
 .debug_abbrev  0x0000000000000dbb      0x1de ../common/ubertooth.o
 .debug_abbrev  0x0000000000000f99      0x138 ../common/lpcusb/target/usbcontrol.o
 .debug_abbrev  0x00000000000010d1       0xa6 ../common/lpcusb/target/usbinit.o
 .debug_abbrev  0x0000000000001177      0x1fa ../common/lpcusb/target/usbhw_lpc.o
 .debug_abbrev  0x0000000000001371      0x197 ../common/lpcusb/target/usbstdreq.o
 .debug_abbrev  0x0000000000001508       0x14 /usr/lib/gcc/arm-none-eabi/4.9.3/../../../arm-none-eabi/lib/armv7-m/libc.a(lib_a-memcpy.o)
 .debug_abbrev  0x000000000000151c       0x70 /usr/lib/gcc/arm-none-eabi/4.9.3/../../../arm-none-eabi/lib/armv7-m/libc.a(lib_a-strlen.o)

.debug_loc      0x0000000000000000      0x434
 .debug_loc     0x0000000000000000       0x2c /usr/lib/gcc/arm-none-eabi/4.9.3/../../../arm-none-eabi/lib/armv7-m/libc.a(lib_a-atexit.o)
 .debug_loc     0x000000000000002c       0x5c /usr/lib/gcc/arm-none-eabi/4.9.3/../../../arm-none-eabi/lib/armv7-m/libc.a(lib_a-fini.o)
 .debug_loc     0x0000000000000088       0xae /usr/lib/gcc/arm-none-eabi/4.9.3/../../../arm-none-eabi/lib/armv7-m/libc.a(lib_a-init.o)
 .debug_loc     0x0000000000000136      0x197 /usr/lib/gcc/arm-none-eabi/4.9.3/../../../arm-none-eabi/lib/armv7-m/libc.a(lib_a-__atexit.o)
 .debug_loc     0x00000000000002cd      0x146 /usr/lib/gcc/arm-none-eabi/4.9.3/../../../arm-none-eabi/lib/armv7-m/libc.a(lib_a-__call_atexit.o)
 .debug_loc     0x0000000000000413       0x21 /usr/lib/gcc/arm-none-eabi/4.9.3/../../../arm-none-eabi/lib/armv7-m/libc.a(lib_a-strlen.o)

.debug_aranges  0x0000000000000000      0x528
 .debug_aranges
                0x0000000000000000       0x20 /usr/lib/gcc/arm-none-eabi/4.9.3/../../../arm-none-eabi/lib/armv7-m/libc.a(lib_a-atexit.o)
 .debug_aranges
                0x0000000000000020       0x20 /usr/lib/gcc/arm-none-eabi/4.9.3/../../../arm-none-eabi/lib/armv7-m/libc.a(lib_a-fini.o)
 .debug_aranges
                0x0000000000000040       0x18 /usr/lib/gcc/arm-none-eabi/4.9.3/../../../arm-none-eabi/lib/armv7-m/libc.a(lib_a-impure.o)
 .debug_aranges
                0x0000000000000058       0x20 /usr/lib/gcc/arm-none-eabi/4.9.3/../../../arm-none-eabi/lib/armv7-m/libc.a(lib_a-init.o)
 .debug_aranges
                0x0000000000000078       0x20 /usr/lib/gcc/arm-none-eabi/4.9.3/../../../arm-none-eabi/lib/armv7-m/libc.a(lib_a-__atexit.o)
 .debug_aranges
                0x0000000000000098       0x28 /usr/lib/gcc/arm-none-eabi/4.9.3/../../../arm-none-eabi/lib/armv7-m/libc.a(lib_a-__call_atexit.o)
 .debug_aranges
                0x00000000000000c0       0xc8 assembly_test.o
 .debug_aranges
                0x0000000000000188       0x70 ../common/usb_serial.o
 .debug_aranges
                0x00000000000001f8       0x20 ../common/LPC17xx_Startup.o
 .debug_aranges
                0x0000000000000218       0x20 ../common/LPC17xx_Interrupts.o
 .debug_aranges
                0x0000000000000238       0xe0 ../common/ubertooth.o
 .debug_aranges
                0x0000000000000318       0x40 ../common/lpcusb/target/usbcontrol.o
 .debug_aranges
                0x0000000000000358       0x28 ../common/lpcusb/target/usbinit.o
 .debug_aranges
                0x0000000000000380       0xf8 ../common/lpcusb/target/usbhw_lpc.o
 .debug_aranges
                0x0000000000000478       0x70 ../common/lpcusb/target/usbstdreq.o
 .debug_aranges
                0x00000000000004e8       0x20 /usr/lib/gcc/arm-none-eabi/4.9.3/../../../arm-none-eabi/lib/armv7-m/libc.a(lib_a-memcpy.o)
 .debug_aranges
                0x0000000000000508       0x20 /usr/lib/gcc/arm-none-eabi/4.9.3/../../../arm-none-eabi/lib/armv7-m/libc.a(lib_a-strlen.o)

.debug_ranges   0x0000000000000000      0x418
 .debug_ranges  0x0000000000000000       0x10 /usr/lib/gcc/arm-none-eabi/4.9.3/../../../arm-none-eabi/lib/armv7-m/libc.a(lib_a-atexit.o)
 .debug_ranges  0x0000000000000010       0x10 /usr/lib/gcc/arm-none-eabi/4.9.3/../../../arm-none-eabi/lib/armv7-m/libc.a(lib_a-fini.o)
 .debug_ranges  0x0000000000000020       0x10 /usr/lib/gcc/arm-none-eabi/4.9.3/../../../arm-none-eabi/lib/armv7-m/libc.a(lib_a-init.o)
 .debug_ranges  0x0000000000000030       0x10 /usr/lib/gcc/arm-none-eabi/4.9.3/../../../arm-none-eabi/lib/armv7-m/libc.a(lib_a-__atexit.o)
 .debug_ranges  0x0000000000000040       0x30 /usr/lib/gcc/arm-none-eabi/4.9.3/../../../arm-none-eabi/lib/armv7-m/libc.a(lib_a-__call_atexit.o)
 .debug_ranges  0x0000000000000070       0xb8 assembly_test.o
 .debug_ranges  0x0000000000000128       0x60 ../common/usb_serial.o
 .debug_ranges  0x0000000000000188       0x10 ../common/LPC17xx_Startup.o
 .debug_ranges  0x0000000000000198       0x10 ../common/LPC17xx_Interrupts.o
 .debug_ranges  0x00000000000001a8       0xd0 ../common/ubertooth.o
 .debug_ranges  0x0000000000000278       0x30 ../common/lpcusb/target/usbcontrol.o
 .debug_ranges  0x00000000000002a8       0x18 ../common/lpcusb/target/usbinit.o
 .debug_ranges  0x00000000000002c0       0xe8 ../common/lpcusb/target/usbhw_lpc.o
 .debug_ranges  0x00000000000003a8       0x60 ../common/lpcusb/target/usbstdreq.o
 .debug_ranges  0x0000000000000408       0x10 /usr/lib/gcc/arm-none-eabi/4.9.3/../../../arm-none-eabi/lib/armv7-m/libc.a(lib_a-strlen.o)

.debug_line     0x0000000000000000     0x1cea
 .debug_line    0x0000000000000000       0xc1 /usr/lib/gcc/arm-none-eabi/4.9.3/../../../arm-none-eabi/lib/armv7-m/libc.a(lib_a-atexit.o)
 .debug_line    0x00000000000000c1       0x9c /usr/lib/gcc/arm-none-eabi/4.9.3/../../../arm-none-eabi/lib/armv7-m/libc.a(lib_a-fini.o)
 .debug_line    0x000000000000015d       0xf1 /usr/lib/gcc/arm-none-eabi/4.9.3/../../../arm-none-eabi/lib/armv7-m/libc.a(lib_a-impure.o)
 .debug_line    0x000000000000024e       0xb6 /usr/lib/gcc/arm-none-eabi/4.9.3/../../../arm-none-eabi/lib/armv7-m/libc.a(lib_a-init.o)
 .debug_line    0x0000000000000304      0x19c /usr/lib/gcc/arm-none-eabi/4.9.3/../../../arm-none-eabi/lib/armv7-m/libc.a(lib_a-__atexit.o)
 .debug_line    0x00000000000004a0      0x1c5 /usr/lib/gcc/arm-none-eabi/4.9.3/../../../arm-none-eabi/lib/armv7-m/libc.a(lib_a-__call_atexit.o)
 .debug_line    0x0000000000000665      0x714 assembly_test.o
 .debug_line    0x0000000000000d79      0x1f9 ../common/usb_serial.o
 .debug_line    0x0000000000000f72       0x98 ../common/LPC17xx_Startup.o
 .debug_line    0x000000000000100a       0x53 ../common/LPC17xx_Interrupts.o
 .debug_line    0x000000000000105d      0x3b5 ../common/ubertooth.o
 .debug_line    0x0000000000001412      0x105 ../common/lpcusb/target/usbcontrol.o
 .debug_line    0x0000000000001517       0x74 ../common/lpcusb/target/usbinit.o
 .debug_line    0x000000000000158b      0x3c1 ../common/lpcusb/target/usbhw_lpc.o
 .debug_line    0x000000000000194c      0x1f1 ../common/lpcusb/target/usbstdreq.o
 .debug_line    0x0000000000001b3d       0xbb /usr/lib/gcc/arm-none-eabi/4.9.3/../../../arm-none-eabi/lib/armv7-m/libc.a(lib_a-memcpy.o)
 .debug_line    0x0000000000001bf8       0xf2 /usr/lib/gcc/arm-none-eabi/4.9.3/../../../arm-none-eabi/lib/armv7-m/libc.a(lib_a-strlen.o)

.debug_str      0x0000000000000000     0x1f41
 .debug_str     0x0000000000000000      0x1b8 /usr/lib/gcc/arm-none-eabi/4.9.3/../../../arm-none-eabi/lib/armv7-m/libc.a(lib_a-atexit.o)
                                        0x1f8 (size before relaxing)
 .debug_str     0x00000000000001b8       0xca /usr/lib/gcc/arm-none-eabi/4.9.3/../../../arm-none-eabi/lib/armv7-m/libc.a(lib_a-fini.o)
                                        0x1f0 (size before relaxing)
 .debug_str     0x0000000000000282      0x43d /usr/lib/gcc/arm-none-eabi/4.9.3/../../../arm-none-eabi/lib/armv7-m/libc.a(lib_a-impure.o)
                                        0x58c (size before relaxing)
 .debug_str     0x00000000000006bf       0x8a /usr/lib/gcc/arm-none-eabi/4.9.3/../../../arm-none-eabi/lib/armv7-m/libc.a(lib_a-init.o)
                                        0x21a (size before relaxing)
 .debug_str     0x0000000000000749       0x30 /usr/lib/gcc/arm-none-eabi/4.9.3/../../../arm-none-eabi/lib/armv7-m/libc.a(lib_a-__atexit.o)
                                        0x5d4 (size before relaxing)
 .debug_str     0x0000000000000779       0x86 /usr/lib/gcc/arm-none-eabi/4.9.3/../../../arm-none-eabi/lib/armv7-m/libc.a(lib_a-__call_atexit.o)
                                        0x5ec (size before relaxing)
 .debug_str     0x00000000000007ff      0xab7 assembly_test.o
                                        0xb86 (size before relaxing)
 .debug_str     0x00000000000012b6      0x19e ../common/usb_serial.o
                                        0x3c7 (size before relaxing)
 .debug_str     0x0000000000001454       0xa2 ../common/LPC17xx_Startup.o
                                        0x227 (size before relaxing)
 .debug_str     0x00000000000014f6       0x51 ../common/LPC17xx_Interrupts.o
                                        0x1a0 (size before relaxing)
 .debug_str     0x0000000000001547      0x149 ../common/ubertooth.o
                                        0x362 (size before relaxing)
 .debug_str     0x0000000000001690       0xe4 ../common/lpcusb/target/usbcontrol.o
                                        0x2c9 (size before relaxing)
 .debug_str     0x0000000000001774       0x46 ../common/lpcusb/target/usbinit.o
                                        0x1c9 (size before relaxing)
 .debug_str     0x00000000000017ba      0x3ea ../common/lpcusb/target/usbhw_lpc.o
                                        0x5e6 (size before relaxing)
 .debug_str     0x0000000000001ba4      0x2f6 ../common/lpcusb/target/usbstdreq.o
                                        0x496 (size before relaxing)
 .debug_str     0x0000000000001e9a       0xa7 /usr/lib/gcc/arm-none-eabi/4.9.3/../../../arm-none-eabi/lib/armv7-m/libc.a(lib_a-strlen.o)
                                        0x1c8 (size before relaxing)

.debug_frame    0x0000000000000000     0x1170
 .debug_frame   0x0000000000000000       0x20 /usr/lib/gcc/arm-none-eabi/4.9.3/../../../arm-none-eabi/lib/armv7-m/libc.a(lib_a-atexit.o)
 .debug_frame   0x0000000000000020       0x34 /usr/lib/gcc/arm-none-eabi/4.9.3/../../../arm-none-eabi/lib/armv7-m/libc.a(lib_a-fini.o)
 .debug_frame   0x0000000000000054       0x2c /usr/lib/gcc/arm-none-eabi/4.9.3/../../../arm-none-eabi/lib/armv7-m/libc.a(lib_a-init.o)
 .debug_frame   0x0000000000000080       0x34 /usr/lib/gcc/arm-none-eabi/4.9.3/../../../arm-none-eabi/lib/armv7-m/libc.a(lib_a-__atexit.o)
 .debug_frame   0x00000000000000b4       0x50 /usr/lib/gcc/arm-none-eabi/4.9.3/../../../arm-none-eabi/lib/armv7-m/libc.a(lib_a-__call_atexit.o)
 .debug_frame   0x0000000000000104      0x35c assembly_test.o
 .debug_frame   0x0000000000000460      0x1a4 ../common/usb_serial.o
 .debug_frame   0x0000000000000604       0x30 ../common/LPC17xx_Startup.o
 .debug_frame   0x0000000000000634       0x2c ../common/LPC17xx_Interrupts.o
 .debug_frame   0x0000000000000660      0x398 ../common/ubertooth.o
 .debug_frame   0x00000000000009f8       0xd8 ../common/lpcusb/target/usbcontrol.o
 .debug_frame   0x0000000000000ad0       0x54 ../common/lpcusb/target/usbinit.o
 .debug_frame   0x0000000000000b24      0x464 ../common/lpcusb/target/usbhw_lpc.o
 .debug_frame   0x0000000000000f88      0x1c8 ../common/lpcusb/target/usbstdreq.o
 .debug_frame   0x0000000000001150       0x20 /usr/lib/gcc/arm-none-eabi/4.9.3/../../../arm-none-eabi/lib/armv7-m/libc.a(lib_a-strlen.o)
