ARM GAS  /tmp/ccyMKw12.s 			page 1


   1              		.syntax unified
   2              		.cpu cortex-m3
   3              		.fpu softvfp
   4              		.eabi_attribute 20, 1
   5              		.eabi_attribute 21, 1
   6              		.eabi_attribute 23, 3
   7              		.eabi_attribute 24, 1
   8              		.eabi_attribute 25, 1
   9              		.eabi_attribute 26, 1
  10              		.eabi_attribute 30, 6
  11              		.eabi_attribute 34, 1
  12              		.eabi_attribute 18, 4
  13              		.thumb
  14              		.file	"LPC17xx_Interrupts.c"
  15              		.text
  16              	.Ltext0:
  17              		.cfi_sections	.debug_frame
  18              		.section	.text.Default_Handler,"ax",%progbits
  19              		.align	2
  20              		.thumb
  21              		.thumb_func
  23              	Default_Handler:
  24              	.LFB0:
  25              		.file 1 "../common/LPC17xx_Interrupts.c"
   1:../common/LPC17xx_Interrupts.c **** /*
   2:../common/LPC17xx_Interrupts.c ****  * Copyright 2010, 2011 Michael Ossmann
   3:../common/LPC17xx_Interrupts.c ****  *
   4:../common/LPC17xx_Interrupts.c ****  * This file is part of Project Ubertooth.
   5:../common/LPC17xx_Interrupts.c ****  *
   6:../common/LPC17xx_Interrupts.c ****  * This program is free software; you can redistribute it and/or modify
   7:../common/LPC17xx_Interrupts.c ****  * it under the terms of the GNU General Public License as published by
   8:../common/LPC17xx_Interrupts.c ****  * the Free Software Foundation; either version 2, or (at your option)
   9:../common/LPC17xx_Interrupts.c ****  * any later version.
  10:../common/LPC17xx_Interrupts.c ****  *
  11:../common/LPC17xx_Interrupts.c ****  * This program is distributed in the hope that it will be useful,
  12:../common/LPC17xx_Interrupts.c ****  * but WITHOUT ANY WARRANTY; without even the implied warranty of
  13:../common/LPC17xx_Interrupts.c ****  * MERCHANTABILITY or FITNESS FOR A PARTICULAR PURPOSE.  See the
  14:../common/LPC17xx_Interrupts.c ****  * GNU General Public License for more details.
  15:../common/LPC17xx_Interrupts.c ****  *
  16:../common/LPC17xx_Interrupts.c ****  * You should have received a copy of the GNU General Public License
  17:../common/LPC17xx_Interrupts.c ****  * along with this program; see the file COPYING.  If not, write to
  18:../common/LPC17xx_Interrupts.c ****  * the Free Software Foundation, Inc., 51 Franklin Street,
  19:../common/LPC17xx_Interrupts.c ****  * Boston, MA 02110-1301, USA.
  20:../common/LPC17xx_Interrupts.c ****  */
  21:../common/LPC17xx_Interrupts.c **** /*
  22:../common/LPC17xx_Interrupts.c ****   Copyright 2010-07 By Opendous Inc. (www.MicropendousX.org)
  23:../common/LPC17xx_Interrupts.c ****   NVIC handler info copied from NXP User Manual UM10360
  24:../common/LPC17xx_Interrupts.c **** 
  25:../common/LPC17xx_Interrupts.c ****   Basic interrupt handlers and NVIC interrupt handler
  26:../common/LPC17xx_Interrupts.c ****   function table for the LPC17xx.  See TODOs for
  27:../common/LPC17xx_Interrupts.c ****   modification instructions.
  28:../common/LPC17xx_Interrupts.c **** 
  29:../common/LPC17xx_Interrupts.c ****   Permission to use, copy, modify, and distribute this software
  30:../common/LPC17xx_Interrupts.c ****   and its documentation for any purpose and without fee is hereby
  31:../common/LPC17xx_Interrupts.c ****   granted, provided that the above copyright notice appear in all
  32:../common/LPC17xx_Interrupts.c ****   copies and that both that the copyright notice and this
  33:../common/LPC17xx_Interrupts.c ****   permission notice and warranty disclaimer appear in supporting
ARM GAS  /tmp/ccyMKw12.s 			page 2


  34:../common/LPC17xx_Interrupts.c ****   documentation, and that the name of the author not be used in
  35:../common/LPC17xx_Interrupts.c ****   advertising or publicity pertaining to distribution of the
  36:../common/LPC17xx_Interrupts.c ****   software without specific, written prior permission.
  37:../common/LPC17xx_Interrupts.c **** 
  38:../common/LPC17xx_Interrupts.c ****   The author disclaim all warranties with regard to this
  39:../common/LPC17xx_Interrupts.c ****   software, including all implied warranties of merchantability
  40:../common/LPC17xx_Interrupts.c ****   and fitness.  In no event shall the author be liable for any
  41:../common/LPC17xx_Interrupts.c ****   special, indirect or consequential damages or any damages
  42:../common/LPC17xx_Interrupts.c ****   whatsoever resulting from loss of use, data or profits, whether
  43:../common/LPC17xx_Interrupts.c ****   in an action of contract, negligence or other tortious action,
  44:../common/LPC17xx_Interrupts.c ****   arising out of or in connection with the use or performance of
  45:../common/LPC17xx_Interrupts.c ****   this software.
  46:../common/LPC17xx_Interrupts.c **** */
  47:../common/LPC17xx_Interrupts.c **** 
  48:../common/LPC17xx_Interrupts.c **** 
  49:../common/LPC17xx_Interrupts.c **** /* Reset_Handler variables defined in linker script */
  50:../common/LPC17xx_Interrupts.c **** extern unsigned long _StackTop;
  51:../common/LPC17xx_Interrupts.c **** 
  52:../common/LPC17xx_Interrupts.c **** extern void Reset_Handler(void);
  53:../common/LPC17xx_Interrupts.c **** 
  54:../common/LPC17xx_Interrupts.c **** /* Default interrupt handler */
  55:../common/LPC17xx_Interrupts.c **** static void Default_Handler(void) { while(1) {;} }
  26              		.loc 1 55 0
  27              		.cfi_startproc
  28              		@ args = 0, pretend = 0, frame = 0
  29              		@ frame_needed = 1, uses_anonymous_args = 0
  30              		@ link register save eliminated.
  31 0000 80B4     		push	{r7}
  32              		.cfi_def_cfa_offset 4
  33              		.cfi_offset 7, -4
  34 0002 00AF     		add	r7, sp, #0
  35              		.cfi_def_cfa_register 7
  36              	.L2:
  37              		.loc 1 55 0 discriminator 1
  38 0004 FEE7     		b	.L2
  39              		.cfi_endproc
  40              	.LFE0:
  42              		.weak	NMI_Handler
  43              		.thumb_set NMI_Handler,Default_Handler
  44              		.weak	HardFault_Handler
  45              		.thumb_set HardFault_Handler,Default_Handler
  46              		.weak	MemManagement_Handler
  47              		.thumb_set MemManagement_Handler,Default_Handler
  48              		.weak	BusFault_Handler
  49              		.thumb_set BusFault_Handler,Default_Handler
  50              		.weak	UsageFault_Handler
  51              		.thumb_set UsageFault_Handler,Default_Handler
  52              		.weak	SVC_Handler
  53              		.thumb_set SVC_Handler,Default_Handler
  54              		.weak	DebugMon_Handler
  55              		.thumb_set DebugMon_Handler,Default_Handler
  56              		.weak	PendSV_Handler
  57              		.thumb_set PendSV_Handler,Default_Handler
  58              		.weak	SysTick_Handler
  59              		.thumb_set SysTick_Handler,Default_Handler
  60              		.weak	WDT_IRQHandler
  61              		.thumb_set WDT_IRQHandler,Default_Handler
ARM GAS  /tmp/ccyMKw12.s 			page 3


  62              		.weak	TIMER0_IRQHandler
  63              		.thumb_set TIMER0_IRQHandler,Default_Handler
  64              		.weak	TIMER1_IRQHandler
  65              		.thumb_set TIMER1_IRQHandler,Default_Handler
  66              		.weak	TIMER2_IRQHandler
  67              		.thumb_set TIMER2_IRQHandler,Default_Handler
  68              		.weak	TIMER3_IRQHandler
  69              		.thumb_set TIMER3_IRQHandler,Default_Handler
  70              		.weak	UART0_IRQHandler
  71              		.thumb_set UART0_IRQHandler,Default_Handler
  72              		.weak	UART1_IRQHandler
  73              		.thumb_set UART1_IRQHandler,Default_Handler
  74              		.weak	UART2_IRQHandler
  75              		.thumb_set UART2_IRQHandler,Default_Handler
  76              		.weak	UART3_IRQHandler
  77              		.thumb_set UART3_IRQHandler,Default_Handler
  78              		.weak	PWM1_IRQHandler
  79              		.thumb_set PWM1_IRQHandler,Default_Handler
  80              		.weak	I2C0_IRQHandler
  81              		.thumb_set I2C0_IRQHandler,Default_Handler
  82              		.weak	I2C1_IRQHandler
  83              		.thumb_set I2C1_IRQHandler,Default_Handler
  84              		.weak	I2C2_IRQHandler
  85              		.thumb_set I2C2_IRQHandler,Default_Handler
  86              		.weak	SPI_IRQHandler
  87              		.thumb_set SPI_IRQHandler,Default_Handler
  88              		.weak	SSP0_IRQHandler
  89              		.thumb_set SSP0_IRQHandler,Default_Handler
  90              		.weak	SSP1_IRQHandler
  91              		.thumb_set SSP1_IRQHandler,Default_Handler
  92              		.weak	PLL0_IRQHandler
  93              		.thumb_set PLL0_IRQHandler,Default_Handler
  94              		.weak	RTC_IRQHandler
  95              		.thumb_set RTC_IRQHandler,Default_Handler
  96              		.weak	EINT0_IRQHandler
  97              		.thumb_set EINT0_IRQHandler,Default_Handler
  98              		.weak	EINT1_IRQHandler
  99              		.thumb_set EINT1_IRQHandler,Default_Handler
 100              		.weak	EINT2_IRQHandler
 101              		.thumb_set EINT2_IRQHandler,Default_Handler
 102              		.weak	EINT3_IRQHandler
 103              		.thumb_set EINT3_IRQHandler,Default_Handler
 104              		.weak	ADC_IRQHandler
 105              		.thumb_set ADC_IRQHandler,Default_Handler
 106              		.weak	BOD_IRQHandler
 107              		.thumb_set BOD_IRQHandler,Default_Handler
 108              		.weak	USB_IRQHandler
 109              		.thumb_set USB_IRQHandler,Default_Handler
 110              		.weak	CAN_IRQHandler
 111              		.thumb_set CAN_IRQHandler,Default_Handler
 112              		.weak	DMA_IRQHandler
 113              		.thumb_set DMA_IRQHandler,Default_Handler
 114              		.weak	I2S_IRQHandler
 115              		.thumb_set I2S_IRQHandler,Default_Handler
 116              		.weak	ENET_IRQHandler
 117              		.thumb_set ENET_IRQHandler,Default_Handler
 118              		.weak	RIT_IRQHandler
ARM GAS  /tmp/ccyMKw12.s 			page 4


 119              		.thumb_set RIT_IRQHandler,Default_Handler
 120              		.weak	MCPWM_IRQHandler
 121              		.thumb_set MCPWM_IRQHandler,Default_Handler
 122              		.weak	QEI_IRQHandler
 123              		.thumb_set QEI_IRQHandler,Default_Handler
 124              		.weak	PLL1_IRQHandler
 125              		.thumb_set PLL1_IRQHandler,Default_Handler
 126              		.weak	USBACT_IRQHandler
 127              		.thumb_set USBACT_IRQHandler,Default_Handler
 128              		.weak	CANACT_IRQHandler
 129              		.thumb_set CANACT_IRQHandler,Default_Handler
 130              		.global	_NVIC_Handler_Functions
 131 0006 00BF     		.section	.irq_handler_table,"a",%progbits
 132              		.align	2
 135              	_NVIC_Handler_Functions:
 136 0000 00000000 		.word	_StackTop
 137 0004 00000000 		.word	Reset_Handler
 138 0008 00000000 		.word	NMI_Handler
 139 000c 00000000 		.word	HardFault_Handler
 140 0010 00000000 		.word	MemManagement_Handler
 141 0014 00000000 		.word	BusFault_Handler
 142 0018 00000000 		.word	UsageFault_Handler
 143 001c 00000000 		.word	0
 144 0020 00000000 		.word	0
 145 0024 00000000 		.word	0
 146 0028 00000000 		.word	0
 147 002c 00000000 		.word	SVC_Handler
 148 0030 00000000 		.word	DebugMon_Handler
 149 0034 00000000 		.word	0
 150 0038 00000000 		.word	PendSV_Handler
 151 003c 00000000 		.word	SysTick_Handler
 152 0040 00000000 		.word	WDT_IRQHandler
 153 0044 00000000 		.word	TIMER0_IRQHandler
 154 0048 00000000 		.word	TIMER1_IRQHandler
 155 004c 00000000 		.word	TIMER2_IRQHandler
 156 0050 00000000 		.word	TIMER3_IRQHandler
 157 0054 00000000 		.word	UART0_IRQHandler
 158 0058 00000000 		.word	UART1_IRQHandler
 159 005c 00000000 		.word	UART2_IRQHandler
 160 0060 00000000 		.word	UART3_IRQHandler
 161 0064 00000000 		.word	PWM1_IRQHandler
 162 0068 00000000 		.word	I2C0_IRQHandler
 163 006c 00000000 		.word	I2C1_IRQHandler
 164 0070 00000000 		.word	I2C2_IRQHandler
 165 0074 00000000 		.word	SPI_IRQHandler
 166 0078 00000000 		.word	SSP0_IRQHandler
 167 007c 00000000 		.word	SSP1_IRQHandler
 168 0080 00000000 		.word	PLL0_IRQHandler
 169 0084 00000000 		.word	RTC_IRQHandler
 170 0088 00000000 		.word	EINT0_IRQHandler
 171 008c 00000000 		.word	EINT1_IRQHandler
 172 0090 00000000 		.word	EINT2_IRQHandler
 173 0094 00000000 		.word	EINT3_IRQHandler
 174 0098 00000000 		.word	ADC_IRQHandler
 175 009c 00000000 		.word	BOD_IRQHandler
 176 00a0 00000000 		.word	USB_IRQHandler
 177 00a4 00000000 		.word	CAN_IRQHandler
ARM GAS  /tmp/ccyMKw12.s 			page 5


 178 00a8 00000000 		.word	DMA_IRQHandler
 179 00ac 00000000 		.word	I2S_IRQHandler
 180 00b0 00000000 		.word	ENET_IRQHandler
 181 00b4 00000000 		.word	RIT_IRQHandler
 182 00b8 00000000 		.word	MCPWM_IRQHandler
 183 00bc 00000000 		.word	QEI_IRQHandler
 184 00c0 00000000 		.word	PLL1_IRQHandler
 185 00c4 00000000 		.word	USBACT_IRQHandler
 186 00c8 00000000 		.word	CANACT_IRQHandler
 187              		.text
 188              	.Letext0:
ARM GAS  /tmp/ccyMKw12.s 			page 6


DEFINED SYMBOLS
                            *ABS*:0000000000000000 LPC17xx_Interrupts.c
     /tmp/ccyMKw12.s:19     .text.Default_Handler:0000000000000000 $t
     /tmp/ccyMKw12.s:23     .text.Default_Handler:0000000000000000 Default_Handler
     /tmp/ccyMKw12.s:23     .text.Default_Handler:0000000000000000 NMI_Handler
     /tmp/ccyMKw12.s:23     .text.Default_Handler:0000000000000000 HardFault_Handler
     /tmp/ccyMKw12.s:23     .text.Default_Handler:0000000000000000 MemManagement_Handler
     /tmp/ccyMKw12.s:23     .text.Default_Handler:0000000000000000 BusFault_Handler
     /tmp/ccyMKw12.s:23     .text.Default_Handler:0000000000000000 UsageFault_Handler
     /tmp/ccyMKw12.s:23     .text.Default_Handler:0000000000000000 SVC_Handler
     /tmp/ccyMKw12.s:23     .text.Default_Handler:0000000000000000 DebugMon_Handler
     /tmp/ccyMKw12.s:23     .text.Default_Handler:0000000000000000 PendSV_Handler
     /tmp/ccyMKw12.s:23     .text.Default_Handler:0000000000000000 SysTick_Handler
     /tmp/ccyMKw12.s:23     .text.Default_Handler:0000000000000000 WDT_IRQHandler
     /tmp/ccyMKw12.s:23     .text.Default_Handler:0000000000000000 TIMER0_IRQHandler
     /tmp/ccyMKw12.s:23     .text.Default_Handler:0000000000000000 TIMER1_IRQHandler
     /tmp/ccyMKw12.s:23     .text.Default_Handler:0000000000000000 TIMER2_IRQHandler
     /tmp/ccyMKw12.s:23     .text.Default_Handler:0000000000000000 TIMER3_IRQHandler
     /tmp/ccyMKw12.s:23     .text.Default_Handler:0000000000000000 UART0_IRQHandler
     /tmp/ccyMKw12.s:23     .text.Default_Handler:0000000000000000 UART1_IRQHandler
     /tmp/ccyMKw12.s:23     .text.Default_Handler:0000000000000000 UART2_IRQHandler
     /tmp/ccyMKw12.s:23     .text.Default_Handler:0000000000000000 UART3_IRQHandler
     /tmp/ccyMKw12.s:23     .text.Default_Handler:0000000000000000 PWM1_IRQHandler
     /tmp/ccyMKw12.s:23     .text.Default_Handler:0000000000000000 I2C0_IRQHandler
     /tmp/ccyMKw12.s:23     .text.Default_Handler:0000000000000000 I2C1_IRQHandler
     /tmp/ccyMKw12.s:23     .text.Default_Handler:0000000000000000 I2C2_IRQHandler
     /tmp/ccyMKw12.s:23     .text.Default_Handler:0000000000000000 SPI_IRQHandler
     /tmp/ccyMKw12.s:23     .text.Default_Handler:0000000000000000 SSP0_IRQHandler
     /tmp/ccyMKw12.s:23     .text.Default_Handler:0000000000000000 SSP1_IRQHandler
     /tmp/ccyMKw12.s:23     .text.Default_Handler:0000000000000000 PLL0_IRQHandler
     /tmp/ccyMKw12.s:23     .text.Default_Handler:0000000000000000 RTC_IRQHandler
     /tmp/ccyMKw12.s:23     .text.Default_Handler:0000000000000000 EINT0_IRQHandler
     /tmp/ccyMKw12.s:23     .text.Default_Handler:0000000000000000 EINT1_IRQHandler
     /tmp/ccyMKw12.s:23     .text.Default_Handler:0000000000000000 EINT2_IRQHandler
     /tmp/ccyMKw12.s:23     .text.Default_Handler:0000000000000000 EINT3_IRQHandler
     /tmp/ccyMKw12.s:23     .text.Default_Handler:0000000000000000 ADC_IRQHandler
     /tmp/ccyMKw12.s:23     .text.Default_Handler:0000000000000000 BOD_IRQHandler
     /tmp/ccyMKw12.s:23     .text.Default_Handler:0000000000000000 USB_IRQHandler
     /tmp/ccyMKw12.s:23     .text.Default_Handler:0000000000000000 CAN_IRQHandler
     /tmp/ccyMKw12.s:23     .text.Default_Handler:0000000000000000 DMA_IRQHandler
     /tmp/ccyMKw12.s:23     .text.Default_Handler:0000000000000000 I2S_IRQHandler
     /tmp/ccyMKw12.s:23     .text.Default_Handler:0000000000000000 ENET_IRQHandler
     /tmp/ccyMKw12.s:23     .text.Default_Handler:0000000000000000 RIT_IRQHandler
     /tmp/ccyMKw12.s:23     .text.Default_Handler:0000000000000000 MCPWM_IRQHandler
     /tmp/ccyMKw12.s:23     .text.Default_Handler:0000000000000000 QEI_IRQHandler
     /tmp/ccyMKw12.s:23     .text.Default_Handler:0000000000000000 PLL1_IRQHandler
     /tmp/ccyMKw12.s:23     .text.Default_Handler:0000000000000000 USBACT_IRQHandler
     /tmp/ccyMKw12.s:23     .text.Default_Handler:0000000000000000 CANACT_IRQHandler
     /tmp/ccyMKw12.s:135    .irq_handler_table:0000000000000000 _NVIC_Handler_Functions
     /tmp/ccyMKw12.s:132    .irq_handler_table:0000000000000000 $d
                     .debug_frame:0000000000000010 $d

UNDEFINED SYMBOLS
_StackTop
Reset_Handler
