Archive member included to satisfy reference by file (symbol)

/usr/lib/gcc/arm-none-eabi/4.9.3/../../../arm-none-eabi/lib/armv7-m/libc.a(lib_a-atexit.o)
                              /usr/lib/gcc/arm-none-eabi/4.9.3/../../../arm-none-eabi/lib/armv7-m/crt0.o (atexit)
/usr/lib/gcc/arm-none-eabi/4.9.3/../../../arm-none-eabi/lib/armv7-m/libc.a(lib_a-exit.o)
                              /usr/lib/gcc/arm-none-eabi/4.9.3/../../../arm-none-eabi/lib/armv7-m/crt0.o (exit)
/usr/lib/gcc/arm-none-eabi/4.9.3/../../../arm-none-eabi/lib/armv7-m/libc.a(lib_a-fini.o)
                              /usr/lib/gcc/arm-none-eabi/4.9.3/../../../arm-none-eabi/lib/armv7-m/crt0.o (__libc_fini_array)
/usr/lib/gcc/arm-none-eabi/4.9.3/../../../arm-none-eabi/lib/armv7-m/libc.a(lib_a-impure.o)
                              /usr/lib/gcc/arm-none-eabi/4.9.3/../../../arm-none-eabi/lib/armv7-m/libc.a(lib_a-exit.o) (_global_impure_ptr)
/usr/lib/gcc/arm-none-eabi/4.9.3/../../../arm-none-eabi/lib/armv7-m/libc.a(lib_a-init.o)
                              /usr/lib/gcc/arm-none-eabi/4.9.3/../../../arm-none-eabi/lib/armv7-m/crt0.o (__libc_init_array)
/usr/lib/gcc/arm-none-eabi/4.9.3/../../../arm-none-eabi/lib/armv7-m/libc.a(lib_a-memset.o)
                              /usr/lib/gcc/arm-none-eabi/4.9.3/../../../arm-none-eabi/lib/armv7-m/crt0.o (memset)
/usr/lib/gcc/arm-none-eabi/4.9.3/../../../arm-none-eabi/lib/armv7-m/libc.a(lib_a-__atexit.o)
                              /usr/lib/gcc/arm-none-eabi/4.9.3/../../../arm-none-eabi/lib/armv7-m/libc.a(lib_a-atexit.o) (__register_exitproc)
/usr/lib/gcc/arm-none-eabi/4.9.3/../../../arm-none-eabi/lib/armv7-m/libc.a(lib_a-__call_atexit.o)
                              /usr/lib/gcc/arm-none-eabi/4.9.3/../../../arm-none-eabi/lib/armv7-m/libc.a(lib_a-exit.o) (__call_exitprocs)
/usr/lib/gcc/arm-none-eabi/4.9.3/../../../arm-none-eabi/lib/armv7-m/libnosys.a(_exit.o)
                              /usr/lib/gcc/arm-none-eabi/4.9.3/../../../arm-none-eabi/lib/armv7-m/libc.a(lib_a-exit.o) (_exit)

Discarded input sections

 .text          0x0000000000000000        0x0 /usr/lib/gcc/arm-none-eabi/4.9.3/armv7-m/crti.o
 .data          0x0000000000000000        0x0 /usr/lib/gcc/arm-none-eabi/4.9.3/armv7-m/crti.o
 .bss           0x0000000000000000        0x0 /usr/lib/gcc/arm-none-eabi/4.9.3/armv7-m/crti.o
 .data          0x0000000000000000        0x4 /usr/lib/gcc/arm-none-eabi/4.9.3/armv7-m/crtbegin.o
 .text          0x0000000000000000       0x68 /usr/lib/gcc/arm-none-eabi/4.9.3/../../../arm-none-eabi/lib/armv7-m/crt0.o
 .data          0x0000000000000000        0x0 /usr/lib/gcc/arm-none-eabi/4.9.3/../../../arm-none-eabi/lib/armv7-m/crt0.o
 .bss           0x0000000000000000        0x0 /usr/lib/gcc/arm-none-eabi/4.9.3/../../../arm-none-eabi/lib/armv7-m/crt0.o
 .ARM.extab     0x0000000000000000        0x0 /usr/lib/gcc/arm-none-eabi/4.9.3/../../../arm-none-eabi/lib/armv7-m/crt0.o
 .ARM.exidx     0x0000000000000000        0x8 /usr/lib/gcc/arm-none-eabi/4.9.3/../../../arm-none-eabi/lib/armv7-m/crt0.o
 .debug_line    0x0000000000000000       0x7b /usr/lib/gcc/arm-none-eabi/4.9.3/../../../arm-none-eabi/lib/armv7-m/crt0.o
 .debug_info    0x0000000000000000       0xa8 /usr/lib/gcc/arm-none-eabi/4.9.3/../../../arm-none-eabi/lib/armv7-m/crt0.o
 .debug_abbrev  0x0000000000000000       0x14 /usr/lib/gcc/arm-none-eabi/4.9.3/../../../arm-none-eabi/lib/armv7-m/crt0.o
 .debug_aranges
                0x0000000000000000       0x20 /usr/lib/gcc/arm-none-eabi/4.9.3/../../../arm-none-eabi/lib/armv7-m/crt0.o
 .ARM.attributes
                0x0000000000000000       0x1b /usr/lib/gcc/arm-none-eabi/4.9.3/../../../arm-none-eabi/lib/armv7-m/crt0.o
 .text          0x0000000000000000        0x0 /usr/lib/gcc/arm-none-eabi/4.9.3/../../../arm-none-eabi/lib/armv7-m/libc.a(lib_a-atexit.o)
 .data          0x0000000000000000        0x0 /usr/lib/gcc/arm-none-eabi/4.9.3/../../../arm-none-eabi/lib/armv7-m/libc.a(lib_a-atexit.o)
 .bss           0x0000000000000000        0x0 /usr/lib/gcc/arm-none-eabi/4.9.3/../../../arm-none-eabi/lib/armv7-m/libc.a(lib_a-atexit.o)
 .text          0x0000000000000000        0x0 /usr/lib/gcc/arm-none-eabi/4.9.3/../../../arm-none-eabi/lib/armv7-m/libc.a(lib_a-exit.o)
 .data          0x0000000000000000        0x0 /usr/lib/gcc/arm-none-eabi/4.9.3/../../../arm-none-eabi/lib/armv7-m/libc.a(lib_a-exit.o)
 .bss           0x0000000000000000        0x0 /usr/lib/gcc/arm-none-eabi/4.9.3/../../../arm-none-eabi/lib/armv7-m/libc.a(lib_a-exit.o)
 .text.exit     0x0000000000000000       0x20 /usr/lib/gcc/arm-none-eabi/4.9.3/../../../arm-none-eabi/lib/armv7-m/libc.a(lib_a-exit.o)
 .debug_info    0x0000000000000000      0x8e4 /usr/lib/gcc/arm-none-eabi/4.9.3/../../../arm-none-eabi/lib/armv7-m/libc.a(lib_a-exit.o)
 .debug_abbrev  0x0000000000000000      0x1e6 /usr/lib/gcc/arm-none-eabi/4.9.3/../../../arm-none-eabi/lib/armv7-m/libc.a(lib_a-exit.o)
 .debug_loc     0x0000000000000000       0x1e /usr/lib/gcc/arm-none-eabi/4.9.3/../../../arm-none-eabi/lib/armv7-m/libc.a(lib_a-exit.o)
 .debug_aranges
                0x0000000000000000       0x20 /usr/lib/gcc/arm-none-eabi/4.9.3/../../../arm-none-eabi/lib/armv7-m/libc.a(lib_a-exit.o)
 .debug_ranges  0x0000000000000000       0x10 /usr/lib/gcc/arm-none-eabi/4.9.3/../../../arm-none-eabi/lib/armv7-m/libc.a(lib_a-exit.o)
 .debug_line    0x0000000000000000      0x175 /usr/lib/gcc/arm-none-eabi/4.9.3/../../../arm-none-eabi/lib/armv7-m/libc.a(lib_a-exit.o)
 .debug_str     0x0000000000000000      0x595 /usr/lib/gcc/arm-none-eabi/4.9.3/../../../arm-none-eabi/lib/armv7-m/libc.a(lib_a-exit.o)
 .comment       0x0000000000000000       0x39 /usr/lib/gcc/arm-none-eabi/4.9.3/../../../arm-none-eabi/lib/armv7-m/libc.a(lib_a-exit.o)
 .debug_frame   0x0000000000000000       0x28 /usr/lib/gcc/arm-none-eabi/4.9.3/../../../arm-none-eabi/lib/armv7-m/libc.a(lib_a-exit.o)
 .ARM.attributes
                0x0000000000000000       0x2d /usr/lib/gcc/arm-none-eabi/4.9.3/../../../arm-none-eabi/lib/armv7-m/libc.a(lib_a-exit.o)
 .text          0x0000000000000000        0x0 /usr/lib/gcc/arm-none-eabi/4.9.3/../../../arm-none-eabi/lib/armv7-m/libc.a(lib_a-fini.o)
 .data          0x0000000000000000        0x0 /usr/lib/gcc/arm-none-eabi/4.9.3/../../../arm-none-eabi/lib/armv7-m/libc.a(lib_a-fini.o)
 .bss           0x0000000000000000        0x0 /usr/lib/gcc/arm-none-eabi/4.9.3/../../../arm-none-eabi/lib/armv7-m/libc.a(lib_a-fini.o)
 .text          0x0000000000000000        0x0 /usr/lib/gcc/arm-none-eabi/4.9.3/../../../arm-none-eabi/lib/armv7-m/libc.a(lib_a-impure.o)
 .data          0x0000000000000000        0x0 /usr/lib/gcc/arm-none-eabi/4.9.3/../../../arm-none-eabi/lib/armv7-m/libc.a(lib_a-impure.o)
 .bss           0x0000000000000000        0x0 /usr/lib/gcc/arm-none-eabi/4.9.3/../../../arm-none-eabi/lib/armv7-m/libc.a(lib_a-impure.o)
 .data._impure_ptr
                0x0000000000000000        0x4 /usr/lib/gcc/arm-none-eabi/4.9.3/../../../arm-none-eabi/lib/armv7-m/libc.a(lib_a-impure.o)
 .text          0x0000000000000000        0x0 /usr/lib/gcc/arm-none-eabi/4.9.3/../../../arm-none-eabi/lib/armv7-m/libc.a(lib_a-init.o)
 .data          0x0000000000000000        0x0 /usr/lib/gcc/arm-none-eabi/4.9.3/../../../arm-none-eabi/lib/armv7-m/libc.a(lib_a-init.o)
 .bss           0x0000000000000000        0x0 /usr/lib/gcc/arm-none-eabi/4.9.3/../../../arm-none-eabi/lib/armv7-m/libc.a(lib_a-init.o)
 .text          0x0000000000000000        0x0 /usr/lib/gcc/arm-none-eabi/4.9.3/../../../arm-none-eabi/lib/armv7-m/libc.a(lib_a-memset.o)
 .data          0x0000000000000000        0x0 /usr/lib/gcc/arm-none-eabi/4.9.3/../../../arm-none-eabi/lib/armv7-m/libc.a(lib_a-memset.o)
 .bss           0x0000000000000000        0x0 /usr/lib/gcc/arm-none-eabi/4.9.3/../../../arm-none-eabi/lib/armv7-m/libc.a(lib_a-memset.o)
 .text.memset   0x0000000000000000       0x9c /usr/lib/gcc/arm-none-eabi/4.9.3/../../../arm-none-eabi/lib/armv7-m/libc.a(lib_a-memset.o)
 .debug_info    0x0000000000000000      0x117 /usr/lib/gcc/arm-none-eabi/4.9.3/../../../arm-none-eabi/lib/armv7-m/libc.a(lib_a-memset.o)
 .debug_abbrev  0x0000000000000000       0x9f /usr/lib/gcc/arm-none-eabi/4.9.3/../../../arm-none-eabi/lib/armv7-m/libc.a(lib_a-memset.o)
 .debug_loc     0x0000000000000000      0x1ae /usr/lib/gcc/arm-none-eabi/4.9.3/../../../arm-none-eabi/lib/armv7-m/libc.a(lib_a-memset.o)
 .debug_aranges
                0x0000000000000000       0x20 /usr/lib/gcc/arm-none-eabi/4.9.3/../../../arm-none-eabi/lib/armv7-m/libc.a(lib_a-memset.o)
 .debug_ranges  0x0000000000000000       0x10 /usr/lib/gcc/arm-none-eabi/4.9.3/../../../arm-none-eabi/lib/armv7-m/libc.a(lib_a-memset.o)
 .debug_line    0x0000000000000000      0x119 /usr/lib/gcc/arm-none-eabi/4.9.3/../../../arm-none-eabi/lib/armv7-m/libc.a(lib_a-memset.o)
 .debug_str     0x0000000000000000      0x1cf /usr/lib/gcc/arm-none-eabi/4.9.3/../../../arm-none-eabi/lib/armv7-m/libc.a(lib_a-memset.o)
 .comment       0x0000000000000000       0x39 /usr/lib/gcc/arm-none-eabi/4.9.3/../../../arm-none-eabi/lib/armv7-m/libc.a(lib_a-memset.o)
 .debug_frame   0x0000000000000000       0x34 /usr/lib/gcc/arm-none-eabi/4.9.3/../../../arm-none-eabi/lib/armv7-m/libc.a(lib_a-memset.o)
 .ARM.attributes
                0x0000000000000000       0x2d /usr/lib/gcc/arm-none-eabi/4.9.3/../../../arm-none-eabi/lib/armv7-m/libc.a(lib_a-memset.o)
 .text          0x0000000000000000        0x0 /usr/lib/gcc/arm-none-eabi/4.9.3/../../../arm-none-eabi/lib/armv7-m/libc.a(lib_a-__atexit.o)
 .data          0x0000000000000000        0x0 /usr/lib/gcc/arm-none-eabi/4.9.3/../../../arm-none-eabi/lib/armv7-m/libc.a(lib_a-__atexit.o)
 .bss           0x0000000000000000        0x0 /usr/lib/gcc/arm-none-eabi/4.9.3/../../../arm-none-eabi/lib/armv7-m/libc.a(lib_a-__atexit.o)
 .text          0x0000000000000000        0x0 /usr/lib/gcc/arm-none-eabi/4.9.3/../../../arm-none-eabi/lib/armv7-m/libc.a(lib_a-__call_atexit.o)
 .data          0x0000000000000000        0x0 /usr/lib/gcc/arm-none-eabi/4.9.3/../../../arm-none-eabi/lib/armv7-m/libc.a(lib_a-__call_atexit.o)
 .bss           0x0000000000000000        0x0 /usr/lib/gcc/arm-none-eabi/4.9.3/../../../arm-none-eabi/lib/armv7-m/libc.a(lib_a-__call_atexit.o)
 .text.__call_exitprocs
                0x0000000000000000       0xd4 /usr/lib/gcc/arm-none-eabi/4.9.3/../../../arm-none-eabi/lib/armv7-m/libc.a(lib_a-__call_atexit.o)
 .text          0x0000000000000000        0x0 cc2400_test.o
 .data          0x0000000000000000        0x4 cc2400_test.o
 .bss           0x0000000000000000        0x0 cc2400_test.o
 .text          0x0000000000000000        0x0 ../common/LPC17xx_Startup.o
 .data          0x0000000000000000        0x0 ../common/LPC17xx_Startup.o
 .bss           0x0000000000000000        0x0 ../common/LPC17xx_Startup.o
 .text          0x0000000000000000        0x0 ../common/LPC17xx_Interrupts.o
 .data          0x0000000000000000        0x0 ../common/LPC17xx_Interrupts.o
 .bss           0x0000000000000000        0x0 ../common/LPC17xx_Interrupts.o
 .text          0x0000000000000000        0x0 ../common/ubertooth.o
 .data          0x0000000000000000        0x4 ../common/ubertooth.o
 .text.wait     0x0000000000000000       0x24 ../common/ubertooth.o
 .text.wait_ms  0x0000000000000000       0x20 ../common/ubertooth.o
 .text.rbit     0x0000000000000000       0x24 ../common/ubertooth.o
 .text.ubertooth_init
                0x0000000000000000       0x14 ../common/ubertooth.o
 .text.dio_ssp_init
                0x0000000000000000       0x70 ../common/ubertooth.o
 .text.cc2400_get8
                0x0000000000000000       0x34 ../common/ubertooth.o
 .text.cc2400_set8
                0x0000000000000000       0x28 ../common/ubertooth.o
 .text.cc2400_spi_buf
                0x0000000000000000       0xec ../common/ubertooth.o
 .text.cc2400_status
                0x0000000000000000       0x14 ../common/ubertooth.o
 .text.cc2400_strobe
                0x0000000000000000       0x20 ../common/ubertooth.o
 .text.clock_start
                0x0000000000000000      0x1bc ../common/ubertooth.o
 .text.reset    0x0000000000000000       0x3c ../common/ubertooth.o
 .text.cc2400_tune_rx
                0x0000000000000000       0x20 ../common/ubertooth.o
 .text.cc2400_tune_tx
                0x0000000000000000       0x1c ../common/ubertooth.o
 .text.cc2400_hop_rx
                0x0000000000000000       0x5c ../common/ubertooth.o
 .text.cc2400_hop_tx
                0x0000000000000000       0x5c ../common/ubertooth.o
 .text          0x0000000000000000        0x0 /usr/lib/gcc/arm-none-eabi/4.9.3/armv7-m/crtend.o
 .data          0x0000000000000000        0x0 /usr/lib/gcc/arm-none-eabi/4.9.3/armv7-m/crtend.o
 .bss           0x0000000000000000        0x0 /usr/lib/gcc/arm-none-eabi/4.9.3/armv7-m/crtend.o
 .eh_frame      0x0000000000000000        0x4 /usr/lib/gcc/arm-none-eabi/4.9.3/armv7-m/crtend.o
 .jcr           0x0000000000000000        0x4 /usr/lib/gcc/arm-none-eabi/4.9.3/armv7-m/crtend.o
 .text          0x0000000000000000        0x0 /usr/lib/gcc/arm-none-eabi/4.9.3/armv7-m/crtn.o
 .data          0x0000000000000000        0x0 /usr/lib/gcc/arm-none-eabi/4.9.3/armv7-m/crtn.o
 .bss           0x0000000000000000        0x0 /usr/lib/gcc/arm-none-eabi/4.9.3/armv7-m/crtn.o
 .text          0x0000000000000000        0x0 /usr/lib/gcc/arm-none-eabi/4.9.3/../../../arm-none-eabi/lib/armv7-m/libnosys.a(_exit.o)
 .data          0x0000000000000000        0x0 /usr/lib/gcc/arm-none-eabi/4.9.3/../../../arm-none-eabi/lib/armv7-m/libnosys.a(_exit.o)
 .bss           0x0000000000000000        0x0 /usr/lib/gcc/arm-none-eabi/4.9.3/../../../arm-none-eabi/lib/armv7-m/libnosys.a(_exit.o)
 .text._exit    0x0000000000000000        0x4 /usr/lib/gcc/arm-none-eabi/4.9.3/../../../arm-none-eabi/lib/armv7-m/libnosys.a(_exit.o)
 .debug_info    0x0000000000000000       0x58 /usr/lib/gcc/arm-none-eabi/4.9.3/../../../arm-none-eabi/lib/armv7-m/libnosys.a(_exit.o)
 .debug_abbrev  0x0000000000000000       0x55 /usr/lib/gcc/arm-none-eabi/4.9.3/../../../arm-none-eabi/lib/armv7-m/libnosys.a(_exit.o)
 .debug_aranges
                0x0000000000000000       0x20 /usr/lib/gcc/arm-none-eabi/4.9.3/../../../arm-none-eabi/lib/armv7-m/libnosys.a(_exit.o)
 .debug_ranges  0x0000000000000000       0x10 /usr/lib/gcc/arm-none-eabi/4.9.3/../../../arm-none-eabi/lib/armv7-m/libnosys.a(_exit.o)
 .debug_line    0x0000000000000000       0x5d /usr/lib/gcc/arm-none-eabi/4.9.3/../../../arm-none-eabi/lib/armv7-m/libnosys.a(_exit.o)
 .debug_str     0x0000000000000000      0x102 /usr/lib/gcc/arm-none-eabi/4.9.3/../../../arm-none-eabi/lib/armv7-m/libnosys.a(_exit.o)
 .comment       0x0000000000000000       0x39 /usr/lib/gcc/arm-none-eabi/4.9.3/../../../arm-none-eabi/lib/armv7-m/libnosys.a(_exit.o)
 .debug_frame   0x0000000000000000       0x20 /usr/lib/gcc/arm-none-eabi/4.9.3/../../../arm-none-eabi/lib/armv7-m/libnosys.a(_exit.o)
 .ARM.attributes
                0x0000000000000000       0x2d /usr/lib/gcc/arm-none-eabi/4.9.3/../../../arm-none-eabi/lib/armv7-m/libnosys.a(_exit.o)

Memory Configuration

Name             Origin             Length             Attributes
rom              0x0000000000004000 0x000000000001c000 xr
ram              0x0000000010000000 0x0000000000004000 xrw
*default*        0x0000000000000000 0xffffffffffffffff

Linker script and memory map

LOAD /usr/lib/gcc/arm-none-eabi/4.9.3/armv7-m/crti.o
LOAD /usr/lib/gcc/arm-none-eabi/4.9.3/armv7-m/crtbegin.o
LOAD /usr/lib/gcc/arm-none-eabi/4.9.3/../../../arm-none-eabi/lib/armv7-m/crt0.o
START GROUP
LOAD /usr/lib/gcc/arm-none-eabi/4.9.3/../../../arm-none-eabi/lib/armv7-m/libc.a
LOAD /usr/lib/gcc/arm-none-eabi/4.9.3/../../../arm-none-eabi/lib/armv7-m/libg.a
LOAD /usr/lib/gcc/arm-none-eabi/4.9.3/armv7-m/libgcc.a
LOAD /usr/lib/gcc/arm-none-eabi/4.9.3/../../../arm-none-eabi/lib/armv7-m/libm.a
END GROUP
LOAD cc2400_test.o
LOAD ../common/LPC17xx_Startup.o
LOAD ../common/LPC17xx_Interrupts.o
LOAD ../common/ubertooth.o
START GROUP
LOAD /usr/lib/gcc/arm-none-eabi/4.9.3/armv7-m/libgcc.a
LOAD /usr/lib/gcc/arm-none-eabi/4.9.3/../../../arm-none-eabi/lib/armv7-m/libc.a
END GROUP
LOAD /usr/lib/gcc/arm-none-eabi/4.9.3/armv7-m/crtend.o
LOAD /usr/lib/gcc/arm-none-eabi/4.9.3/armv7-m/crtn.o
START GROUP
LOAD /usr/lib/gcc/arm-none-eabi/4.9.3/armv7-m/libgcc.a
LOAD /usr/lib/gcc/arm-none-eabi/4.9.3/../../../arm-none-eabi/lib/armv7-m/libc.a
LOAD /usr/lib/gcc/arm-none-eabi/4.9.3/../../../arm-none-eabi/lib/armv7-m/libm.a
LOAD /usr/lib/gcc/arm-none-eabi/4.9.3/../../../arm-none-eabi/lib/armv7-m/libnosys.a
END GROUP

.text           0x0000000000004000      0x6e8
                0x0000000000004000                . = ALIGN (0x400)
                0x0000000000004000                _interrupt_vector_table = .
 *(.irq_handler_table)
 .irq_handler_table
                0x0000000000004000       0xcc ../common/LPC17xx_Interrupts.o
                0x0000000000004000                _NVIC_Handler_Functions
 *(.text .text.* .gnu.linkonce.t.*)
 .text          0x00000000000040cc       0xa4 /usr/lib/gcc/arm-none-eabi/4.9.3/armv7-m/crtbegin.o
 .text.atexit   0x0000000000004170        0xc /usr/lib/gcc/arm-none-eabi/4.9.3/../../../arm-none-eabi/lib/armv7-m/libc.a(lib_a-atexit.o)
                0x0000000000004170                atexit
 .text.__libc_fini_array
                0x000000000000417c       0x2c /usr/lib/gcc/arm-none-eabi/4.9.3/../../../arm-none-eabi/lib/armv7-m/libc.a(lib_a-fini.o)
                0x000000000000417c                __libc_fini_array
 .text.__libc_init_array
                0x00000000000041a8       0x50 /usr/lib/gcc/arm-none-eabi/4.9.3/../../../arm-none-eabi/lib/armv7-m/libc.a(lib_a-init.o)
                0x00000000000041a8                __libc_init_array
 .text.__register_exitproc
                0x00000000000041f8       0xa4 /usr/lib/gcc/arm-none-eabi/4.9.3/../../../arm-none-eabi/lib/armv7-m/libc.a(lib_a-__atexit.o)
                0x00000000000041f8                __register_exitproc
 .text.startup.register_fini
                0x000000000000429c       0x14 /usr/lib/gcc/arm-none-eabi/4.9.3/../../../arm-none-eabi/lib/armv7-m/libc.a(lib_a-__call_atexit.o)
 .text.main     0x00000000000042b0       0x3c cc2400_test.o
                0x00000000000042b0                main
 .text.Reset_Handler
                0x00000000000042ec       0x6c ../common/LPC17xx_Startup.o
                0x00000000000042ec                Reset_Handler
 .text.Default_Handler
                0x0000000000004358        0x8 ../common/LPC17xx_Interrupts.o
                0x0000000000004358                TIMER2_IRQHandler
                0x0000000000004358                DebugMon_Handler
                0x0000000000004358                RIT_IRQHandler
                0x0000000000004358                I2C0_IRQHandler
                0x0000000000004358                HardFault_Handler
                0x0000000000004358                SysTick_Handler
                0x0000000000004358                PWM1_IRQHandler
                0x0000000000004358                PendSV_Handler
                0x0000000000004358                NMI_Handler
                0x0000000000004358                I2C1_IRQHandler
                0x0000000000004358                EINT2_IRQHandler
                0x0000000000004358                UART1_IRQHandler
                0x0000000000004358                EINT3_IRQHandler
                0x0000000000004358                TIMER3_IRQHandler
                0x0000000000004358                UART0_IRQHandler
                0x0000000000004358                MemManagement_Handler
                0x0000000000004358                UsageFault_Handler
                0x0000000000004358                PLL0_IRQHandler
                0x0000000000004358                CAN_IRQHandler
                0x0000000000004358                PLL1_IRQHandler
                0x0000000000004358                SSP0_IRQHandler
                0x0000000000004358                I2S_IRQHandler
                0x0000000000004358                I2C2_IRQHandler
                0x0000000000004358                RTC_IRQHandler
                0x0000000000004358                TIMER0_IRQHandler
                0x0000000000004358                SPI_IRQHandler
                0x0000000000004358                EINT1_IRQHandler
                0x0000000000004358                TIMER1_IRQHandler
                0x0000000000004358                UART2_IRQHandler
                0x0000000000004358                ADC_IRQHandler
                0x0000000000004358                SSP1_IRQHandler
                0x0000000000004358                USB_IRQHandler
                0x0000000000004358                BOD_IRQHandler
                0x0000000000004358                WDT_IRQHandler
                0x0000000000004358                SVC_Handler
                0x0000000000004358                QEI_IRQHandler
                0x0000000000004358                EINT0_IRQHandler
                0x0000000000004358                USBACT_IRQHandler
                0x0000000000004358                CANACT_IRQHandler
                0x0000000000004358                DMA_IRQHandler
                0x0000000000004358                BusFault_Handler
                0x0000000000004358                UART3_IRQHandler
                0x0000000000004358                MCPWM_IRQHandler
                0x0000000000004358                ENET_IRQHandler
 .text.wait_us  0x0000000000004360       0x4c ../common/ubertooth.o
                0x0000000000004360                wait_us
 .text.gpio_init
                0x00000000000043ac       0x74 ../common/ubertooth.o
                0x00000000000043ac                gpio_init
 .text.all_pins_off
                0x0000000000004420      0x108 ../common/ubertooth.o
                0x0000000000004420                all_pins_off
 .text.atest_init
                0x0000000000004528       0x48 ../common/ubertooth.o
                0x0000000000004528                atest_init
 .text.cc2400_init
                0x0000000000004570       0x38 ../common/ubertooth.o
                0x0000000000004570                cc2400_init
 .text.cc2400_spi
                0x00000000000045a8       0x88 ../common/ubertooth.o
                0x00000000000045a8                cc2400_spi
 .text.cc2400_get
                0x0000000000004630       0x2c ../common/ubertooth.o
                0x0000000000004630                cc2400_get
 .text.cc2400_set
                0x000000000000465c       0x28 ../common/ubertooth.o
                0x000000000000465c                cc2400_set
 .text.cc2400_reset
                0x0000000000004684       0x38 ../common/ubertooth.o
                0x0000000000004684                cc2400_reset
 *(.rodata .rodata.* .gnu.linkonce.r.*)
 .rodata.str1.4
                0x00000000000046bc        0x4 /usr/lib/gcc/arm-none-eabi/4.9.3/../../../arm-none-eabi/lib/armv7-m/libc.a(lib_a-impure.o)
 .rodata._global_impure_ptr
                0x00000000000046c0        0x4 /usr/lib/gcc/arm-none-eabi/4.9.3/../../../arm-none-eabi/lib/armv7-m/libc.a(lib_a-impure.o)
                0x00000000000046c0                _global_impure_ptr
 *(.eh_frame_hdr)
 *(.eh_frame)
 .eh_frame      0x00000000000046c4        0x0 /usr/lib/gcc/arm-none-eabi/4.9.3/armv7-m/crtbegin.o
                0x00000000000046c4                . = ALIGN (0x4)
 *(.init)
 .init          0x00000000000046c4        0x4 /usr/lib/gcc/arm-none-eabi/4.9.3/armv7-m/crti.o
                0x00000000000046c4                _init
 .init          0x00000000000046c8        0x8 /usr/lib/gcc/arm-none-eabi/4.9.3/armv7-m/crtn.o
                0x00000000000046d0                . = ALIGN (0x4)
                0x00000000000046d0                __preinit_array_start = .
 *(.preinit_array)
                0x00000000000046d0                __preinit_array_end = .
                0x00000000000046d0                . = ALIGN (0x4)
                0x00000000000046d0                __init_array_start = .
 *(SORT(.init_array.*))
 .init_array.00000
                0x00000000000046d0        0x4 /usr/lib/gcc/arm-none-eabi/4.9.3/../../../arm-none-eabi/lib/armv7-m/libc.a(lib_a-__call_atexit.o)
 *(.init_array)
 .init_array    0x00000000000046d4        0x4 /usr/lib/gcc/arm-none-eabi/4.9.3/armv7-m/crtbegin.o
                0x00000000000046d8                __init_array_end = .
                0x00000000000046d8                . = ALIGN (0x4)
 *crtbegin.o(.ctors)
 *(EXCLUDE_FILE(*crtend.o) .ctors)
 *(SORT(.ctors.*))
 *crtend.o(.ctors)
                0x00000000000046d8                . = ALIGN (0x4)
 *(.fini)
 .fini          0x00000000000046d8        0x4 /usr/lib/gcc/arm-none-eabi/4.9.3/armv7-m/crti.o
                0x00000000000046d8                _fini
 .fini          0x00000000000046dc        0x8 /usr/lib/gcc/arm-none-eabi/4.9.3/armv7-m/crtn.o
                0x00000000000046e4                . = ALIGN (0x4)
                0x00000000000046e4                __fini_array_start = .
 *(.fini_array)
 .fini_array    0x00000000000046e4        0x4 /usr/lib/gcc/arm-none-eabi/4.9.3/armv7-m/crtbegin.o
 *(SORT(.fini_array.*))
                0x00000000000046e8                __fini_array_end = .
 *crtbegin.o(.dtors)
 *(EXCLUDE_FILE(*crtend.o) .dtors)
 *(SORT(.dtors.*))
 *crtend.o(.dtors)
                0x00000000000046e8                . = ALIGN (0x8)
                0x00000000000046e8                _etext = .

.glue_7         0x00000000000046e8        0x0
 .glue_7        0x00000000000046e8        0x0 linker stubs

.glue_7t        0x00000000000046e8        0x0
 .glue_7t       0x00000000000046e8        0x0 linker stubs

.vfp11_veneer   0x00000000000046e8        0x0
 .vfp11_veneer  0x00000000000046e8        0x0 linker stubs

.v4_bx          0x00000000000046e8        0x0
 .v4_bx         0x00000000000046e8        0x0 linker stubs

.iplt           0x00000000000046e8        0x0
 .iplt          0x00000000000046e8        0x0 /usr/lib/gcc/arm-none-eabi/4.9.3/armv7-m/crtbegin.o

.rel.dyn        0x00000000000046e8        0x0
 .rel.iplt      0x00000000000046e8        0x0 /usr/lib/gcc/arm-none-eabi/4.9.3/armv7-m/crtbegin.o

.ARM.extab
 *(.ARM.extab* .gnu.linkonce.armextab.*)
                0x00000000000046e8                __exidx_start = .

.ARM.exidx
 *(.ARM.exidx* .gnu.linkonce.armexidx.*)
                0x00000000000046e8                __exidx_end = .
                0x00000000000046e8                _etext = .

.persistent     0x0000000010000000       0x20
                0x0000000010000000                _persistent_start = .
                0x0000000010000020                . = (. + 0x20)
 *fill*         0x0000000010000000       0x20 
                0x0000000010000020                _persistent_end = .
                0x000000001000001c                bootloader_ctrl = (_persistent_start + 0x1c)

.data           0x0000000010000020      0x428 load address 0x00000000000046e8
                0x0000000010000020                _data = .
 *(vtable)
 *(.data*)
 .data.impure_data
                0x0000000010000020      0x428 /usr/lib/gcc/arm-none-eabi/4.9.3/../../../arm-none-eabi/lib/armv7-m/libc.a(lib_a-impure.o)
                0x0000000010000448                _edata = .

.jcr            0x0000000010000448        0x0 load address 0x0000000000004b10
 .jcr           0x0000000010000448        0x0 /usr/lib/gcc/arm-none-eabi/4.9.3/armv7-m/crtbegin.o

.tm_clone_table
                0x0000000010000448        0x0 load address 0x0000000000004b10
 .tm_clone_table
                0x0000000010000448        0x0 /usr/lib/gcc/arm-none-eabi/4.9.3/armv7-m/crtbegin.o
 .tm_clone_table
                0x0000000010000448        0x0 /usr/lib/gcc/arm-none-eabi/4.9.3/armv7-m/crtend.o

.igot.plt       0x0000000010000448        0x0 load address 0x0000000000004b10
 .igot.plt      0x0000000010000448        0x0 /usr/lib/gcc/arm-none-eabi/4.9.3/armv7-m/crtbegin.o

.bss            0x0000000010000448       0x20 load address 0x0000000000004b10
                0x0000000010000448                _bss = .
                0x0000000010000448                __bss_start__ = .
 *(.bss*)
 .bss           0x0000000010000448       0x1c /usr/lib/gcc/arm-none-eabi/4.9.3/armv7-m/crtbegin.o
 .bss           0x0000000010000464        0x4 ../common/ubertooth.o
 *(COMMON)
                0x0000000010000468                _ebss = .
                0x0000000010000468                __bss_end__ = .

.cr_heap        0x0000000010000468        0x0 load address 0x0000000000004b10
                0x0000000010000468                end = .
                0x0000000010000468                __end__ = .
                0x0000000010000468                _pvHeapStart = .
                0x0000000010003fe0                _StackTop = ((ORIGIN (ram) + LENGTH (ram)) - 0x20)
OUTPUT(cc2400_test.elf elf32-littlearm)

.ARM.attributes
                0x0000000000000000       0x29
 .ARM.attributes
                0x0000000000000000       0x1d /usr/lib/gcc/arm-none-eabi/4.9.3/armv7-m/crti.o
 .ARM.attributes
                0x000000000000001d       0x2d /usr/lib/gcc/arm-none-eabi/4.9.3/armv7-m/crtbegin.o
 .ARM.attributes
                0x000000000000004a       0x2d /usr/lib/gcc/arm-none-eabi/4.9.3/../../../arm-none-eabi/lib/armv7-m/libc.a(lib_a-atexit.o)
 .ARM.attributes
                0x0000000000000077       0x2d /usr/lib/gcc/arm-none-eabi/4.9.3/../../../arm-none-eabi/lib/armv7-m/libc.a(lib_a-fini.o)
 .ARM.attributes
                0x00000000000000a4       0x2d /usr/lib/gcc/arm-none-eabi/4.9.3/../../../arm-none-eabi/lib/armv7-m/libc.a(lib_a-impure.o)
 .ARM.attributes
                0x00000000000000d1       0x2d /usr/lib/gcc/arm-none-eabi/4.9.3/../../../arm-none-eabi/lib/armv7-m/libc.a(lib_a-init.o)
 .ARM.attributes
                0x00000000000000fe       0x2d /usr/lib/gcc/arm-none-eabi/4.9.3/../../../arm-none-eabi/lib/armv7-m/libc.a(lib_a-__atexit.o)
 .ARM.attributes
                0x000000000000012b       0x2d /usr/lib/gcc/arm-none-eabi/4.9.3/../../../arm-none-eabi/lib/armv7-m/libc.a(lib_a-__call_atexit.o)
 .ARM.attributes
                0x0000000000000158       0x33 cc2400_test.o
 .ARM.attributes
                0x000000000000018b       0x33 ../common/LPC17xx_Startup.o
 .ARM.attributes
                0x00000000000001be       0x33 ../common/LPC17xx_Interrupts.o
 .ARM.attributes
                0x00000000000001f1       0x33 ../common/ubertooth.o
 .ARM.attributes
                0x0000000000000224       0x2d /usr/lib/gcc/arm-none-eabi/4.9.3/armv7-m/crtend.o
 .ARM.attributes
                0x0000000000000251       0x1d /usr/lib/gcc/arm-none-eabi/4.9.3/armv7-m/crtn.o

.comment        0x0000000000000000       0x70
 .comment       0x0000000000000000       0x38 /usr/lib/gcc/arm-none-eabi/4.9.3/armv7-m/crtbegin.o
                                         0x39 (size before relaxing)
 .comment       0x0000000000000038       0x38 /usr/lib/gcc/arm-none-eabi/4.9.3/../../../arm-none-eabi/lib/armv7-m/libc.a(lib_a-atexit.o)
                                         0x39 (size before relaxing)
 .comment       0x0000000000000070       0x39 /usr/lib/gcc/arm-none-eabi/4.9.3/../../../arm-none-eabi/lib/armv7-m/libc.a(lib_a-fini.o)
 .comment       0x0000000000000070       0x39 /usr/lib/gcc/arm-none-eabi/4.9.3/../../../arm-none-eabi/lib/armv7-m/libc.a(lib_a-impure.o)
 .comment       0x0000000000000070       0x39 /usr/lib/gcc/arm-none-eabi/4.9.3/../../../arm-none-eabi/lib/armv7-m/libc.a(lib_a-init.o)
 .comment       0x0000000000000070       0x39 /usr/lib/gcc/arm-none-eabi/4.9.3/../../../arm-none-eabi/lib/armv7-m/libc.a(lib_a-__atexit.o)
 .comment       0x0000000000000070       0x39 /usr/lib/gcc/arm-none-eabi/4.9.3/../../../arm-none-eabi/lib/armv7-m/libc.a(lib_a-__call_atexit.o)
 .comment       0x0000000000000070       0x39 cc2400_test.o
 .comment       0x0000000000000070       0x39 ../common/LPC17xx_Startup.o
 .comment       0x0000000000000070       0x39 ../common/LPC17xx_Interrupts.o
 .comment       0x0000000000000070       0x39 ../common/ubertooth.o
 .comment       0x0000000000000070       0x39 /usr/lib/gcc/arm-none-eabi/4.9.3/armv7-m/crtend.o

.debug_info     0x0000000000000000     0x258c
 .debug_info    0x0000000000000000      0x10a /usr/lib/gcc/arm-none-eabi/4.9.3/../../../arm-none-eabi/lib/armv7-m/libc.a(lib_a-atexit.o)
 .debug_info    0x000000000000010a       0xef /usr/lib/gcc/arm-none-eabi/4.9.3/../../../arm-none-eabi/lib/armv7-m/libc.a(lib_a-fini.o)
 .debug_info    0x00000000000001f9      0x894 /usr/lib/gcc/arm-none-eabi/4.9.3/../../../arm-none-eabi/lib/armv7-m/libc.a(lib_a-impure.o)
 .debug_info    0x0000000000000a8d      0x105 /usr/lib/gcc/arm-none-eabi/4.9.3/../../../arm-none-eabi/lib/armv7-m/libc.a(lib_a-init.o)
 .debug_info    0x0000000000000b92      0x934 /usr/lib/gcc/arm-none-eabi/4.9.3/../../../arm-none-eabi/lib/armv7-m/libc.a(lib_a-__atexit.o)
 .debug_info    0x00000000000014c6      0x9a9 /usr/lib/gcc/arm-none-eabi/4.9.3/../../../arm-none-eabi/lib/armv7-m/libc.a(lib_a-__call_atexit.o)
 .debug_info    0x0000000000001e6f       0xd2 cc2400_test.o
 .debug_info    0x0000000000001f41       0xf1 ../common/LPC17xx_Startup.o
 .debug_info    0x0000000000002032       0x7d ../common/LPC17xx_Interrupts.o
 .debug_info    0x00000000000020af      0x4dd ../common/ubertooth.o

.debug_abbrev   0x0000000000000000      0xba1
 .debug_abbrev  0x0000000000000000       0xb8 /usr/lib/gcc/arm-none-eabi/4.9.3/../../../arm-none-eabi/lib/armv7-m/libc.a(lib_a-atexit.o)
 .debug_abbrev  0x00000000000000b8       0xbd /usr/lib/gcc/arm-none-eabi/4.9.3/../../../arm-none-eabi/lib/armv7-m/libc.a(lib_a-fini.o)
 .debug_abbrev  0x0000000000000175      0x180 /usr/lib/gcc/arm-none-eabi/4.9.3/../../../arm-none-eabi/lib/armv7-m/libc.a(lib_a-impure.o)
 .debug_abbrev  0x00000000000002f5       0xba /usr/lib/gcc/arm-none-eabi/4.9.3/../../../arm-none-eabi/lib/armv7-m/libc.a(lib_a-init.o)
 .debug_abbrev  0x00000000000003af      0x20f /usr/lib/gcc/arm-none-eabi/4.9.3/../../../arm-none-eabi/lib/armv7-m/libc.a(lib_a-__atexit.o)
 .debug_abbrev  0x00000000000005be      0x285 /usr/lib/gcc/arm-none-eabi/4.9.3/../../../arm-none-eabi/lib/armv7-m/libc.a(lib_a-__call_atexit.o)
 .debug_abbrev  0x0000000000000843       0x77 cc2400_test.o
 .debug_abbrev  0x00000000000008ba       0x89 ../common/LPC17xx_Startup.o
 .debug_abbrev  0x0000000000000943       0x80 ../common/LPC17xx_Interrupts.o
 .debug_abbrev  0x00000000000009c3      0x1de ../common/ubertooth.o

.debug_loc      0x0000000000000000      0x413
 .debug_loc     0x0000000000000000       0x2c /usr/lib/gcc/arm-none-eabi/4.9.3/../../../arm-none-eabi/lib/armv7-m/libc.a(lib_a-atexit.o)
 .debug_loc     0x000000000000002c       0x5c /usr/lib/gcc/arm-none-eabi/4.9.3/../../../arm-none-eabi/lib/armv7-m/libc.a(lib_a-fini.o)
 .debug_loc     0x0000000000000088       0xae /usr/lib/gcc/arm-none-eabi/4.9.3/../../../arm-none-eabi/lib/armv7-m/libc.a(lib_a-init.o)
 .debug_loc     0x0000000000000136      0x197 /usr/lib/gcc/arm-none-eabi/4.9.3/../../../arm-none-eabi/lib/armv7-m/libc.a(lib_a-__atexit.o)
 .debug_loc     0x00000000000002cd      0x146 /usr/lib/gcc/arm-none-eabi/4.9.3/../../../arm-none-eabi/lib/armv7-m/libc.a(lib_a-__call_atexit.o)

.debug_aranges  0x0000000000000000      0x200
 .debug_aranges
                0x0000000000000000       0x20 /usr/lib/gcc/arm-none-eabi/4.9.3/../../../arm-none-eabi/lib/armv7-m/libc.a(lib_a-atexit.o)
 .debug_aranges
                0x0000000000000020       0x20 /usr/lib/gcc/arm-none-eabi/4.9.3/../../../arm-none-eabi/lib/armv7-m/libc.a(lib_a-fini.o)
 .debug_aranges
                0x0000000000000040       0x18 /usr/lib/gcc/arm-none-eabi/4.9.3/../../../arm-none-eabi/lib/armv7-m/libc.a(lib_a-impure.o)
 .debug_aranges
                0x0000000000000058       0x20 /usr/lib/gcc/arm-none-eabi/4.9.3/../../../arm-none-eabi/lib/armv7-m/libc.a(lib_a-init.o)
 .debug_aranges
                0x0000000000000078       0x20 /usr/lib/gcc/arm-none-eabi/4.9.3/../../../arm-none-eabi/lib/armv7-m/libc.a(lib_a-__atexit.o)
 .debug_aranges
                0x0000000000000098       0x28 /usr/lib/gcc/arm-none-eabi/4.9.3/../../../arm-none-eabi/lib/armv7-m/libc.a(lib_a-__call_atexit.o)
 .debug_aranges
                0x00000000000000c0       0x20 cc2400_test.o
 .debug_aranges
                0x00000000000000e0       0x20 ../common/LPC17xx_Startup.o
 .debug_aranges
                0x0000000000000100       0x20 ../common/LPC17xx_Interrupts.o
 .debug_aranges
                0x0000000000000120       0xe0 ../common/ubertooth.o

.debug_ranges   0x0000000000000000      0x170
 .debug_ranges  0x0000000000000000       0x10 /usr/lib/gcc/arm-none-eabi/4.9.3/../../../arm-none-eabi/lib/armv7-m/libc.a(lib_a-atexit.o)
 .debug_ranges  0x0000000000000010       0x10 /usr/lib/gcc/arm-none-eabi/4.9.3/../../../arm-none-eabi/lib/armv7-m/libc.a(lib_a-fini.o)
 .debug_ranges  0x0000000000000020       0x10 /usr/lib/gcc/arm-none-eabi/4.9.3/../../../arm-none-eabi/lib/armv7-m/libc.a(lib_a-init.o)
 .debug_ranges  0x0000000000000030       0x10 /usr/lib/gcc/arm-none-eabi/4.9.3/../../../arm-none-eabi/lib/armv7-m/libc.a(lib_a-__atexit.o)
 .debug_ranges  0x0000000000000040       0x30 /usr/lib/gcc/arm-none-eabi/4.9.3/../../../arm-none-eabi/lib/armv7-m/libc.a(lib_a-__call_atexit.o)
 .debug_ranges  0x0000000000000070       0x10 cc2400_test.o
 .debug_ranges  0x0000000000000080       0x10 ../common/LPC17xx_Startup.o
 .debug_ranges  0x0000000000000090       0x10 ../common/LPC17xx_Interrupts.o
 .debug_ranges  0x00000000000000a0       0xd0 ../common/ubertooth.o

.debug_line     0x0000000000000000      0xba7
 .debug_line    0x0000000000000000       0xc1 /usr/lib/gcc/arm-none-eabi/4.9.3/../../../arm-none-eabi/lib/armv7-m/libc.a(lib_a-atexit.o)
 .debug_line    0x00000000000000c1       0x9c /usr/lib/gcc/arm-none-eabi/4.9.3/../../../arm-none-eabi/lib/armv7-m/libc.a(lib_a-fini.o)
 .debug_line    0x000000000000015d       0xf1 /usr/lib/gcc/arm-none-eabi/4.9.3/../../../arm-none-eabi/lib/armv7-m/libc.a(lib_a-impure.o)
 .debug_line    0x000000000000024e       0xb6 /usr/lib/gcc/arm-none-eabi/4.9.3/../../../arm-none-eabi/lib/armv7-m/libc.a(lib_a-init.o)
 .debug_line    0x0000000000000304      0x19c /usr/lib/gcc/arm-none-eabi/4.9.3/../../../arm-none-eabi/lib/armv7-m/libc.a(lib_a-__atexit.o)
 .debug_line    0x00000000000004a0      0x1c5 /usr/lib/gcc/arm-none-eabi/4.9.3/../../../arm-none-eabi/lib/armv7-m/libc.a(lib_a-__call_atexit.o)
 .debug_line    0x0000000000000665       0xa2 cc2400_test.o
 .debug_line    0x0000000000000707       0x98 ../common/LPC17xx_Startup.o
 .debug_line    0x000000000000079f       0x53 ../common/LPC17xx_Interrupts.o
 .debug_line    0x00000000000007f2      0x3b5 ../common/ubertooth.o

.debug_str      0x0000000000000000      0xbcf
 .debug_str     0x0000000000000000      0x1b8 /usr/lib/gcc/arm-none-eabi/4.9.3/../../../arm-none-eabi/lib/armv7-m/libc.a(lib_a-atexit.o)
                                        0x1f8 (size before relaxing)
 .debug_str     0x00000000000001b8       0xca /usr/lib/gcc/arm-none-eabi/4.9.3/../../../arm-none-eabi/lib/armv7-m/libc.a(lib_a-fini.o)
                                        0x1f0 (size before relaxing)
 .debug_str     0x0000000000000282      0x445 /usr/lib/gcc/arm-none-eabi/4.9.3/../../../arm-none-eabi/lib/armv7-m/libc.a(lib_a-impure.o)
                                        0x58c (size before relaxing)
 .debug_str     0x00000000000006c7       0x8a /usr/lib/gcc/arm-none-eabi/4.9.3/../../../arm-none-eabi/lib/armv7-m/libc.a(lib_a-init.o)
                                        0x21a (size before relaxing)
 .debug_str     0x0000000000000751       0x30 /usr/lib/gcc/arm-none-eabi/4.9.3/../../../arm-none-eabi/lib/armv7-m/libc.a(lib_a-__atexit.o)
                                        0x5d4 (size before relaxing)
 .debug_str     0x0000000000000781       0x86 /usr/lib/gcc/arm-none-eabi/4.9.3/../../../arm-none-eabi/lib/armv7-m/libc.a(lib_a-__call_atexit.o)
                                        0x5ec (size before relaxing)
 .debug_str     0x0000000000000807      0x169 cc2400_test.o
                                        0x1fb (size before relaxing)
 .debug_str     0x0000000000000970       0xa7 ../common/LPC17xx_Startup.o
                                        0x227 (size before relaxing)
 .debug_str     0x0000000000000a17       0x51 ../common/LPC17xx_Interrupts.o
                                        0x1a0 (size before relaxing)
 .debug_str     0x0000000000000a68      0x167 ../common/ubertooth.o
                                        0x362 (size before relaxing)

.debug_frame    0x0000000000000000      0x524
 .debug_frame   0x0000000000000000       0x20 /usr/lib/gcc/arm-none-eabi/4.9.3/../../../arm-none-eabi/lib/armv7-m/libc.a(lib_a-atexit.o)
 .debug_frame   0x0000000000000020       0x34 /usr/lib/gcc/arm-none-eabi/4.9.3/../../../arm-none-eabi/lib/armv7-m/libc.a(lib_a-fini.o)
 .debug_frame   0x0000000000000054       0x2c /usr/lib/gcc/arm-none-eabi/4.9.3/../../../arm-none-eabi/lib/armv7-m/libc.a(lib_a-init.o)
 .debug_frame   0x0000000000000080       0x34 /usr/lib/gcc/arm-none-eabi/4.9.3/../../../arm-none-eabi/lib/armv7-m/libc.a(lib_a-__atexit.o)
 .debug_frame   0x00000000000000b4       0x50 /usr/lib/gcc/arm-none-eabi/4.9.3/../../../arm-none-eabi/lib/armv7-m/libc.a(lib_a-__call_atexit.o)
 .debug_frame   0x0000000000000104       0x2c cc2400_test.o
 .debug_frame   0x0000000000000130       0x30 ../common/LPC17xx_Startup.o
 .debug_frame   0x0000000000000160       0x2c ../common/LPC17xx_Interrupts.o
 .debug_frame   0x000000000000018c      0x398 ../common/ubertooth.o
